2025-08-28 21:08:24,999 - INFO - Created 662 records
2025-08-28 21:08:25,005 - INFO - Created 80 records
2025-08-28 21:08:25,006 - INFO - ✅ Sequence assigned and saved with original index preserved.
2025-08-28 21:08:25,009 - INFO - Created 0 records
2025-08-28 21:08:25,030 - INFO - 🔄 Found 8 rings: ['R1', 'R1-C1', 'R2', 'R2-C1', 'R3', 'R3-C1', 'R4', 'R4-C1']
2025-08-28 21:08:25,030 - INFO - 
🔁 Processing ring: R1
2025-08-28 21:08:25,034 - INFO - ✅ Completed ring R1 with 8 spans.
2025-08-28 21:08:25,034 - INFO - 
🔁 Processing ring: R1-C1
2025-08-28 21:08:25,039 - INFO - ✅ Completed ring R1-C1 with 11 spans.
2025-08-28 21:08:25,039 - INFO - 
🔁 Processing ring: R2
2025-08-28 21:08:25,044 - INFO - ✅ Completed ring R2 with 12 spans.
2025-08-28 21:08:25,044 - INFO - 
🔁 Processing ring: R2-C1
2025-08-28 21:08:25,047 - INFO - ✅ Completed ring R2-C1 with 7 spans.
2025-08-28 21:08:25,047 - INFO - 
🔁 Processing ring: R3
2025-08-28 21:08:25,052 - INFO - ✅ Completed ring R3 with 11 spans.
2025-08-28 21:08:25,052 - INFO - 
🔁 Processing ring: R3-C1
2025-08-28 21:08:25,056 - INFO - ✅ Completed ring R3-C1 with 9 spans.
2025-08-28 21:08:25,056 - INFO - 
🔁 Processing ring: R4
2025-08-28 21:08:25,061 - INFO - ✅ Completed ring R4 with 11 spans.
2025-08-28 21:08:25,061 - INFO - 
🔁 Processing ring: R4-C1
2025-08-28 21:08:25,064 - INFO - ✅ Completed ring R4-C1 with 6 spans.
2025-08-28 21:08:25,086 - INFO - Created 662 records
2025-08-28 21:08:25,095 - INFO - Created 80 records
2025-08-28 21:08:25,096 - INFO - ✅ All rings processed. Span sequence updated and saved.
