2025-11-23 21:15:10,917 - INFO - Created 1,816 records
2025-11-23 21:15:10,939 - INFO - Created 64 records
2025-11-23 21:15:10,940 - INFO - ✅ Sequence assigned and saved with original index preserved.
2025-11-23 21:15:10,945 - INFO - Created 0 records
2025-11-23 21:15:10,996 - INFO - 🔄 Found 9 rings: ['R1', 'R1-C1', 'R1-C2', 'R2', 'R2-C1', 'R3', 'R3-C1', 'R4', 'R4-C1']
2025-11-23 21:15:10,996 - INFO - 
🔁 Processing ring: R1
2025-11-23 21:15:11,000 - INFO - ✅ Completed ring R1 with 8 spans.
2025-11-23 21:15:11,001 - INFO - 
🔁 Processing ring: R1-C1
2025-11-23 21:15:11,002 - INFO - ✅ Completed ring R1-C1 with 3 spans.
2025-11-23 21:15:11,002 - INFO - 
🔁 Processing ring: R1-C2
2025-11-23 21:15:11,005 - INFO - ✅ Completed ring R1-C2 with 6 spans.
2025-11-23 21:15:11,005 - INFO - 
🔁 Processing ring: R2
2025-11-23 21:15:11,010 - INFO - ✅ Completed ring R2 with 10 spans.
2025-11-23 21:15:11,010 - INFO - 
🔁 Processing ring: R2-C1
2025-11-23 21:15:11,014 - INFO - ✅ Completed ring R2-C1 with 7 spans.
2025-11-23 21:15:11,014 - INFO - 
🔁 Processing ring: R3
2025-11-23 21:15:11,019 - INFO - ✅ Completed ring R3 with 11 spans.
2025-11-23 21:15:11,019 - INFO - 
🔁 Processing ring: R3-C1
2025-11-23 21:15:11,021 - INFO - ✅ Completed ring R3-C1 with 4 spans.
2025-11-23 21:15:11,022 - INFO - 
🔁 Processing ring: R4
2025-11-23 21:15:11,026 - INFO - ✅ Completed ring R4 with 9 spans.
2025-11-23 21:15:11,026 - INFO - 
🔁 Processing ring: R4-C1
2025-11-23 21:15:11,028 - INFO - ✅ Completed ring R4-C1 with 4 spans.
2025-11-23 21:15:11,090 - INFO - Created 1,816 records
2025-11-23 21:15:11,109 - INFO - Created 64 records
2025-11-23 21:15:11,109 - INFO - ✅ All rings processed. Span sequence updated and saved.
