2025-08-29 12:54:28,190 - WARNING - \u26a0\ufe0f Warning: Disconnected segment remains in span 'ATARSUMA TO BHAGAWA'.
2025-08-29 12:54:28,190 - WARNING - \u26a0\ufe0f The Span ATARSUMA TO BHAGAWA is disconnected at this point (74.61203100000006, 22.123346000000026)
2025-08-29 12:54:28,212 - WARNING - \u26a0\ufe0f Warning: Disconnected segment remains in span 'BABLI KHURD TO REBARDA'.
2025-08-29 12:54:28,212 - WARNING - \u26a0\ufe0f The Span BABLI KHURD TO REBARDA is disconnected at this point (74.66799421400003, 22.161908397000047)
2025-08-29 12:54:28,231 - WARNING - \u26a0\ufe0f Warning: Disconnected segment remains in span 'BADWANYA TO THANDALA'.
2025-08-29 12:54:28,231 - WARNING - \u26a0\ufe0f The Span BADWANYA TO THANDALA is disconnected at this point (74.67037455800005, 22.13022836700003)
2025-08-29 12:54:28,255 - WARNING - \u26a0\ufe0f Warning: Disconnected segment remains in span 'BHAGAWA TO DAHI BLOCK'.
2025-08-29 12:54:28,255 - WARNING - \u26a0\ufe0f The Span BHAGAWA TO DAHI BLOCK is disconnected at this point (74.58572600000008, 22.114626000000044)
2025-08-29 12:54:28,342 - WARNING - \u26a0\ufe0f Warning: Disconnected segment remains in span 'DAHI BLOCK TO BABLI KHURD'.
2025-08-29 12:54:28,342 - WARNING - \u26a0\ufe0f The Span DAHI BLOCK TO BABLI KHURD is disconnected at this point (74.60067411000006, 22.130309837000027)
2025-08-29 12:54:28,998 - WARNING - \u26a0\ufe0f Warning: Disconnected segment remains in span 'REBARDA TO BADWANYA'.
2025-08-29 12:54:28,999 - WARNING - \u26a0\ufe0f The Span REBARDA TO BADWANYA is disconnected at this point (74.67817378700005, 22.158497241000077)
2025-08-29 12:54:29,068 - WARNING - \u26a0\ufe0f Warning: Disconnected segment remains in span 'T-POINT BABLI KHURD TO NARJHALI'.
2025-08-29 12:54:29,068 - WARNING - \u26a0\ufe0f The Span T-POINT BABLI KHURD TO NARJHALI is disconnected at this point (74.60401149500007, 22.139300757000058)
2025-08-29 12:54:29,313 - WARNING - \u26a0\ufe0f Warning: Disconnected segment remains in span 'THANDALA TO ATARSUMA'.
2025-08-29 12:54:29,313 - WARNING - \u26a0\ufe0f The Span THANDALA TO ATARSUMA is disconnected at this point (74.64498196600005, 22.126608443000066)
2025-08-29 12:54:29,412 - INFO - Created 836 records
2025-08-29 12:54:29,424 - INFO - Created 50 records
2025-08-29 12:54:29,425 - INFO - \u2705 Sequence assigned and saved with original index preserved.
2025-08-29 12:54:29,433 - INFO - Created 8 records
2025-08-29 12:54:29,527 - INFO - \U0001f504 Found 5 rings: ['R1', 'R2', 'R2_C1', 'R3', 'R3_C1']
2025-08-29 12:54:29,527 - INFO - 
\U0001f501 Processing ring: R1
2025-08-29 12:54:29,540 - INFO - \u2705 Completed ring R1 with 17 spans.
2025-08-29 12:54:29,540 - INFO - 
\U0001f501 Processing ring: R2
2025-08-29 12:54:29,546 - INFO - \u2705 Completed ring R2 with 7 spans.
2025-08-29 12:54:29,546 - INFO - 
\U0001f501 Processing ring: R2_C1
2025-08-29 12:54:29,550 - INFO - \u2705 Completed ring R2_C1 with 4 spans.
2025-08-29 12:54:29,550 - INFO - 
\U0001f501 Processing ring: R3
2025-08-29 12:54:29,552 - INFO - \u2705 Completed ring R3 with 0 spans.
2025-08-29 12:54:29,552 - INFO - 
\U0001f501 Processing ring: R3_C1
2025-08-29 12:54:29,554 - INFO - \u2705 Completed ring R3_C1 with 3 spans.
2025-08-29 12:54:29,601 - INFO - Created 836 records
2025-08-29 12:54:29,609 - INFO - Created 50 records
2025-08-29 12:54:29,609 - INFO - \u2705 All rings processed. Span sequence updated and saved.
