2025-08-23 19:50:29,321 - INFO - Created 813 records
2025-08-23 19:50:29,327 - INFO - Created 43 records
2025-08-23 19:50:29,327 - INFO - ✅ Sequence assigned and saved with original index preserved.
2025-08-23 19:50:29,330 - INFO - Created 0 records
2025-08-23 19:50:29,354 - INFO - 🔄 Found 5 rings: ['R1', 'R1-C1', 'R2', 'R3', 'R3-C1']
2025-08-23 19:50:29,354 - INFO - 
🔁 Processing ring: R1
2025-08-23 19:50:29,358 - INFO - ✅ Completed ring R1 with 8 spans.
2025-08-23 19:50:29,358 - INFO - 
🔁 Processing ring: R1-C1
2025-08-23 19:50:29,360 - INFO - ✅ Completed ring R1-C1 with 4 spans.
2025-08-23 19:50:29,360 - INFO - 
🔁 Processing ring: R2
2025-08-23 19:50:29,364 - INFO - ✅ Completed ring R2 with 8 spans.
2025-08-23 19:50:29,364 - INFO - 
🔁 Processing ring: R3
2025-08-23 19:50:29,368 - INFO - ✅ Completed ring R3 with 9 spans.
2025-08-23 19:50:29,368 - INFO - 
🔁 Processing ring: R3-C1
2025-08-23 19:50:29,369 - INFO - ✅ Completed ring R3-C1 with 0 spans.
2025-08-23 19:50:29,395 - INFO - Created 813 records
2025-08-23 19:50:29,400 - INFO - Created 43 records
2025-08-23 19:50:29,400 - INFO - ✅ All rings processed. Span sequence updated and saved.
