2025-11-23 20:11:57,099 - WARNING - ⚠️ Warning: Disconnected segment remains in span 'JAMUNIAKALAN TO NEEMUCH BLOCK'.
2025-11-23 20:11:57,100 - WARNING - ⚠️ The Span JAMUNIAKALAN TO NEEMUCH BLOCK is disconnected at this point (74.86450369800008, 24.467305602000067)
2025-11-23 20:11:57,369 - ERROR - ❌ Error in get_start_end_coords: Unsupported geometry type: <class 'NoneType'>
2025-11-23 20:11:57,370 - ERROR - ❌ Error in get_start_end_coords: Unsupported geometry type: <class 'NoneType'>
2025-11-23 20:11:57,375 - WARNING - ⚠️ Warning: Disconnected segment remains in span 'KUCHHOD TO PHOPHLIYA'.
2025-11-23 20:11:57,375 - WARNING - ⚠️ The Span KUCHHOD TO PHOPHLIYA is disconnected at this point (74.92306386379525, 24.24588017754067)
2025-11-23 20:11:57,496 - WARNING - ⚠️ Warning: Disconnected segment remains in span 'NEEMUCH BLOCK TO BHATKHEDA'.
2025-11-23 20:11:57,496 - WARNING - ⚠️ The Span NEEMUCH BLOCK TO BHATKHEDA is disconnected at this point (74.89035328600005, 24.45344153600007)
2025-11-23 20:11:58,166 - INFO - Created 1,817 records
2025-11-23 20:11:58,177 - INFO - Created 65 records
2025-11-23 20:11:58,178 - INFO - ✅ Sequence assigned and saved with original index preserved.
2025-11-23 20:11:58,179 - INFO - Created 3 records
2025-11-23 20:11:58,230 - INFO - 🔄 Found 9 rings: ['R1', 'R1-C1', 'R1-C2', 'R2', 'R2-C1', 'R3', 'R3-C1', 'R4', 'R4-C1']
2025-11-23 20:11:58,230 - INFO - 
🔁 Processing ring: R1
2025-11-23 20:11:58,234 - INFO - ✅ Completed ring R1 with 8 spans.
2025-11-23 20:11:58,234 - INFO - 
🔁 Processing ring: R1-C1
2025-11-23 20:11:58,235 - INFO - ✅ Completed ring R1-C1 with 3 spans.
2025-11-23 20:11:58,235 - INFO - 
🔁 Processing ring: R1-C2
2025-11-23 20:11:58,238 - INFO - ✅ Completed ring R1-C2 with 6 spans.
2025-11-23 20:11:58,238 - INFO - 
🔁 Processing ring: R2
2025-11-23 20:11:58,243 - INFO - ✅ Completed ring R2 with 10 spans.
2025-11-23 20:11:58,243 - INFO - 
🔁 Processing ring: R2-C1
2025-11-23 20:11:58,246 - INFO - ✅ Completed ring R2-C1 with 7 spans.
2025-11-23 20:11:58,246 - INFO - 
🔁 Processing ring: R3
2025-11-23 20:11:58,250 - INFO - ✅ Completed ring R3 with 11 spans.
2025-11-23 20:11:58,251 - INFO - 
🔁 Processing ring: R3-C1
2025-11-23 20:11:58,252 - INFO - ✅ Completed ring R3-C1 with 4 spans.
2025-11-23 20:11:58,252 - INFO - 
🔁 Processing ring: R4
2025-11-23 20:11:58,254 - INFO - ✅ Completed ring R4 with 1 spans.
2025-11-23 20:11:58,254 - INFO - 
🔁 Processing ring: R4-C1
2025-11-23 20:11:58,256 - INFO - ✅ Completed ring R4-C1 with 5 spans.
2025-11-23 20:11:58,312 - INFO - Created 1,817 records
2025-11-23 20:11:58,327 - INFO - Created 65 records
2025-11-23 20:11:58,328 - INFO - ✅ All rings processed. Span sequence updated and saved.
