2025-12-09 17:10:34,918 - WARNING - \u26a0\ufe0f Warning: Disconnected segment remains in span 'BERCHA TO T-POINT MALIKHEDI'.
2025-12-09 17:10:34,919 - WARNING - \u26a0\ufe0f The Span BERCHA TO T-POINT MALIKHEDI is disconnected at this point (76.33263803800008, 23.287990698000044)
2025-12-09 17:10:35,195 - WARNING - \u26a0\ufe0f Warning: Disconnected segment remains in span 'DHARAKHEDI TO MULLAKHEDI'.
2025-12-09 17:10:35,195 - WARNING - \u26a0\ufe0f The Span DHARAKHEDI TO MULLAKHEDI is disconnected at this point (76.30380600900008, 23.370756131000064)
2025-12-09 17:10:36,061 - WARNING -  \u26a0\ufe0f The Geometry is multiline string starting at (76.50036072400007, 23.281025579000072) & ending at (76.50041914500008, 23.281027578000078)
2025-12-09 17:10:36,062 - WARNING -  \u26a0\ufe0f The Geometry is multiline string starting at (76.50036072400007, 23.281025579000072) & ending at (76.50041914500008, 23.281027578000078)
2025-12-09 17:10:36,069 - WARNING - \u26a0\ufe0f Warning: Disconnected segment remains in span 'MAKODI TO SAKHEDI'.
2025-12-09 17:10:36,069 - WARNING - \u26a0\ufe0f The Span MAKODI TO SAKHEDI is disconnected at this point (76.50364211000004, 23.28112825200003)
2025-12-09 17:10:36,826 - WARNING - \u26a0\ufe0f Warning: Disconnected segment remains in span 'RIGNIKHEDA - SHAJAPUR BLOCK'.
2025-12-09 17:10:36,826 - WARNING - \u26a0\ufe0f The Span RIGNIKHEDA - SHAJAPUR BLOCK is disconnected at this point (76.35908797200005, 23.37541210300003)
2025-12-09 17:10:36,894 - WARNING - \u26a0\ufe0f Warning: Disconnected segment remains in span 'RIGNIKHEDA TO SHAJAPUR BLOCK'.
2025-12-09 17:10:36,894 - WARNING - \u26a0\ufe0f The Span RIGNIKHEDA TO SHAJAPUR BLOCK is disconnected at this point (76.35976834600007, 23.375512281000056)
2025-12-09 17:10:37,717 - WARNING - \u26a0\ufe0f Warning: Disconnected segment remains in span 'SHAJAPUR BLOCK TO BAMORI'.
2025-12-09 17:10:37,717 - WARNING - \u26a0\ufe0f The Span SHAJAPUR BLOCK TO BAMORI is disconnected at this point (76.35477990000004, 23.428386300000057)
2025-12-09 17:10:38,647 - WARNING - \u26a0\ufe0f Warning: Disconnected segment remains in span 'T-POINT PADLI TO CHOSLA MUSLMAN'.
2025-12-09 17:10:38,648 - WARNING - \u26a0\ufe0f The Span T-POINT PADLI TO CHOSLA MUSLMAN is disconnected at this point (76.43541359900007, 23.340548053000077)
2025-12-09 17:10:39,133 - INFO - Created 2,367 records
2025-12-09 17:10:39,144 - INFO - Created 105 records
2025-12-09 17:10:39,145 - INFO - \u2705 Sequence assigned and saved with original index preserved.
2025-12-09 17:10:39,151 - INFO - Created 7 records
2025-12-09 17:10:39,317 - INFO - \U0001f504 Found 11 rings: ['R1', 'R2', 'R2-C1', 'R3', 'R4', 'R4-C1', 'R5', 'R6', 'R6-C1', 'R7', 'R7-C1']
2025-12-09 17:10:39,318 - INFO - 
\U0001f501 Processing ring: R1
2025-12-09 17:10:39,322 - INFO - \u2705 Completed ring R1 with 3 spans.
2025-12-09 17:10:39,322 - INFO - 
\U0001f501 Processing ring: R2
2025-12-09 17:10:39,330 - INFO - \u2705 Completed ring R2 with 8 spans.
2025-12-09 17:10:39,330 - INFO - 
\U0001f501 Processing ring: R2-C1
2025-12-09 17:10:39,336 - INFO - \u2705 Completed ring R2-C1 with 7 spans.
2025-12-09 17:10:39,336 - INFO - 
\U0001f501 Processing ring: R3
2025-12-09 17:10:39,343 - INFO - \u2705 Completed ring R3 with 8 spans.
2025-12-09 17:10:39,344 - INFO - 
\U0001f501 Processing ring: R4
2025-12-09 17:10:39,349 - INFO - \u2705 Completed ring R4 with 5 spans.
2025-12-09 17:10:39,350 - INFO - 
\U0001f501 Processing ring: R4-C1
2025-12-09 17:10:39,359 - INFO - \u2705 Completed ring R4-C1 with 8 spans.
2025-12-09 17:10:39,359 - INFO - 
\U0001f501 Processing ring: R5
2025-12-09 17:10:39,370 - INFO - \u2705 Completed ring R5 with 9 spans.
2025-12-09 17:10:39,370 - INFO - 
\U0001f501 Processing ring: R6
2025-12-09 17:10:39,379 - INFO - \u2705 Completed ring R6 with 9 spans.
2025-12-09 17:10:39,380 - INFO - 
\U0001f501 Processing ring: R6-C1
2025-12-09 17:10:39,389 - INFO - \u2705 Completed ring R6-C1 with 8 spans.
2025-12-09 17:10:39,389 - INFO - 
\U0001f501 Processing ring: R7
2025-12-09 17:10:39,401 - INFO - \u2705 Completed ring R7 with 11 spans.
2025-12-09 17:10:39,401 - INFO - 
\U0001f501 Processing ring: R7-C1
2025-12-09 17:10:39,409 - INFO - \u2705 Completed ring R7-C1 with 4 spans.
2025-12-09 17:10:39,569 - INFO - Created 2,367 records
2025-12-09 17:10:39,584 - INFO - Created 105 records
2025-12-09 17:10:39,586 - INFO - \u2705 All rings processed. Span sequence updated and saved.
