2025-11-23 20:59:02,948 - ERROR - ❌ Error in get_start_end_coords: Unsupported geometry type: <class 'NoneType'>
2025-11-23 20:59:02,949 - ERROR - ❌ Error in get_start_end_coords: Unsupported geometry type: <class 'NoneType'>
2025-11-23 20:59:02,957 - WARNING - ⚠️ Warning: Disconnected segment remains in span 'KUCHHOD TO PHOPHLIYA'.
2025-11-23 20:59:02,957 - WARNING - ⚠️ The Span KUCHHOD TO PHOPHLIYA is disconnected at this point (74.89173790500007, 24.240846688000033)
2025-11-23 20:59:03,757 - INFO - Created 1,817 records
2025-11-23 20:59:03,764 - INFO - Created 65 records
2025-11-23 20:59:03,764 - INFO - ✅ Sequence assigned and saved with original index preserved.
2025-11-23 20:59:03,766 - INFO - Created 1 records
2025-11-23 20:59:03,817 - INFO - 🔄 Found 9 rings: ['R1', 'R1-C1', 'R1-C2', 'R2', 'R2-C1', 'R3', 'R3-C1', 'R4', 'R4-C1']
2025-11-23 20:59:03,818 - INFO - 
🔁 Processing ring: R1
2025-11-23 20:59:03,821 - INFO - ✅ Completed ring R1 with 8 spans.
2025-11-23 20:59:03,821 - INFO - 
🔁 Processing ring: R1-C1
2025-11-23 20:59:03,823 - INFO - ✅ Completed ring R1-C1 with 3 spans.
2025-11-23 20:59:03,823 - INFO - 
🔁 Processing ring: R1-C2
2025-11-23 20:59:03,826 - INFO - ✅ Completed ring R1-C2 with 6 spans.
2025-11-23 20:59:03,826 - INFO - 
🔁 Processing ring: R2
2025-11-23 20:59:03,830 - INFO - ✅ Completed ring R2 with 10 spans.
2025-11-23 20:59:03,830 - INFO - 
🔁 Processing ring: R2-C1
2025-11-23 20:59:03,833 - INFO - ✅ Completed ring R2-C1 with 7 spans.
2025-11-23 20:59:03,833 - INFO - 
🔁 Processing ring: R3
2025-11-23 20:59:03,838 - INFO - ✅ Completed ring R3 with 11 spans.
2025-11-23 20:59:03,838 - INFO - 
🔁 Processing ring: R3-C1
2025-11-23 20:59:03,840 - INFO - ✅ Completed ring R3-C1 with 4 spans.
2025-11-23 20:59:03,840 - INFO - 
🔁 Processing ring: R4
2025-11-23 20:59:03,844 - INFO - ✅ Completed ring R4 with 9 spans.
2025-11-23 20:59:03,844 - INFO - 
🔁 Processing ring: R4-C1
2025-11-23 20:59:03,846 - INFO - ✅ Completed ring R4-C1 with 5 spans.
2025-11-23 20:59:03,907 - INFO - Created 1,817 records
2025-11-23 20:59:03,914 - INFO - Created 65 records
2025-11-23 20:59:03,914 - INFO - ✅ All rings processed. Span sequence updated and saved.
