2025-09-04 00:04:03,821 - INFO - Created 1,362 records
2025-09-04 00:04:03,828 - INFO - Created 85 records
2025-09-04 00:04:03,829 - INFO - ✅ Sequence assigned and saved with original index preserved.
2025-09-04 00:04:03,833 - INFO - Created 0 records
2025-09-04 00:04:03,874 - INFO - 🔄 Found 7 rings: ['R1', 'R2', 'R3', 'R3-C1', 'R4', 'R5', 'R5-C1']
2025-09-04 00:04:03,874 - INFO - 
🔁 Processing ring: R1
2025-09-04 00:04:03,879 - INFO - ✅ Completed ring R1 with 10 spans.
2025-09-04 00:04:03,879 - INFO - 
🔁 Processing ring: R2
2025-09-04 00:04:03,884 - INFO - ✅ Completed ring R2 with 11 spans.
2025-09-04 00:04:03,884 - INFO - 
🔁 Processing ring: R3
2025-09-04 00:04:03,893 - INFO - ✅ Completed ring R3 with 20 spans.
2025-09-04 00:04:03,893 - INFO - 
🔁 Processing ring: R3-C1
2025-09-04 00:04:03,897 - INFO - ✅ Completed ring R3-C1 with 8 spans.
2025-09-04 00:04:03,897 - INFO - 
🔁 Processing ring: R4
2025-09-04 00:04:03,901 - INFO - ✅ Completed ring R4 with 9 spans.
2025-09-04 00:04:03,901 - INFO - 
🔁 Processing ring: R5
2025-09-04 00:04:03,906 - INFO - ✅ Completed ring R5 with 11 spans.
2025-09-04 00:04:03,906 - INFO - 
🔁 Processing ring: R5-C1
2025-09-04 00:04:03,911 - INFO - ✅ Completed ring R5-C1 with 10 spans.
2025-09-04 00:04:03,957 - INFO - Created 1,362 records
2025-09-04 00:04:03,963 - INFO - Created 85 records
2025-09-04 00:04:03,963 - INFO - ✅ All rings processed. Span sequence updated and saved.
