2025-08-19 14:15:24,315 - INFO - Created 1,125 records
2025-08-19 14:15:24,324 - INFO - Created 63 records
2025-08-19 14:15:24,324 - INFO - \u2705 Sequence assigned and saved with original index preserved.
2025-08-19 14:15:24,349 - INFO - Created 0 records
2025-08-19 14:15:24,463 - INFO - \U0001f504 Found 8 rings: ['R1', 'R1-C1', 'R2', 'R2-C1', 'R3', 'R3-C1', 'R4', 'R4-C1']
2025-08-19 14:15:24,463 - INFO - 
\U0001f501 Processing ring: R1
2025-08-19 14:15:24,472 - INFO - \u2705 Completed ring R1 with 9 spans.
2025-08-19 14:15:24,472 - INFO - 
\U0001f501 Processing ring: R1-C1
2025-08-19 14:15:24,480 - INFO - \u2705 Completed ring R1-C1 with 6 spans.
2025-08-19 14:15:24,480 - INFO - 
\U0001f501 Processing ring: R2
2025-08-19 14:15:24,489 - INFO - \u2705 Completed ring R2 with 10 spans.
2025-08-19 14:15:24,489 - INFO - 
\U0001f501 Processing ring: R2-C1
2025-08-19 14:15:24,496 - INFO - \u2705 Completed ring R2-C1 with 6 spans.
2025-08-19 14:15:24,496 - INFO - 
\U0001f501 Processing ring: R3
2025-08-19 14:15:24,506 - INFO - \u2705 Completed ring R3 with 11 spans.
2025-08-19 14:15:24,506 - INFO - 
\U0001f501 Processing ring: R3-C1
2025-08-19 14:15:24,511 - INFO - \u2705 Completed ring R3-C1 with 4 spans.
2025-08-19 14:15:24,511 - INFO - 
\U0001f501 Processing ring: R4
2025-08-19 14:15:24,521 - INFO - \u2705 Completed ring R4 with 10 spans.
2025-08-19 14:15:24,521 - INFO - 
\U0001f501 Processing ring: R4-C1
2025-08-19 14:15:24,523 - INFO - \u2705 Completed ring R4-C1 with 0 spans.
2025-08-19 14:15:24,608 - INFO - Created 1,125 records
2025-08-19 14:15:24,618 - INFO - Created 63 records
2025-08-19 14:15:24,620 - INFO - \u2705 All rings processed. Span sequence updated and saved.
