2025-08-29 13:03:42,150 - WARNING - \u26a0\ufe0f Warning: Disconnected segment remains in span 'ATARSUMA TO BHAGAWA'.
2025-08-29 13:03:42,150 - WARNING - \u26a0\ufe0f The Span ATARSUMA TO BHAGAWA is disconnected at this point (74.61203100000006, 22.123346000000026)
2025-08-29 13:03:42,175 - WARNING - \u26a0\ufe0f Warning: Disconnected segment remains in span 'BABLI KHURD TO REBARDA'.
2025-08-29 13:03:42,175 - WARNING - \u26a0\ufe0f The Span BABLI KHURD TO REBARDA is disconnected at this point (74.67724800000008, 22.156962000000078)
2025-08-29 13:03:42,199 - WARNING - \u26a0\ufe0f Warning: Disconnected segment remains in span 'BADWANYA TO THANDALA'.
2025-08-29 13:03:42,199 - WARNING - \u26a0\ufe0f The Span BADWANYA TO THANDALA is disconnected at this point (74.65961300000004, 22.129077000000052)
2025-08-29 13:03:42,223 - WARNING - \u26a0\ufe0f Warning: Disconnected segment remains in span 'BHAGAWA TO DAHI BLOCK'.
2025-08-29 13:03:42,223 - WARNING - \u26a0\ufe0f The Span BHAGAWA TO DAHI BLOCK is disconnected at this point (74.58572600000008, 22.114626000000044)
2025-08-29 13:03:42,321 - WARNING - \u26a0\ufe0f Warning: Disconnected segment remains in span 'DAHI BLOCK TO BABLI KHURD'.
2025-08-29 13:03:42,321 - WARNING - \u26a0\ufe0f The Span DAHI BLOCK TO BABLI KHURD is disconnected at this point (74.62837394500008, 22.15475082100005)
2025-08-29 13:03:42,983 - WARNING - \u26a0\ufe0f Warning: Disconnected segment remains in span 'REBARDA TO BADWANYA'.
2025-08-29 13:03:42,983 - WARNING - \u26a0\ufe0f The Span REBARDA TO BADWANYA is disconnected at this point (74.68012553500006, 22.160020839000026)
2025-08-29 13:03:43,371 - INFO - Created 836 records
2025-08-29 13:03:43,377 - INFO - Created 49 records
2025-08-29 13:03:43,378 - INFO - \u2705 Sequence assigned and saved with original index preserved.
2025-08-29 13:03:43,382 - INFO - Created 6 records
2025-08-29 13:03:43,501 - INFO - \U0001f504 Found 5 rings: ['R1', 'R2', 'R2_C1', 'R3', 'R3_C1']
2025-08-29 13:03:43,501 - INFO - 
\U0001f501 Processing ring: R1
2025-08-29 13:03:43,514 - INFO - \u2705 Completed ring R1 with 17 spans.
2025-08-29 13:03:43,514 - INFO - 
\U0001f501 Processing ring: R2
2025-08-29 13:03:43,520 - INFO - \u2705 Completed ring R2 with 7 spans.
2025-08-29 13:03:43,520 - INFO - 
\U0001f501 Processing ring: R2_C1
2025-08-29 13:03:43,524 - INFO - \u2705 Completed ring R2_C1 with 4 spans.
2025-08-29 13:03:43,524 - INFO - 
\U0001f501 Processing ring: R3
2025-08-29 13:03:43,525 - INFO - \u2705 Completed ring R3 with 0 spans.
2025-08-29 13:03:43,525 - INFO - 
\U0001f501 Processing ring: R3_C1
2025-08-29 13:03:43,528 - INFO - \u2705 Completed ring R3_C1 with 3 spans.
2025-08-29 13:03:43,574 - INFO - Created 836 records
2025-08-29 13:03:43,580 - INFO - Created 49 records
2025-08-29 13:03:43,580 - INFO - \u2705 All rings processed. Span sequence updated and saved.
