2025-09-25 22:29:03,801 - INFO - Created 2,160 records
2025-09-25 22:29:03,811 - INFO - Created 69 records
2025-09-25 22:29:03,812 - INFO - ✅ Sequence assigned and saved with original index preserved.
2025-09-25 22:29:03,815 - INFO - Created 0 records
2025-09-25 22:29:03,877 - INFO - 🔄 Found 9 rings: ['R1', 'R1-C1', 'R1-C2', 'R2', 'R2-C1', 'R2-C2', 'R3', 'R4', 'R4-C1']
2025-09-25 22:29:03,877 - INFO - 
🔁 Processing ring: R1
2025-09-25 22:29:03,882 - INFO - ✅ Completed ring R1 with 9 spans.
2025-09-25 22:29:03,882 - INFO - 
🔁 Processing ring: R1-C1
2025-09-25 22:29:03,885 - INFO - ✅ Completed ring R1-C1 with 6 spans.
2025-09-25 22:29:03,885 - INFO - 
🔁 Processing ring: R1-C2
2025-09-25 22:29:03,887 - INFO - ✅ Completed ring R1-C2 with 4 spans.
2025-09-25 22:29:03,887 - INFO - 
🔁 Processing ring: R2
2025-09-25 22:29:03,891 - INFO - ✅ Completed ring R2 with 8 spans.
2025-09-25 22:29:03,891 - INFO - 
🔁 Processing ring: R2-C1
2025-09-25 22:29:03,894 - INFO - ✅ Completed ring R2-C1 with 7 spans.
2025-09-25 22:29:03,895 - INFO - 
🔁 Processing ring: R2-C2
2025-09-25 22:29:03,898 - INFO - ✅ Completed ring R2-C2 with 7 spans.
2025-09-25 22:29:03,898 - INFO - 
🔁 Processing ring: R3
2025-09-25 22:29:03,902 - INFO - ✅ Completed ring R3 with 11 spans.
2025-09-25 22:29:03,903 - INFO - 
🔁 Processing ring: R4
2025-09-25 22:29:03,907 - INFO - ✅ Completed ring R4 with 9 spans.
2025-09-25 22:29:03,907 - INFO - 
🔁 Processing ring: R4-C1
2025-09-25 22:29:03,909 - INFO - ✅ Completed ring R4-C1 with 3 spans.
2025-09-25 22:29:03,982 - INFO - Created 2,160 records
2025-09-25 22:29:03,990 - INFO - Created 69 records
2025-09-25 22:29:03,991 - INFO - ✅ All rings processed. Span sequence updated and saved.
