2025-08-28 13:35:55,149 - WARNING - \u26a0\ufe0f Warning: Disconnected segment remains in span 'BIJUR TO BADCHHAPRA GP'.
2025-08-28 13:35:55,149 - WARNING - \u26a0\ufe0f The Span BIJUR TO BADCHHAPRA GP is disconnected at this point (75.49848300000008, 22.721827000000076)
2025-08-28 13:35:56,030 - WARNING - \u26a0\ufe0f Warning: Disconnected segment remains in span 'KOT BHITODA TO LOHARI BUJURG'.
2025-08-28 13:35:56,030 - WARNING - \u26a0\ufe0f The Span KOT BHITODA TO LOHARI BUJURG is disconnected at this point (75.40258500000004, 22.699622000000033)
2025-08-28 13:35:57,077 - WARNING - \u26a0\ufe0f Warning: Disconnected segment remains in span 'T-Point BIJUR TO NEKPUR GP'.
2025-08-28 13:35:57,077 - WARNING - \u26a0\ufe0f The Span T-Point BIJUR TO NEKPUR GP is disconnected at this point (75.47737300000006, 22.70967500000006)
2025-08-28 13:35:57,374 - INFO - Created 1,575 records
2025-08-28 13:35:57,386 - INFO - Created 75 records
2025-08-28 13:35:57,386 - INFO - \u2705 Sequence assigned and saved with original index preserved.
2025-08-28 13:35:57,396 - INFO - Created 3 records
2025-08-28 13:35:57,506 - INFO - \U0001f504 Found 7 rings: ['R1', 'R1-C1', 'R2', 'R2-C1', 'R3', 'R3-C1', 'R4']
2025-08-28 13:35:57,506 - INFO - 
\U0001f501 Processing ring: R1
2025-08-28 13:35:57,515 - INFO - \u2705 Completed ring R1 with 11 spans.
2025-08-28 13:35:57,515 - INFO - 
\U0001f501 Processing ring: R1-C1
2025-08-28 13:35:57,522 - INFO - \u2705 Completed ring R1-C1 with 9 spans.
2025-08-28 13:35:57,522 - INFO - 
\U0001f501 Processing ring: R2
2025-08-28 13:35:57,530 - INFO - \u2705 Completed ring R2 with 11 spans.
2025-08-28 13:35:57,530 - INFO - 
\U0001f501 Processing ring: R2-C1
2025-08-28 13:35:57,537 - INFO - \u2705 Completed ring R2-C1 with 8 spans.
2025-08-28 13:35:57,537 - INFO - 
\U0001f501 Processing ring: R3
2025-08-28 13:35:57,542 - INFO - \u2705 Completed ring R3 with 5 spans.
2025-08-28 13:35:57,542 - INFO - 
\U0001f501 Processing ring: R3-C1
2025-08-28 13:35:57,548 - INFO - \u2705 Completed ring R3-C1 with 8 spans.
2025-08-28 13:35:57,548 - INFO - 
\U0001f501 Processing ring: R4
2025-08-28 13:35:57,558 - INFO - \u2705 Completed ring R4 with 14 spans.
2025-08-28 13:35:57,653 - INFO - Created 1,575 records
2025-08-28 13:35:57,664 - INFO - Created 75 records
2025-08-28 13:35:57,665 - INFO - \u2705 All rings processed. Span sequence updated and saved.
