2025-08-30 15:03:05,386 - WARNING - ⚠️ Warning: Disconnected segment remains in span 'SBALGARH BLOCK TO KEMARI'.
2025-08-30 15:03:05,387 - WARNING - ⚠️ The Span SBALGARH BLOCK TO KEMARI is disconnected at this point (77.36851500000006, 26.258646000000056)
2025-08-30 15:03:05,880 - INFO - Created 1,217 records
2025-08-30 15:03:05,885 - INFO - Created 62 records
2025-08-30 15:03:05,886 - INFO - ✅ Sequence assigned and saved with original index preserved.
2025-08-30 15:03:05,887 - INFO - Created 1 records
2025-08-30 15:03:05,923 - INFO - 🔄 Found 6 rings: ['R1', 'R1_C1', 'R2', 'R2_C1', 'R3', 'R3_C1']
2025-08-30 15:03:05,923 - INFO - 
🔁 Processing ring: R1
2025-08-30 15:03:05,928 - INFO - ✅ Completed ring R1 with 11 spans.
2025-08-30 15:03:05,928 - INFO - 
🔁 Processing ring: R1_C1
2025-08-30 15:03:05,932 - INFO - ✅ Completed ring R1_C1 with 9 spans.
2025-08-30 15:03:05,932 - INFO - 
🔁 Processing ring: R2
2025-08-30 15:03:05,933 - INFO - ✅ Completed ring R2 with 0 spans.
2025-08-30 15:03:05,933 - INFO - 
🔁 Processing ring: R2_C1
2025-08-30 15:03:05,934 - INFO - ✅ Completed ring R2_C1 with 0 spans.
2025-08-30 15:03:05,934 - INFO - 
🔁 Processing ring: R3
2025-08-30 15:03:05,935 - INFO - ✅ Completed ring R3 with 0 spans.
2025-08-30 15:03:05,935 - INFO - 
🔁 Processing ring: R3_C1
2025-08-30 15:03:05,938 - INFO - ✅ Completed ring R3_C1 with 5 spans.
2025-08-30 15:03:05,971 - INFO - Created 1,217 records
2025-08-30 15:03:05,975 - INFO - Created 62 records
2025-08-30 15:03:05,975 - INFO - ✅ All rings processed. Span sequence updated and saved.
