2025-11-06 01:54:51,227 - WARNING - ⚠️ Warning: Disconnected segment remains in span 'REHLI BLOCK TO SAMNAPUR KALAN'.
2025-11-06 01:54:51,228 - WARNING - ⚠️ The Span REHLI BLOCK TO SAMNAPUR KALAN is disconnected at this point (78.99948200000006, 23.66075900000004)
2025-11-06 01:54:52,389 - INFO - Created 3,417 records
2025-11-06 01:54:52,410 - INFO - Created 104 records
2025-11-06 01:54:52,411 - INFO - ✅ Sequence assigned and saved with original index preserved.
2025-11-06 01:54:52,413 - INFO - Created 1 records
2025-11-06 01:54:52,502 - INFO - 🔄 Found 15 rings: ['R1', 'R1-C1', 'R1-C2', 'R2', 'R2-C1', 'R2-C2', 'R3', 'R3-C1', 'R3-C2', 'R3-C3', 'R4', 'R5', 'R5-C1', 'R6', 'R6-C1']
2025-11-06 01:54:52,502 - INFO - 
🔁 Processing ring: R1
2025-11-06 01:54:52,507 - INFO - ✅ Completed ring R1 with 10 spans.
2025-11-06 01:54:52,507 - INFO - 
🔁 Processing ring: R1-C1
2025-11-06 01:54:52,511 - INFO - ✅ Completed ring R1-C1 with 7 spans.
2025-11-06 01:54:52,511 - INFO - 
🔁 Processing ring: R1-C2
2025-11-06 01:54:52,513 - INFO - ✅ Completed ring R1-C2 with 4 spans.
2025-11-06 01:54:52,513 - INFO - 
🔁 Processing ring: R2
2025-11-06 01:54:52,518 - INFO - ✅ Completed ring R2 with 10 spans.
2025-11-06 01:54:52,518 - INFO - 
🔁 Processing ring: R2-C1
2025-11-06 01:54:52,522 - INFO - ✅ Completed ring R2-C1 with 8 spans.
2025-11-06 01:54:52,522 - INFO - 
🔁 Processing ring: R2-C2
2025-11-06 01:54:52,525 - INFO - ✅ Completed ring R2-C2 with 4 spans.
2025-11-06 01:54:52,525 - INFO - 
🔁 Processing ring: R3
2025-11-06 01:54:52,530 - INFO - ✅ Completed ring R3 with 11 spans.
2025-11-06 01:54:52,530 - INFO - 
🔁 Processing ring: R3-C1
2025-11-06 01:54:52,533 - INFO - ✅ Completed ring R3-C1 with 6 spans.
2025-11-06 01:54:52,533 - INFO - 
🔁 Processing ring: R3-C2
2025-11-06 01:54:52,535 - INFO - ✅ Completed ring R3-C2 with 4 spans.
2025-11-06 01:54:52,535 - INFO - 
🔁 Processing ring: R3-C3
2025-11-06 01:54:52,537 - INFO - ✅ Completed ring R3-C3 with 3 spans.
2025-11-06 01:54:52,537 - INFO - 
🔁 Processing ring: R4
2025-11-06 01:54:52,541 - INFO - ✅ Completed ring R4 with 9 spans.
2025-11-06 01:54:52,541 - INFO - 
🔁 Processing ring: R5
2025-11-06 01:54:52,546 - INFO - ✅ Completed ring R5 with 9 spans.
2025-11-06 01:54:52,546 - INFO - 
🔁 Processing ring: R5-C1
2025-11-06 01:54:52,547 - INFO - ✅ Completed ring R5-C1 with 2 spans.
2025-11-06 01:54:52,547 - INFO - 
🔁 Processing ring: R6
2025-11-06 01:54:52,552 - INFO - ✅ Completed ring R6 with 11 spans.
2025-11-06 01:54:52,552 - INFO - 
🔁 Processing ring: R6-C1
2025-11-06 01:54:52,554 - INFO - ✅ Completed ring R6-C1 with 3 spans.
2025-11-06 01:54:52,661 - INFO - Created 3,417 records
2025-11-06 01:54:52,677 - INFO - Created 104 records
2025-11-06 01:54:52,678 - INFO - ✅ All rings processed. Span sequence updated and saved.
