2025-12-02 18:15:58,929 - INFO - Created 1,519 records
2025-12-02 18:15:58,941 - INFO - Created 103 records
2025-12-02 18:15:58,942 - INFO - ✅ Sequence assigned and saved with original index preserved.
2025-12-02 18:15:58,945 - INFO - Created 0 records
2025-12-02 18:15:58,989 - INFO - 🔄 Found 11 rings: ['R1', 'R1-C1', 'R2', 'R2-C1', 'R3', 'R3-C1', 'R3-C2', 'R4', 'R4-C1', 'R5', 'R6']
2025-12-02 18:15:58,989 - INFO - 
🔁 Processing ring: R1
2025-12-02 18:15:58,994 - INFO - ✅ Completed ring R1 with 9 spans.
2025-12-02 18:15:58,994 - INFO - 
🔁 Processing ring: R1-C1
2025-12-02 18:15:58,999 - INFO - ✅ Completed ring R1-C1 with 8 spans.
2025-12-02 18:15:58,999 - INFO - 
🔁 Processing ring: R2
2025-12-02 18:15:59,004 - INFO - ✅ Completed ring R2 with 10 spans.
2025-12-02 18:15:59,004 - INFO - 
🔁 Processing ring: R2-C1
2025-12-02 18:15:59,008 - INFO - ✅ Completed ring R2-C1 with 7 spans.
2025-12-02 18:15:59,008 - INFO - 
🔁 Processing ring: R3
2025-12-02 18:15:59,013 - INFO - ✅ Completed ring R3 with 11 spans.
2025-12-02 18:15:59,013 - INFO - 
🔁 Processing ring: R3-C1
2025-12-02 18:15:59,017 - INFO - ✅ Completed ring R3-C1 with 7 spans.
2025-12-02 18:15:59,017 - INFO - 
🔁 Processing ring: R3-C2
2025-12-02 18:15:59,018 - INFO - ✅ Completed ring R3-C2 with 1 spans.
2025-12-02 18:15:59,018 - INFO - 
🔁 Processing ring: R4
2025-12-02 18:15:59,023 - INFO - ✅ Completed ring R4 with 10 spans.
2025-12-02 18:15:59,023 - INFO - 
🔁 Processing ring: R4-C1
2025-12-02 18:15:59,026 - INFO - ✅ Completed ring R4-C1 with 7 spans.
2025-12-02 18:15:59,026 - INFO - 
🔁 Processing ring: R5
2025-12-02 18:15:59,030 - INFO - ✅ Completed ring R5 with 8 spans.
2025-12-02 18:15:59,030 - INFO - 
🔁 Processing ring: R6
2025-12-02 18:15:59,035 - INFO - ✅ Completed ring R6 with 9 spans.
2025-12-02 18:15:59,085 - INFO - Created 1,519 records
2025-12-02 18:15:59,097 - INFO - Created 103 records
2025-12-02 18:15:59,097 - INFO - ✅ All rings processed. Span sequence updated and saved.
