2025-09-16 23:12:35,416 - WARNING - ⚠️ Warning: Disconnected segment remains in span 'T-POINT KHIDKYAKALA TO SEMLIPURA'.
2025-09-16 23:12:35,416 - WARNING - ⚠️ The Span T-POINT KHIDKYAKALA TO SEMLIPURA is disconnected at this point (75.18876341000004, 22.46660345500004)
2025-09-16 23:12:35,756 - INFO - Created 2,104 records
2025-09-16 23:12:35,770 - INFO - Created 70 records
2025-09-16 23:12:35,770 - INFO - ✅ Sequence assigned and saved with original index preserved.
2025-09-16 23:12:35,772 - INFO - Created 1 records
2025-09-16 23:12:35,830 - INFO - 🔄 Found 8 rings: ['R1', 'R1-C1', 'R2', 'R2-C1', 'R2-C2', 'R3', 'R4', 'R4-C1']
2025-09-16 23:12:35,831 - INFO - 
🔁 Processing ring: R1
2025-09-16 23:12:35,836 - INFO - ✅ Completed ring R1 with 11 spans.
2025-09-16 23:12:35,836 - INFO - 
🔁 Processing ring: R1-C1
2025-09-16 23:12:35,839 - INFO - ✅ Completed ring R1-C1 with 6 spans.
2025-09-16 23:12:35,839 - INFO - 
🔁 Processing ring: R2
2025-09-16 23:12:35,845 - INFO - ✅ Completed ring R2 with 12 spans.
2025-09-16 23:12:35,845 - INFO - 
🔁 Processing ring: R2-C1
2025-09-16 23:12:35,848 - INFO - ✅ Completed ring R2-C1 with 7 spans.
2025-09-16 23:12:35,848 - INFO - 
🔁 Processing ring: R2-C2
2025-09-16 23:12:35,849 - INFO - ✅ Completed ring R2-C2 with 0 spans.
2025-09-16 23:12:35,849 - INFO - 
🔁 Processing ring: R3
2025-09-16 23:12:35,854 - INFO - ✅ Completed ring R3 with 11 spans.
2025-09-16 23:12:35,854 - INFO - 
🔁 Processing ring: R4
2025-09-16 23:12:35,858 - INFO - ✅ Completed ring R4 with 9 spans.
2025-09-16 23:12:35,858 - INFO - 
🔁 Processing ring: R4-C1
2025-09-16 23:12:35,860 - INFO - ✅ Completed ring R4-C1 with 3 spans.
2025-09-16 23:12:35,922 - INFO - Created 2,104 records
2025-09-16 23:12:35,929 - INFO - Created 70 records
2025-09-16 23:12:35,929 - INFO - ✅ All rings processed. Span sequence updated and saved.
