2025-11-23 20:14:12,591 - WARNING - ⚠️ Warning: Disconnected segment remains in span 'JAMUNIAKALAN TO NEEMUCH BLOCK'.
2025-11-23 20:14:12,591 - WARNING - ⚠️ The Span JAMUNIAKALAN TO NEEMUCH BLOCK is disconnected at this point (74.86450369800008, 24.467305602000067)
2025-11-23 20:14:12,857 - ERROR - ❌ Error in get_start_end_coords: Unsupported geometry type: <class 'NoneType'>
2025-11-23 20:14:12,858 - ERROR - ❌ Error in get_start_end_coords: Unsupported geometry type: <class 'NoneType'>
2025-11-23 20:14:12,866 - WARNING - ⚠️ Warning: Disconnected segment remains in span 'KUCHHOD TO PHOPHLIYA'.
2025-11-23 20:14:12,867 - WARNING - ⚠️ The Span KUCHHOD TO PHOPHLIYA is disconnected at this point (74.89173790500007, 24.240846688000033)
2025-11-23 20:14:12,992 - WARNING - ⚠️ Warning: Disconnected segment remains in span 'NEEMUCH BLOCK TO BHATKHEDA'.
2025-11-23 20:14:12,992 - WARNING - ⚠️ The Span NEEMUCH BLOCK TO BHATKHEDA is disconnected at this point (74.89044879700003, 24.453389110000046)
2025-11-23 20:14:13,661 - INFO - Created 1,817 records
2025-11-23 20:14:13,675 - INFO - Created 65 records
2025-11-23 20:14:13,675 - INFO - ✅ Sequence assigned and saved with original index preserved.
2025-11-23 20:14:13,677 - INFO - Created 3 records
2025-11-23 20:14:13,728 - INFO - 🔄 Found 9 rings: ['R1', 'R1-C1', 'R1-C2', 'R2', 'R2-C1', 'R3', 'R3-C1', 'R4', 'R4-C1']
2025-11-23 20:14:13,728 - INFO - 
🔁 Processing ring: R1
2025-11-23 20:14:13,732 - INFO - ✅ Completed ring R1 with 8 spans.
2025-11-23 20:14:13,732 - INFO - 
🔁 Processing ring: R1-C1
2025-11-23 20:14:13,734 - INFO - ✅ Completed ring R1-C1 with 3 spans.
2025-11-23 20:14:13,734 - INFO - 
🔁 Processing ring: R1-C2
2025-11-23 20:14:13,737 - INFO - ✅ Completed ring R1-C2 with 6 spans.
2025-11-23 20:14:13,737 - INFO - 
🔁 Processing ring: R2
2025-11-23 20:14:13,741 - INFO - ✅ Completed ring R2 with 10 spans.
2025-11-23 20:14:13,741 - INFO - 
🔁 Processing ring: R2-C1
2025-11-23 20:14:13,744 - INFO - ✅ Completed ring R2-C1 with 7 spans.
2025-11-23 20:14:13,744 - INFO - 
🔁 Processing ring: R3
2025-11-23 20:14:13,749 - INFO - ✅ Completed ring R3 with 11 spans.
2025-11-23 20:14:13,749 - INFO - 
🔁 Processing ring: R3-C1
2025-11-23 20:14:13,751 - INFO - ✅ Completed ring R3-C1 with 4 spans.
2025-11-23 20:14:13,751 - INFO - 
🔁 Processing ring: R4
2025-11-23 20:14:13,752 - INFO - ✅ Completed ring R4 with 1 spans.
2025-11-23 20:14:13,752 - INFO - 
🔁 Processing ring: R4-C1
2025-11-23 20:14:13,755 - INFO - ✅ Completed ring R4-C1 with 5 spans.
2025-11-23 20:14:13,808 - INFO - Created 1,817 records
2025-11-23 20:14:13,826 - INFO - Created 65 records
2025-11-23 20:14:13,826 - INFO - ✅ All rings processed. Span sequence updated and saved.
