2025-08-19 14:07:36,789 - WARNING - \u26a0\ufe0f Warning: Disconnected segment remains in span 'T-POINT BUDHWADA TO SHIVPUR'.
2025-08-19 14:07:36,790 - WARNING - \u26a0\ufe0f The Span T-POINT BUDHWADA TO SHIVPUR is disconnected at this point (78.01180733700005, 22.710707584000033)
2025-08-19 14:07:37,040 - INFO - Created 1,125 records
2025-08-19 14:07:37,051 - INFO - Created 63 records
2025-08-19 14:07:37,052 - INFO - \u2705 Sequence assigned and saved with original index preserved.
2025-08-19 14:07:37,057 - INFO - Created 1 records
2025-08-19 14:07:37,177 - INFO - \U0001f504 Found 8 rings: ['R1', 'R1-C1', 'R2', 'R2-C1', 'R3', 'R3-C1', 'R4', 'R4-C1']
2025-08-19 14:07:37,177 - INFO - 
\U0001f501 Processing ring: R1
2025-08-19 14:07:37,187 - INFO - \u2705 Completed ring R1 with 9 spans.
2025-08-19 14:07:37,187 - INFO - 
\U0001f501 Processing ring: R1-C1
2025-08-19 14:07:37,193 - INFO - \u2705 Completed ring R1-C1 with 6 spans.
2025-08-19 14:07:37,193 - INFO - 
\U0001f501 Processing ring: R2
2025-08-19 14:07:37,203 - INFO - \u2705 Completed ring R2 with 10 spans.
2025-08-19 14:07:37,203 - INFO - 
\U0001f501 Processing ring: R2-C1
2025-08-19 14:07:37,205 - INFO - \u2705 Completed ring R2-C1 with 0 spans.
2025-08-19 14:07:37,205 - INFO - 
\U0001f501 Processing ring: R3
2025-08-19 14:07:37,215 - INFO - \u2705 Completed ring R3 with 11 spans.
2025-08-19 14:07:37,215 - INFO - 
\U0001f501 Processing ring: R3-C1
2025-08-19 14:07:37,217 - INFO - \u2705 Completed ring R3-C1 with 0 spans.
2025-08-19 14:07:37,217 - INFO - 
\U0001f501 Processing ring: R4
2025-08-19 14:07:37,226 - INFO - \u2705 Completed ring R4 with 10 spans.
2025-08-19 14:07:37,227 - INFO - 
\U0001f501 Processing ring: R4-C1
2025-08-19 14:07:37,229 - INFO - \u2705 Completed ring R4-C1 with 0 spans.
2025-08-19 14:07:37,318 - INFO - Created 1,125 records
2025-08-19 14:07:37,329 - INFO - Created 63 records
2025-08-19 14:07:37,330 - INFO - \u2705 All rings processed. Span sequence updated and saved.
