2025-11-04 22:06:34,096 - INFO - Created 920 records
2025-11-04 22:06:34,101 - INFO - Created 46 records
2025-11-04 22:06:34,101 - INFO - ✅ Sequence assigned and saved with original index preserved.
2025-11-04 22:06:34,105 - INFO - Created 0 records
2025-11-04 22:06:34,132 - INFO - 🔄 Found 6 rings: ['R1', 'R1-C1', 'R1-C2', 'R2', 'R2-C1', 'R3']
2025-11-04 22:06:34,132 - INFO - 
🔁 Processing ring: R1
2025-11-04 22:06:34,137 - INFO - ✅ Completed ring R1 with 10 spans.
2025-11-04 22:06:34,137 - INFO - 
🔁 Processing ring: R1-C1
2025-11-04 22:06:34,139 - INFO - ✅ Completed ring R1-C1 with 4 spans.
2025-11-04 22:06:34,139 - INFO - 
🔁 Processing ring: R1-C2
2025-11-04 22:06:34,141 - INFO - ✅ Completed ring R1-C2 with 6 spans.
2025-11-04 22:06:34,141 - INFO - 
🔁 Processing ring: R2
2025-11-04 22:06:34,145 - INFO - ✅ Completed ring R2 with 7 spans.
2025-11-04 22:06:34,145 - INFO - 
🔁 Processing ring: R2-C1
2025-11-04 22:06:34,147 - INFO - ✅ Completed ring R2-C1 with 3 spans.
2025-11-04 22:06:34,147 - INFO - 
🔁 Processing ring: R3
2025-11-04 22:06:34,150 - INFO - ✅ Completed ring R3 with 8 spans.
2025-11-04 22:06:34,179 - INFO - Created 920 records
2025-11-04 22:06:34,182 - INFO - Created 46 records
2025-11-04 22:06:34,182 - INFO - ✅ All rings processed. Span sequence updated and saved.
