2025-11-27 14:36:39,694 - INFO - Created 2,331 records
2025-11-27 14:36:39,703 - INFO - Created 95 records
2025-11-27 14:36:39,704 - INFO - \u2705 Sequence assigned and saved with original index preserved.
2025-11-27 14:36:39,706 - INFO - Created 0 records
2025-11-27 14:36:39,849 - INFO - \U0001f504 Found 12 rings: ['R1', 'R1-C1', 'R2', 'R2-C1', 'R3', 'R3-C1', 'R3-C2', 'R4', 'R4-C1', 'R5', 'R5-C1', 'R6']
2025-11-27 14:36:39,849 - INFO - 
\U0001f501 Processing ring: R1
2025-11-27 14:36:39,858 - INFO - \u2705 Completed ring R1 with 10 spans.
2025-11-27 14:36:39,858 - INFO - 
\U0001f501 Processing ring: R1-C1
2025-11-27 14:36:39,864 - INFO - \u2705 Completed ring R1-C1 with 7 spans.
2025-11-27 14:36:39,864 - INFO - 
\U0001f501 Processing ring: R2
2025-11-27 14:36:39,872 - INFO - \u2705 Completed ring R2 with 9 spans.
2025-11-27 14:36:39,872 - INFO - 
\U0001f501 Processing ring: R2-C1
2025-11-27 14:36:39,875 - INFO - \u2705 Completed ring R2-C1 with 4 spans.
2025-11-27 14:36:39,875 - INFO - 
\U0001f501 Processing ring: R3
2025-11-27 14:36:39,884 - INFO - \u2705 Completed ring R3 with 11 spans.
2025-11-27 14:36:39,885 - INFO - 
\U0001f501 Processing ring: R3-C1
2025-11-27 14:36:39,892 - INFO - \u2705 Completed ring R3-C1 with 8 spans.
2025-11-27 14:36:39,893 - INFO - 
\U0001f501 Processing ring: R3-C2
2025-11-27 14:36:39,898 - INFO - \u2705 Completed ring R3-C2 with 4 spans.
2025-11-27 14:36:39,898 - INFO - 
\U0001f501 Processing ring: R4
2025-11-27 14:36:39,909 - INFO - \u2705 Completed ring R4 with 11 spans.
2025-11-27 14:36:39,910 - INFO - 
\U0001f501 Processing ring: R4-C1
2025-11-27 14:36:39,919 - INFO - \u2705 Completed ring R4-C1 with 9 spans.
2025-11-27 14:36:39,920 - INFO - 
\U0001f501 Processing ring: R5
2025-11-27 14:36:39,930 - INFO - \u2705 Completed ring R5 with 9 spans.
2025-11-27 14:36:39,930 - INFO - 
\U0001f501 Processing ring: R5-C1
2025-11-27 14:36:39,934 - INFO - \u2705 Completed ring R5-C1 with 4 spans.
2025-11-27 14:36:39,935 - INFO - 
\U0001f501 Processing ring: R6
2025-11-27 14:36:39,942 - INFO - \u2705 Completed ring R6 with 7 spans.
2025-11-27 14:36:40,094 - INFO - Created 2,331 records
2025-11-27 14:36:40,107 - INFO - Created 95 records
2025-11-27 14:36:40,109 - INFO - \u2705 All rings processed. Span sequence updated and saved.
