2025-09-18 00:17:42,543 - INFO - Created 1,596 records
2025-09-18 00:17:42,551 - INFO - Created 66 records
2025-09-18 00:17:42,551 - INFO - ✅ Sequence assigned and saved with original index preserved.
2025-09-18 00:17:42,555 - INFO - Created 0 records
2025-09-18 00:17:42,598 - INFO - 🔄 Found 8 rings: ['R1', 'R1-C1', 'R2', 'R2-C1', 'R3', 'R3-C1', 'R4', 'R4-C1']
2025-09-18 00:17:42,598 - INFO - 
🔁 Processing ring: R1
2025-09-18 00:17:42,603 - INFO - ✅ Completed ring R1 with 10 spans.
2025-09-18 00:17:42,603 - INFO - 
🔁 Processing ring: R1-C1
2025-09-18 00:17:42,605 - INFO - ✅ Completed ring R1-C1 with 4 spans.
2025-09-18 00:17:42,605 - INFO - 
🔁 Processing ring: R2
2025-09-18 00:17:42,610 - INFO - ✅ Completed ring R2 with 10 spans.
2025-09-18 00:17:42,610 - INFO - 
🔁 Processing ring: R2-C1
2025-09-18 00:17:42,612 - INFO - ✅ Completed ring R2-C1 with 3 spans.
2025-09-18 00:17:42,612 - INFO - 
🔁 Processing ring: R3
2025-09-18 00:17:42,618 - INFO - ✅ Completed ring R3 with 12 spans.
2025-09-18 00:17:42,618 - INFO - 
🔁 Processing ring: R3-C1
2025-09-18 00:17:42,621 - INFO - ✅ Completed ring R3-C1 with 5 spans.
2025-09-18 00:17:42,621 - INFO - 
🔁 Processing ring: R4
2025-09-18 00:17:42,625 - INFO - ✅ Completed ring R4 with 8 spans.
2025-09-18 00:17:42,625 - INFO - 
🔁 Processing ring: R4-C1
2025-09-18 00:17:42,628 - INFO - ✅ Completed ring R4-C1 with 6 spans.
2025-09-18 00:17:42,675 - INFO - Created 1,596 records
2025-09-18 00:17:42,681 - INFO - Created 66 records
2025-09-18 00:17:42,681 - INFO - ✅ All rings processed. Span sequence updated and saved.
