2025-10-24 13:41:12,449 - INFO - Created 2,888 records
2025-10-24 13:41:12,460 - INFO - Created 130 records
2025-10-24 13:41:12,460 - INFO - \u2705 Sequence assigned and saved with original index preserved.
2025-10-24 13:41:12,485 - INFO - Created 0 records
2025-10-24 13:41:12,659 - INFO - \U0001f504 Found 15 rings: ['R1', 'R1-C1', 'R2', 'R2-C1', 'R3', 'R3-C1', 'R3-C2', 'R5', 'R5-C1', 'R5-C2', 'R6', 'R6-C1', 'R6-C2', 'R7', 'R7-C1']
2025-10-24 13:41:12,659 - INFO - 
\U0001f501 Processing ring: R1
2025-10-24 13:41:12,667 - INFO - \u2705 Completed ring R1 with 8 spans.
2025-10-24 13:41:12,667 - INFO - 
\U0001f501 Processing ring: R1-C1
2025-10-24 13:41:12,674 - INFO - \u2705 Completed ring R1-C1 with 6 spans.
2025-10-24 13:41:12,674 - INFO - 
\U0001f501 Processing ring: R2
2025-10-24 13:41:12,689 - INFO - \u2705 Completed ring R2 with 10 spans.
2025-10-24 13:41:12,689 - INFO - 
\U0001f501 Processing ring: R2-C1
2025-10-24 13:41:12,702 - INFO - \u2705 Completed ring R2-C1 with 10 spans.
2025-10-24 13:41:12,702 - INFO - 
\U0001f501 Processing ring: R3
2025-10-24 13:41:12,714 - INFO - \u2705 Completed ring R3 with 11 spans.
2025-10-24 13:41:12,715 - INFO - 
\U0001f501 Processing ring: R3-C1
2025-10-24 13:41:12,723 - INFO - \u2705 Completed ring R3-C1 with 8 spans.
2025-10-24 13:41:12,723 - INFO - 
\U0001f501 Processing ring: R3-C2
2025-10-24 13:41:12,729 - INFO - \u2705 Completed ring R3-C2 with 6 spans.
2025-10-24 13:41:12,729 - INFO - 
\U0001f501 Processing ring: R5
2025-10-24 13:41:12,739 - INFO - \u2705 Completed ring R5 with 11 spans.
2025-10-24 13:41:12,739 - INFO - 
\U0001f501 Processing ring: R5-C1
2025-10-24 13:41:12,744 - INFO - \u2705 Completed ring R5-C1 with 5 spans.
2025-10-24 13:41:12,744 - INFO - 
\U0001f501 Processing ring: R5-C2
2025-10-24 13:41:12,752 - INFO - \u2705 Completed ring R5-C2 with 10 spans.
2025-10-24 13:41:12,752 - INFO - 
\U0001f501 Processing ring: R6
2025-10-24 13:41:12,760 - INFO - \u2705 Completed ring R6 with 9 spans.
2025-10-24 13:41:12,760 - INFO - 
\U0001f501 Processing ring: R6-C1
2025-10-24 13:41:12,768 - INFO - \u2705 Completed ring R6-C1 with 9 spans.
2025-10-24 13:41:12,768 - INFO - 
\U0001f501 Processing ring: R6-C2
2025-10-24 13:41:12,771 - INFO - \u2705 Completed ring R6-C2 with 4 spans.
2025-10-24 13:41:12,771 - INFO - 
\U0001f501 Processing ring: R7
2025-10-24 13:41:12,780 - INFO - \u2705 Completed ring R7 with 11 spans.
2025-10-24 13:41:12,780 - INFO - 
\U0001f501 Processing ring: R7-C1
2025-10-24 13:41:12,787 - INFO - \u2705 Completed ring R7-C1 with 8 spans.
2025-10-24 13:41:12,991 - INFO - Created 2,888 records
2025-10-24 13:41:13,003 - INFO - Created 130 records
2025-10-24 13:41:13,004 - INFO - \u2705 All rings processed. Span sequence updated and saved.
