2025-08-20 08:36:55,229 - INFO - Created 1,289 records
2025-08-20 08:36:55,236 - INFO - Created 83 records
2025-08-20 08:36:55,236 - INFO - ✅ Sequence assigned and saved with original index preserved.
2025-08-20 08:36:55,248 - INFO - Created 0 records
2025-08-20 08:36:55,290 - INFO - 🔄 Found 7 rings: ['R1', 'R2', 'R3', 'R3-C1', 'R4', 'R5', 'R5-C1']
2025-08-20 08:36:55,298 - INFO - 
🔁 Processing ring: R1
2025-08-20 08:36:55,305 - INFO - ✅ Completed ring R1 with 10 spans.
2025-08-20 08:36:55,305 - INFO - 
🔁 Processing ring: R2
2025-08-20 08:36:55,311 - INFO - ✅ Completed ring R2 with 11 spans.
2025-08-20 08:36:55,311 - INFO - 
🔁 Processing ring: R3
2025-08-20 08:36:55,320 - INFO - ✅ Completed ring R3 with 19 spans.
2025-08-20 08:36:55,320 - INFO - 
🔁 Processing ring: R3-C1
2025-08-20 08:36:55,324 - INFO - ✅ Completed ring R3-C1 with 7 spans.
2025-08-20 08:36:55,324 - INFO - 
🔁 Processing ring: R4
2025-08-20 08:36:55,328 - INFO - ✅ Completed ring R4 with 10 spans.
2025-08-20 08:36:55,329 - INFO - 
🔁 Processing ring: R5
2025-08-20 08:36:55,333 - INFO - ✅ Completed ring R5 with 9 spans.
2025-08-20 08:36:55,333 - INFO - 
🔁 Processing ring: R5-C1
2025-08-20 08:36:55,337 - INFO - ✅ Completed ring R5-C1 with 11 spans.
2025-08-20 08:36:55,375 - INFO - Created 1,289 records
2025-08-20 08:36:55,394 - INFO - Created 83 records
2025-08-20 08:36:55,394 - INFO - ✅ All rings processed. Span sequence updated and saved.
