2025-12-02 18:33:49,373 - INFO - Created 1,519 records
2025-12-02 18:33:49,384 - INFO - Created 103 records
2025-12-02 18:33:49,384 - INFO - ✅ Sequence assigned and saved with original index preserved.
2025-12-02 18:33:49,387 - INFO - Created 0 records
2025-12-02 18:33:49,433 - INFO - 🔄 Found 11 rings: ['R1', 'R1-C1', 'R2', 'R2-C1', 'R3', 'R3-C1', 'R3-C2', 'R4', 'R4-C1', 'R5', 'R6']
2025-12-02 18:33:49,433 - INFO - 
🔁 Processing ring: R1
2025-12-02 18:33:49,437 - INFO - ✅ Completed ring R1 with 8 spans.
2025-12-02 18:33:49,437 - INFO - 
🔁 Processing ring: R1-C1
2025-12-02 18:33:49,441 - INFO - ✅ Completed ring R1-C1 with 8 spans.
2025-12-02 18:33:49,441 - INFO - 
🔁 Processing ring: R2
2025-12-02 18:33:49,446 - INFO - ✅ Completed ring R2 with 10 spans.
2025-12-02 18:33:49,447 - INFO - 
🔁 Processing ring: R2-C1
2025-12-02 18:33:49,450 - INFO - ✅ Completed ring R2-C1 with 7 spans.
2025-12-02 18:33:49,450 - INFO - 
🔁 Processing ring: R3
2025-12-02 18:33:49,455 - INFO - ✅ Completed ring R3 with 11 spans.
2025-12-02 18:33:49,455 - INFO - 
🔁 Processing ring: R3-C1
2025-12-02 18:33:49,459 - INFO - ✅ Completed ring R3-C1 with 7 spans.
2025-12-02 18:33:49,459 - INFO - 
🔁 Processing ring: R3-C2
2025-12-02 18:33:49,460 - INFO - ✅ Completed ring R3-C2 with 1 spans.
2025-12-02 18:33:49,460 - INFO - 
🔁 Processing ring: R4
2025-12-02 18:33:49,465 - INFO - ✅ Completed ring R4 with 10 spans.
2025-12-02 18:33:49,465 - INFO - 
🔁 Processing ring: R4-C1
2025-12-02 18:33:49,468 - INFO - ✅ Completed ring R4-C1 with 7 spans.
2025-12-02 18:33:49,468 - INFO - 
🔁 Processing ring: R5
2025-12-02 18:33:49,472 - INFO - ✅ Completed ring R5 with 8 spans.
2025-12-02 18:33:49,472 - INFO - 
🔁 Processing ring: R6
2025-12-02 18:33:49,477 - INFO - ✅ Completed ring R6 with 9 spans.
2025-12-02 18:33:49,523 - INFO - Created 1,519 records
2025-12-02 18:33:49,536 - INFO - Created 103 records
2025-12-02 18:33:49,537 - INFO - ✅ All rings processed. Span sequence updated and saved.
