2025-12-15 22:21:14,661 - WARNING - ⚠️ Warning: Disconnected segment remains in span 'T-POINT YENKHEDA TO PUSALI'.
2025-12-15 22:21:14,662 - WARNING - ⚠️ The Span T-POINT YENKHEDA TO PUSALI is disconnected at this point (77.96809670000005, 21.632095500000048)
2025-12-15 22:21:14,801 - INFO - Created 919 records
2025-12-15 22:21:14,806 - INFO - Created 48 records
2025-12-15 22:21:14,806 - INFO - ✅ Sequence assigned and saved with original index preserved.
2025-12-15 22:21:14,807 - INFO - Created 1 records
2025-12-15 22:21:14,835 - INFO - 🔄 Found 5 rings: ['R1', 'R2', 'R3', 'R3-C1', 'R3-C2']
2025-12-15 22:21:14,835 - INFO - 
🔁 Processing ring: R1
2025-12-15 22:21:14,839 - INFO - ✅ Completed ring R1 with 9 spans.
2025-12-15 22:21:14,839 - INFO - 
🔁 Processing ring: R2
2025-12-15 22:21:14,843 - INFO - ✅ Completed ring R2 with 8 spans.
2025-12-15 22:21:14,843 - INFO - 
🔁 Processing ring: R3
2025-12-15 22:21:14,846 - INFO - ✅ Completed ring R3 with 7 spans.
2025-12-15 22:21:14,846 - INFO - 
🔁 Processing ring: R3-C1
2025-12-15 22:21:14,849 - INFO - ✅ Completed ring R3-C1 with 5 spans.
2025-12-15 22:21:14,849 - INFO - 
🔁 Processing ring: R3-C2
2025-12-15 22:21:14,852 - INFO - ✅ Completed ring R3-C2 with 7 spans.
2025-12-15 22:21:14,879 - INFO - Created 919 records
2025-12-15 22:21:14,887 - INFO - Created 48 records
2025-12-15 22:21:14,888 - INFO - ✅ All rings processed. Span sequence updated and saved.
