2025-09-24 20:14:21,624 - WARNING - ⚠️ Warning: Disconnected segment remains in span 'JAWASA TO T-POINT BADPURA'.
2025-09-24 20:14:21,624 - WARNING - ⚠️ The Span JAWASA TO T-POINT BADPURA is disconnected at this point (78.69939530000005, 26.660349500000052)
2025-09-24 20:14:22,286 - WARNING - ⚠️ Warning: Disconnected segment remains in span 'NIWARI TO JAARI'.
2025-09-24 20:14:22,286 - WARNING - ⚠️ The Span NIWARI TO JAARI is disconnected at this point (78.73989148700008, 26.625052811000046)
2025-09-24 20:14:22,502 - WARNING - ⚠️ Warning: Disconnected segment remains in span 'PITHANPURA TO PAWAI'.
2025-09-24 20:14:22,502 - WARNING - ⚠️ The Span PITHANPURA TO PAWAI is disconnected at this point (78.64268374800008, 26.636904624000067)
2025-09-24 20:14:23,037 - WARNING - ⚠️ Warning: Disconnected segment remains in span 'T-POINT KOSAD TO BIJORA'.
2025-09-24 20:14:23,037 - WARNING - ⚠️ The Span T-POINT KOSAD TO BIJORA is disconnected at this point (78.78706951000004, 26.73502299000006)
2025-09-24 20:14:23,363 - INFO - Created 1,966 records
2025-09-24 20:14:23,370 - INFO - Created 98 records
2025-09-24 20:14:23,370 - INFO - ✅ Sequence assigned and saved with original index preserved.
2025-09-24 20:14:23,372 - INFO - Created 4 records
2025-09-24 20:14:23,428 - INFO - 🔄 Found 11 rings: ['R1', 'R1-C1', 'R1-C2', 'R2', 'R2-C1', 'R3', 'R3-C1', 'R3-C2', 'R4', 'R4-C1', 'R4-C2']
2025-09-24 20:14:23,428 - INFO - 
🔁 Processing ring: R1
2025-09-24 20:14:23,433 - INFO - ✅ Completed ring R1 with 8 spans.
2025-09-24 20:14:23,433 - INFO - 
🔁 Processing ring: R1-C1
2025-09-24 20:14:23,434 - INFO - ✅ Completed ring R1-C1 with 0 spans.
2025-09-24 20:14:23,435 - INFO - 
🔁 Processing ring: R1-C2
2025-09-24 20:14:23,438 - INFO - ✅ Completed ring R1-C2 with 6 spans.
2025-09-24 20:14:23,438 - INFO - 
🔁 Processing ring: R2
2025-09-24 20:14:23,442 - INFO - ✅ Completed ring R2 with 8 spans.
2025-09-24 20:14:23,442 - INFO - 
🔁 Processing ring: R2-C1
2025-09-24 20:14:23,444 - INFO - ✅ Completed ring R2-C1 with 4 spans.
2025-09-24 20:14:23,444 - INFO - 
🔁 Processing ring: R3
2025-09-24 20:14:23,448 - INFO - ✅ Completed ring R3 with 4 spans.
2025-09-24 20:14:23,448 - INFO - 
🔁 Processing ring: R3-C1
2025-09-24 20:14:23,452 - INFO - ✅ Completed ring R3-C1 with 9 spans.
2025-09-24 20:14:23,452 - INFO - 
🔁 Processing ring: R3-C2
2025-09-24 20:14:23,455 - INFO - ✅ Completed ring R3-C2 with 5 spans.
2025-09-24 20:14:23,455 - INFO - 
🔁 Processing ring: R4
2025-09-24 20:14:23,460 - INFO - ✅ Completed ring R4 with 10 spans.
2025-09-24 20:14:23,460 - INFO - 
🔁 Processing ring: R4-C1
2025-09-24 20:14:23,463 - INFO - ✅ Completed ring R4-C1 with 6 spans.
2025-09-24 20:14:23,463 - INFO - 
🔁 Processing ring: R4-C2
2025-09-24 20:14:23,467 - INFO - ✅ Completed ring R4-C2 with 7 spans.
2025-09-24 20:14:23,537 - INFO - Created 1,966 records
2025-09-24 20:14:23,546 - INFO - Created 98 records
2025-09-24 20:14:23,547 - INFO - ✅ All rings processed. Span sequence updated and saved.
