2025-08-14 18:31:02,379 - INFO - Created 1,304 records
2025-08-14 18:31:02,390 - INFO - Created 70 records
2025-08-14 18:31:02,390 - INFO - \u2705 Sequence assigned and saved with original index preserved.
2025-08-14 18:31:02,395 - INFO - Created 0 records
2025-08-14 18:31:02,504 - INFO - \U0001f504 Found 6 rings: ['R1', 'R1-C1', 'R1-C2', 'R2', 'R2-C1', 'R2-C2']
2025-08-14 18:31:02,504 - INFO - 
\U0001f501 Processing ring: R1
2025-08-14 18:31:02,517 - INFO - \u2705 Completed ring R1 with 18 spans.
2025-08-14 18:31:02,517 - INFO - 
\U0001f501 Processing ring: R1-C1
2025-08-14 18:31:02,524 - INFO - \u2705 Completed ring R1-C1 with 8 spans.
2025-08-14 18:31:02,524 - INFO - 
\U0001f501 Processing ring: R1-C2
2025-08-14 18:31:02,530 - INFO - \u2705 Completed ring R1-C2 with 8 spans.
2025-08-14 18:31:02,530 - INFO - 
\U0001f501 Processing ring: R2
2025-08-14 18:31:02,546 - INFO - \u2705 Completed ring R2 with 21 spans.
2025-08-14 18:31:02,546 - INFO - 
\U0001f501 Processing ring: R2-C1
2025-08-14 18:31:02,551 - INFO - \u2705 Completed ring R2-C1 with 6 spans.
2025-08-14 18:31:02,551 - INFO - 
\U0001f501 Processing ring: R2-C2
2025-08-14 18:31:02,556 - INFO - \u2705 Completed ring R2-C2 with 7 spans.
2025-08-14 18:31:02,641 - INFO - Created 1,304 records
2025-08-14 18:31:02,650 - INFO - Created 70 records
2025-08-14 18:31:02,651 - INFO - \u2705 All rings processed. Span sequence updated and saved.
