2025-12-09 17:17:47,745 - WARNING - \u26a0\ufe0f Warning: Disconnected segment remains in span 'DHARAKHEDI TO MULLAKHEDI'.
2025-12-09 17:17:47,745 - WARNING - \u26a0\ufe0f The Span DHARAKHEDI TO MULLAKHEDI is disconnected at this point (76.30380600900008, 23.370756131000064)
2025-12-09 17:17:49,347 - WARNING - \u26a0\ufe0f Warning: Disconnected segment remains in span 'RIGNIKHEDA - SHAJAPUR BLOCK'.
2025-12-09 17:17:49,347 - WARNING - \u26a0\ufe0f The Span RIGNIKHEDA - SHAJAPUR BLOCK is disconnected at this point (76.35908797200005, 23.37541210300003)
2025-12-09 17:17:49,424 - WARNING - \u26a0\ufe0f Warning: Disconnected segment remains in span 'RIGNIKHEDA TO SHAJAPUR BLOCK'.
2025-12-09 17:17:49,424 - WARNING - \u26a0\ufe0f The Span RIGNIKHEDA TO SHAJAPUR BLOCK is disconnected at this point (76.35976834600007, 23.375512281000056)
2025-12-09 17:17:50,233 - WARNING - \u26a0\ufe0f Warning: Disconnected segment remains in span 'SHAJAPUR BLOCK TO BAMORI'.
2025-12-09 17:17:50,234 - WARNING - \u26a0\ufe0f The Span SHAJAPUR BLOCK TO BAMORI is disconnected at this point (76.35477990000004, 23.428386300000057)
2025-12-09 17:17:51,148 - WARNING - \u26a0\ufe0f Warning: Disconnected segment remains in span 'T-POINT PADLI TO CHOSLA MUSLMAN'.
2025-12-09 17:17:51,148 - WARNING - \u26a0\ufe0f The Span T-POINT PADLI TO CHOSLA MUSLMAN is disconnected at this point (76.43541359900007, 23.340548053000077)
2025-12-09 17:17:51,612 - INFO - Created 2,368 records
2025-12-09 17:17:51,625 - INFO - Created 105 records
2025-12-09 17:17:51,625 - INFO - \u2705 Sequence assigned and saved with original index preserved.
2025-12-09 17:17:51,630 - INFO - Created 5 records
2025-12-09 17:17:51,792 - INFO - \U0001f504 Found 11 rings: ['R1', 'R2', 'R2-C1', 'R3', 'R4', 'R4-C1', 'R5', 'R6', 'R6-C1', 'R7', 'R7-C1']
2025-12-09 17:17:51,792 - INFO - 
\U0001f501 Processing ring: R1
2025-12-09 17:17:51,796 - INFO - \u2705 Completed ring R1 with 3 spans.
2025-12-09 17:17:51,796 - INFO - 
\U0001f501 Processing ring: R2
2025-12-09 17:17:51,803 - INFO - \u2705 Completed ring R2 with 8 spans.
2025-12-09 17:17:51,803 - INFO - 
\U0001f501 Processing ring: R2-C1
2025-12-09 17:17:51,810 - INFO - \u2705 Completed ring R2-C1 with 7 spans.
2025-12-09 17:17:51,810 - INFO - 
\U0001f501 Processing ring: R3
2025-12-09 17:17:51,816 - INFO - \u2705 Completed ring R3 with 8 spans.
2025-12-09 17:17:51,816 - INFO - 
\U0001f501 Processing ring: R4
2025-12-09 17:17:51,824 - INFO - \u2705 Completed ring R4 with 5 spans.
2025-12-09 17:17:51,824 - INFO - 
\U0001f501 Processing ring: R4-C1
2025-12-09 17:17:51,831 - INFO - \u2705 Completed ring R4-C1 with 8 spans.
2025-12-09 17:17:51,832 - INFO - 
\U0001f501 Processing ring: R5
2025-12-09 17:17:51,844 - INFO - \u2705 Completed ring R5 with 9 spans.
2025-12-09 17:17:51,844 - INFO - 
\U0001f501 Processing ring: R6
2025-12-09 17:17:51,854 - INFO - \u2705 Completed ring R6 with 9 spans.
2025-12-09 17:17:51,854 - INFO - 
\U0001f501 Processing ring: R6-C1
2025-12-09 17:17:51,863 - INFO - \u2705 Completed ring R6-C1 with 8 spans.
2025-12-09 17:17:51,863 - INFO - 
\U0001f501 Processing ring: R7
2025-12-09 17:17:51,876 - INFO - \u2705 Completed ring R7 with 11 spans.
2025-12-09 17:17:51,876 - INFO - 
\U0001f501 Processing ring: R7-C1
2025-12-09 17:17:51,887 - INFO - \u2705 Completed ring R7-C1 with 9 spans.
2025-12-09 17:17:52,045 - INFO - Created 2,368 records
2025-12-09 17:17:52,058 - INFO - Created 105 records
2025-12-09 17:17:52,059 - INFO - \u2705 All rings processed. Span sequence updated and saved.
