2025-10-07 21:35:38,124 - INFO - Created 1,033 records
2025-10-07 21:35:38,127 - INFO - Created 49 records
2025-10-07 21:35:38,128 - INFO - ✅ Sequence assigned and saved with original index preserved.
2025-10-07 21:35:38,131 - INFO - Created 0 records
2025-10-07 21:35:38,160 - INFO - 🔄 Found 5 rings: ['R1', 'R2', 'R2-C1', 'R3', 'R4']
2025-10-07 21:35:38,160 - INFO - 
🔁 Processing ring: R1
2025-10-07 21:35:38,165 - INFO - ✅ Completed ring R1 with 11 spans.
2025-10-07 21:35:38,165 - INFO - 
🔁 Processing ring: R2
2025-10-07 21:35:38,169 - INFO - ✅ Completed ring R2 with 8 spans.
2025-10-07 21:35:38,169 - INFO - 
🔁 Processing ring: R2-C1
2025-10-07 21:35:38,172 - INFO - ✅ Completed ring R2-C1 with 6 spans.
2025-10-07 21:35:38,172 - INFO - 
🔁 Processing ring: R3
2025-10-07 21:35:38,176 - INFO - ✅ Completed ring R3 with 10 spans.
2025-10-07 21:35:38,176 - INFO - 
🔁 Processing ring: R4
2025-10-07 21:35:38,181 - INFO - ✅ Completed ring R4 with 10 spans.
2025-10-07 21:35:38,211 - INFO - Created 1,033 records
2025-10-07 21:35:38,216 - INFO - Created 49 records
2025-10-07 21:35:38,216 - INFO - ✅ All rings processed. Span sequence updated and saved.
