2025-08-30 15:10:11,235 - WARNING - ⚠️ Warning: Disconnected segment remains in span 'SBALGARH BLOCK TO KEMARI'.
2025-08-30 15:10:11,235 - WARNING - ⚠️ The Span SBALGARH BLOCK TO KEMARI is disconnected at this point (77.36851500000006, 26.258646000000056)
2025-08-30 15:10:11,732 - INFO - Created 1,217 records
2025-08-30 15:10:11,737 - INFO - Created 62 records
2025-08-30 15:10:11,737 - INFO - ✅ Sequence assigned and saved with original index preserved.
2025-08-30 15:10:11,739 - INFO - Created 1 records
2025-08-30 15:10:11,772 - INFO - 🔄 Found 6 rings: ['R1', 'R1_C1', 'R2', 'R2_C1', 'R3', 'R3_C1']
2025-08-30 15:10:11,772 - INFO - 
🔁 Processing ring: R1
2025-08-30 15:10:11,777 - INFO - ✅ Completed ring R1 with 11 spans.
2025-08-30 15:10:11,777 - INFO - 
🔁 Processing ring: R1_C1
2025-08-30 15:10:11,781 - INFO - ✅ Completed ring R1_C1 with 9 spans.
2025-08-30 15:10:11,781 - INFO - 
🔁 Processing ring: R2
2025-08-30 15:10:11,782 - INFO - ✅ Completed ring R2 with 0 spans.
2025-08-30 15:10:11,782 - INFO - 
🔁 Processing ring: R2_C1
2025-08-30 15:10:11,785 - INFO - ✅ Completed ring R2_C1 with 7 spans.
2025-08-30 15:10:11,785 - INFO - 
🔁 Processing ring: R3
2025-08-30 15:10:11,786 - INFO - ✅ Completed ring R3 with 0 spans.
2025-08-30 15:10:11,786 - INFO - 
🔁 Processing ring: R3_C1
2025-08-30 15:10:11,789 - INFO - ✅ Completed ring R3_C1 with 5 spans.
2025-08-30 15:10:11,821 - INFO - Created 1,217 records
2025-08-30 15:10:11,824 - INFO - Created 62 records
2025-08-30 15:10:11,824 - INFO - ✅ All rings processed. Span sequence updated and saved.
