2025-10-09 23:07:21,456 - INFO - Created 1,319 records
2025-10-09 23:07:21,461 - INFO - Created 60 records
2025-10-09 23:07:21,461 - INFO - ✅ Sequence assigned and saved with original index preserved.
2025-10-09 23:07:21,465 - INFO - Created 0 records
2025-10-09 23:07:21,505 - INFO - 🔄 Found 7 rings: ['R1', 'R2', 'R2-C1', 'R3', 'R3-C1', 'R4', 'R4-C1']
2025-10-09 23:07:21,505 - INFO - 
🔁 Processing ring: R1
2025-10-09 23:07:21,510 - INFO - ✅ Completed ring R1 with 9 spans.
2025-10-09 23:07:21,510 - INFO - 
🔁 Processing ring: R2
2025-10-09 23:07:21,514 - INFO - ✅ Completed ring R2 with 9 spans.
2025-10-09 23:07:21,514 - INFO - 
🔁 Processing ring: R2-C1
2025-10-09 23:07:21,516 - INFO - ✅ Completed ring R2-C1 with 4 spans.
2025-10-09 23:07:21,516 - INFO - 
🔁 Processing ring: R3
2025-10-09 23:07:21,521 - INFO - ✅ Completed ring R3 with 10 spans.
2025-10-09 23:07:21,521 - INFO - 
🔁 Processing ring: R3-C1
2025-10-09 23:07:21,525 - INFO - ✅ Completed ring R3-C1 with 8 spans.
2025-10-09 23:07:21,525 - INFO - 
🔁 Processing ring: R4
2025-10-09 23:07:21,530 - INFO - ✅ Completed ring R4 with 10 spans.
2025-10-09 23:07:21,530 - INFO - 
🔁 Processing ring: R4-C1
2025-10-09 23:07:21,534 - INFO - ✅ Completed ring R4-C1 with 7 spans.
2025-10-09 23:07:21,578 - INFO - Created 1,319 records
2025-10-09 23:07:21,587 - INFO - Created 60 records
2025-10-09 23:07:21,588 - INFO - ✅ All rings processed. Span sequence updated and saved.
