2025-09-16 23:27:01,915 - INFO - Created 2,104 records
2025-09-16 23:27:01,925 - INFO - Created 70 records
2025-09-16 23:27:01,926 - INFO - ✅ Sequence assigned and saved with original index preserved.
2025-09-16 23:27:01,929 - INFO - Created 0 records
2025-09-16 23:27:01,988 - INFO - 🔄 Found 8 rings: ['R1', 'R1-C1', 'R2', 'R2-C1', 'R2-C2', 'R3', 'R4', 'R4-C1']
2025-09-16 23:27:01,988 - INFO - 
🔁 Processing ring: R1
2025-09-16 23:27:01,993 - INFO - ✅ Completed ring R1 with 11 spans.
2025-09-16 23:27:01,993 - INFO - 
🔁 Processing ring: R1-C1
2025-09-16 23:27:01,996 - INFO - ✅ Completed ring R1-C1 with 6 spans.
2025-09-16 23:27:01,996 - INFO - 
🔁 Processing ring: R2
2025-09-16 23:27:02,002 - INFO - ✅ Completed ring R2 with 12 spans.
2025-09-16 23:27:02,002 - INFO - 
🔁 Processing ring: R2-C1
2025-09-16 23:27:02,005 - INFO - ✅ Completed ring R2-C1 with 7 spans.
2025-09-16 23:27:02,005 - INFO - 
🔁 Processing ring: R2-C2
2025-09-16 23:27:02,008 - INFO - ✅ Completed ring R2-C2 with 7 spans.
2025-09-16 23:27:02,008 - INFO - 
🔁 Processing ring: R3
2025-09-16 23:27:02,013 - INFO - ✅ Completed ring R3 with 11 spans.
2025-09-16 23:27:02,013 - INFO - 
🔁 Processing ring: R4
2025-09-16 23:27:02,017 - INFO - ✅ Completed ring R4 with 9 spans.
2025-09-16 23:27:02,018 - INFO - 
🔁 Processing ring: R4-C1
2025-09-16 23:27:02,019 - INFO - ✅ Completed ring R4-C1 with 3 spans.
2025-09-16 23:27:02,087 - INFO - Created 2,104 records
2025-09-16 23:27:02,095 - INFO - Created 70 records
2025-09-16 23:27:02,095 - INFO - ✅ All rings processed. Span sequence updated and saved.
