2025-11-15 17:40:32,382 - INFO - Created 1,705 records
2025-11-15 17:40:32,388 - INFO - Created 102 records
2025-11-15 17:40:32,389 - INFO - ✅ Sequence assigned and saved with original index preserved.
2025-11-15 17:40:32,393 - INFO - Created 0 records
2025-11-15 17:40:32,441 - INFO - 🔄 Found 13 rings: ['R1', 'R1-C1', 'R2', 'R2-C1', 'R2-C2', 'R3', 'R3-C1', 'R3-C2', 'R4', 'R4-C1', 'R4-C2', 'R5', 'R5-C1']
2025-11-15 17:40:32,441 - INFO - 
🔁 Processing ring: R1
2025-11-15 17:40:32,445 - INFO - ✅ Completed ring R1 with 11 spans.
2025-11-15 17:40:32,446 - INFO - 
🔁 Processing ring: R1-C1
2025-11-15 17:40:32,448 - INFO - ✅ Completed ring R1-C1 with 6 spans.
2025-11-15 17:40:32,448 - INFO - 
🔁 Processing ring: R2
2025-11-15 17:40:32,453 - INFO - ✅ Completed ring R2 with 10 spans.
2025-11-15 17:40:32,453 - INFO - 
🔁 Processing ring: R2-C1
2025-11-15 17:40:32,455 - INFO - ✅ Completed ring R2-C1 with 4 spans.
2025-11-15 17:40:32,455 - INFO - 
🔁 Processing ring: R2-C2
2025-11-15 17:40:32,458 - INFO - ✅ Completed ring R2-C2 with 6 spans.
2025-11-15 17:40:32,458 - INFO - 
🔁 Processing ring: R3
2025-11-15 17:40:32,462 - INFO - ✅ Completed ring R3 with 11 spans.
2025-11-15 17:40:32,462 - INFO - 
🔁 Processing ring: R3-C1
2025-11-15 17:40:32,466 - INFO - ✅ Completed ring R3-C1 with 7 spans.
2025-11-15 17:40:32,466 - INFO - 
🔁 Processing ring: R3-C2
2025-11-15 17:40:32,467 - INFO - ✅ Completed ring R3-C2 with 3 spans.
2025-11-15 17:40:32,467 - INFO - 
🔁 Processing ring: R4
2025-11-15 17:40:32,472 - INFO - ✅ Completed ring R4 with 12 spans.
2025-11-15 17:40:32,472 - INFO - 
🔁 Processing ring: R4-C1
2025-11-15 17:40:32,476 - INFO - ✅ Completed ring R4-C1 with 7 spans.
2025-11-15 17:40:32,476 - INFO - 
🔁 Processing ring: R4-C2
2025-11-15 17:40:32,477 - INFO - ✅ Completed ring R4-C2 with 3 spans.
2025-11-15 17:40:32,477 - INFO - 
🔁 Processing ring: R5
2025-11-15 17:40:32,482 - INFO - ✅ Completed ring R5 with 11 spans.
2025-11-15 17:40:32,482 - INFO - 
🔁 Processing ring: R5-C1
2025-11-15 17:40:32,486 - INFO - ✅ Completed ring R5-C1 with 8 spans.
2025-11-15 17:40:32,538 - INFO - Created 1,705 records
2025-11-15 17:40:32,551 - INFO - Created 102 records
2025-11-15 17:40:32,552 - INFO - ✅ All rings processed. Span sequence updated and saved.
