2025-11-24 21:44:13,788 - WARNING - ⚠️ Warning: Disconnected segment remains in span 'DABRA BLOCK TO BIJAKPUR'.
2025-11-24 21:44:13,788 - WARNING - ⚠️ The Span DABRA BLOCK TO BIJAKPUR is disconnected at this point (78.26818933900006, 25.791722195000034)
2025-11-24 21:44:15,210 - WARNING - ⚠️ Warning: Disconnected segment remains in span 'T-POINT DABRA BLOCK TO LOHGARH'.
2025-11-24 21:44:15,210 - WARNING - ⚠️ The Span T-POINT DABRA BLOCK TO LOHGARH is disconnected at this point (78.31927430700006, 25.835545429000035)
2025-11-24 21:44:15,495 - INFO - Created 1,764 records
2025-11-24 21:44:15,507 - INFO - Created 70 records
2025-11-24 21:44:15,507 - INFO - ✅ Sequence assigned and saved with original index preserved.
2025-11-24 21:44:15,509 - INFO - Created 2 records
2025-11-24 21:44:15,560 - INFO - 🔄 Found 9 rings: ['R1', 'R2', 'R2-C1', 'R3', 'R3-C1', 'R3-C2', 'R4', 'R4-C1', 'R5']
2025-11-24 21:44:15,560 - INFO - 
🔁 Processing ring: R1
2025-11-24 21:44:15,565 - INFO - ✅ Completed ring R1 with 10 spans.
2025-11-24 21:44:15,565 - INFO - 
🔁 Processing ring: R2
2025-11-24 21:44:15,570 - INFO - ✅ Completed ring R2 with 10 spans.
2025-11-24 21:44:15,571 - INFO - 
🔁 Processing ring: R2-C1
2025-11-24 21:44:15,575 - INFO - ✅ Completed ring R2-C1 with 8 spans.
2025-11-24 21:44:15,575 - INFO - 
🔁 Processing ring: R3
2025-11-24 21:44:15,579 - INFO - ✅ Completed ring R3 with 8 spans.
2025-11-24 21:44:15,579 - INFO - 
🔁 Processing ring: R3-C1
2025-11-24 21:44:15,582 - INFO - ✅ Completed ring R3-C1 with 5 spans.
2025-11-24 21:44:15,582 - INFO - 
🔁 Processing ring: R3-C2
2025-11-24 21:44:15,584 - INFO - ✅ Completed ring R3-C2 with 4 spans.
2025-11-24 21:44:15,584 - INFO - 
🔁 Processing ring: R4
2025-11-24 21:44:15,588 - INFO - ✅ Completed ring R4 with 8 spans.
2025-11-24 21:44:15,588 - INFO - 
🔁 Processing ring: R4-C1
2025-11-24 21:44:15,591 - INFO - ✅ Completed ring R4-C1 with 5 spans.
2025-11-24 21:44:15,591 - INFO - 
🔁 Processing ring: R5
2025-11-24 21:44:15,595 - INFO - ✅ Completed ring R5 with 7 spans.
2025-11-24 21:44:15,652 - INFO - Created 1,764 records
2025-11-24 21:44:15,662 - INFO - Created 70 records
2025-11-24 21:44:15,663 - INFO - ✅ All rings processed. Span sequence updated and saved.
