2025-10-17 16:15:24,918 - INFO - Created 2,225 records
2025-10-17 16:15:24,927 - INFO - Created 72 records
2025-10-17 16:15:24,928 - INFO - \u2705 Sequence assigned and saved with original index preserved.
2025-10-17 16:15:24,933 - INFO - Created 0 records
2025-10-17 16:15:25,075 - INFO - \U0001f504 Found 10 rings: ['R1', 'R1-C1', 'R1-C2', 'R2', 'R2-C1', 'R3', 'R3-C1', 'R4', 'R4-C1', 'R4-C2']
2025-10-17 16:15:25,075 - INFO - 
\U0001f501 Processing ring: R1
2025-10-17 16:15:25,084 - INFO - \u2705 Completed ring R1 with 10 spans.
2025-10-17 16:15:25,084 - INFO - 
\U0001f501 Processing ring: R1-C1
2025-10-17 16:15:25,090 - INFO - \u2705 Completed ring R1-C1 with 7 spans.
2025-10-17 16:15:25,090 - INFO - 
\U0001f501 Processing ring: R1-C2
2025-10-17 16:15:25,093 - INFO - \u2705 Completed ring R1-C2 with 4 spans.
2025-10-17 16:15:25,094 - INFO - 
\U0001f501 Processing ring: R2
2025-10-17 16:15:25,099 - INFO - \u2705 Completed ring R2 with 6 spans.
2025-10-17 16:15:25,099 - INFO - 
\U0001f501 Processing ring: R2-C1
2025-10-17 16:15:25,106 - INFO - \u2705 Completed ring R2-C1 with 8 spans.
2025-10-17 16:15:25,106 - INFO - 
\U0001f501 Processing ring: R3
2025-10-17 16:15:25,111 - INFO - \u2705 Completed ring R3 with 6 spans.
2025-10-17 16:15:25,111 - INFO - 
\U0001f501 Processing ring: R3-C1
2025-10-17 16:15:25,119 - INFO - \u2705 Completed ring R3-C1 with 9 spans.
2025-10-17 16:15:25,119 - INFO - 
\U0001f501 Processing ring: R4
2025-10-17 16:15:25,125 - INFO - \u2705 Completed ring R4 with 7 spans.
2025-10-17 16:15:25,125 - INFO - 
\U0001f501 Processing ring: R4-C1
2025-10-17 16:15:25,130 - INFO - \u2705 Completed ring R4-C1 with 4 spans.
2025-10-17 16:15:25,130 - INFO - 
\U0001f501 Processing ring: R4-C2
2025-10-17 16:15:25,135 - INFO - \u2705 Completed ring R4-C2 with 4 spans.
2025-10-17 16:15:25,279 - INFO - Created 2,225 records
2025-10-17 16:15:25,290 - INFO - Created 72 records
2025-10-17 16:15:25,291 - INFO - \u2705 All rings processed. Span sequence updated and saved.
