2025-09-18 00:43:27,414 - INFO - Created 1,596 records
2025-09-18 00:43:27,419 - INFO - Created 66 records
2025-09-18 00:43:27,420 - INFO - ✅ Sequence assigned and saved with original index preserved.
2025-09-18 00:43:27,424 - INFO - Created 0 records
2025-09-18 00:43:27,467 - INFO - 🔄 Found 8 rings: ['R1', 'R1-C1', 'R2', 'R2-C1', 'R3', 'R3-C1', 'R4', 'R4-C1']
2025-09-18 00:43:27,467 - INFO - 
🔁 Processing ring: R1
2025-09-18 00:43:27,472 - INFO - ✅ Completed ring R1 with 10 spans.
2025-09-18 00:43:27,472 - INFO - 
🔁 Processing ring: R1-C1
2025-09-18 00:43:27,474 - INFO - ✅ Completed ring R1-C1 with 4 spans.
2025-09-18 00:43:27,474 - INFO - 
🔁 Processing ring: R2
2025-09-18 00:43:27,479 - INFO - ✅ Completed ring R2 with 10 spans.
2025-09-18 00:43:27,479 - INFO - 
🔁 Processing ring: R2-C1
2025-09-18 00:43:27,482 - INFO - ✅ Completed ring R2-C1 with 4 spans.
2025-09-18 00:43:27,482 - INFO - 
🔁 Processing ring: R3
2025-09-18 00:43:27,488 - INFO - ✅ Completed ring R3 with 12 spans.
2025-09-18 00:43:27,488 - INFO - 
🔁 Processing ring: R3-C1
2025-09-18 00:43:27,490 - INFO - ✅ Completed ring R3-C1 with 5 spans.
2025-09-18 00:43:27,490 - INFO - 
🔁 Processing ring: R4
2025-09-18 00:43:27,494 - INFO - ✅ Completed ring R4 with 8 spans.
2025-09-18 00:43:27,494 - INFO - 
🔁 Processing ring: R4-C1
2025-09-18 00:43:27,497 - INFO - ✅ Completed ring R4-C1 with 6 spans.
2025-09-18 00:43:27,545 - INFO - Created 1,596 records
2025-09-18 00:43:27,551 - INFO - Created 66 records
2025-09-18 00:43:27,551 - INFO - ✅ All rings processed. Span sequence updated and saved.
