2025-10-14 00:26:33,123 - INFO - Created 1,108 records
2025-10-14 00:26:33,130 - INFO - Created 83 records
2025-10-14 00:26:33,131 - INFO - ✅ Sequence assigned and saved with original index preserved.
2025-10-14 00:26:33,134 - INFO - Created 0 records
2025-10-14 00:26:33,170 - INFO - 🔄 Found 9 rings: ['R1', 'R1-C1', 'R2', 'R2-C1', 'R3', 'R3-C1', 'R4', 'R4-C1', 'R5']
2025-10-14 00:26:33,170 - INFO - 
🔁 Processing ring: R1
2025-10-14 00:26:33,173 - INFO - ✅ Completed ring R1 with 6 spans.
2025-10-14 00:26:33,173 - INFO - 
🔁 Processing ring: R1-C1
2025-10-14 00:26:33,177 - INFO - ✅ Completed ring R1-C1 with 9 spans.
2025-10-14 00:26:33,177 - INFO - 
🔁 Processing ring: R2
2025-10-14 00:26:33,181 - INFO - ✅ Completed ring R2 with 9 spans.
2025-10-14 00:26:33,181 - INFO - 
🔁 Processing ring: R2-C1
2025-10-14 00:26:33,183 - INFO - ✅ Completed ring R2-C1 with 6 spans.
2025-10-14 00:26:33,183 - INFO - 
🔁 Processing ring: R3
2025-10-14 00:26:33,188 - INFO - ✅ Completed ring R3 with 10 spans.
2025-10-14 00:26:33,188 - INFO - 
🔁 Processing ring: R3-C1
2025-10-14 00:26:33,191 - INFO - ✅ Completed ring R3-C1 with 8 spans.
2025-10-14 00:26:33,191 - INFO - 
🔁 Processing ring: R4
2025-10-14 00:26:33,195 - INFO - ✅ Completed ring R4 with 10 spans.
2025-10-14 00:26:33,195 - INFO - 
🔁 Processing ring: R4-C1
2025-10-14 00:26:33,199 - INFO - ✅ Completed ring R4-C1 with 8 spans.
2025-10-14 00:26:33,199 - INFO - 
🔁 Processing ring: R5
2025-10-14 00:26:33,202 - INFO - ✅ Completed ring R5 with 7 spans.
2025-10-14 00:26:33,257 - INFO - Created 1,108 records
2025-10-14 00:26:33,263 - INFO - Created 83 records
2025-10-14 00:26:33,263 - INFO - ✅ All rings processed. Span sequence updated and saved.
