2025-11-15 22:59:01,141 - WARNING - ⚠️ Warning: Disconnected segment remains in span 'DEVIKHEDA TO DEDLA'.
2025-11-15 22:59:01,141 - WARNING - ⚠️ The Span DEVIKHEDA TO DEDLA is disconnected at this point (75.04487735300006, 22.774582671000076)
2025-11-15 22:59:03,453 - INFO - Created 3,187 records
2025-11-15 22:59:03,470 - INFO - Created 106 records
2025-11-15 22:59:03,471 - INFO - ✅ Sequence assigned and saved with original index preserved.
2025-11-15 22:59:03,473 - INFO - Created 1 records
2025-11-15 22:59:03,560 - INFO - 🔄 Found 12 rings: ['R1', 'R2', 'R2-C1', 'R3', 'R4', 'R4-C1', 'R5', 'R5-C1', 'R5-C2', 'R6', 'R6-C1', 'R6-C2']
2025-11-15 22:59:03,560 - INFO - 
🔁 Processing ring: R1
2025-11-15 22:59:03,564 - INFO - ✅ Completed ring R1 with 8 spans.
2025-11-15 22:59:03,564 - INFO - 
🔁 Processing ring: R2
2025-11-15 22:59:03,569 - INFO - ✅ Completed ring R2 with 10 spans.
2025-11-15 22:59:03,569 - INFO - 
🔁 Processing ring: R2-C1
2025-11-15 22:59:03,572 - INFO - ✅ Completed ring R2-C1 with 5 spans.
2025-11-15 22:59:03,572 - INFO - 
🔁 Processing ring: R3
2025-11-15 22:59:03,576 - INFO - ✅ Completed ring R3 with 8 spans.
2025-11-15 22:59:03,576 - INFO - 
🔁 Processing ring: R4
2025-11-15 22:59:03,582 - INFO - ✅ Completed ring R4 with 12 spans.
2025-11-15 22:59:03,582 - INFO - 
🔁 Processing ring: R4-C1
2025-11-15 22:59:03,587 - INFO - ✅ Completed ring R4-C1 with 10 spans.
2025-11-15 22:59:03,587 - INFO - 
🔁 Processing ring: R5
2025-11-15 22:59:03,592 - INFO - ✅ Completed ring R5 with 11 spans.
2025-11-15 22:59:03,592 - INFO - 
🔁 Processing ring: R5-C1
2025-11-15 22:59:03,596 - INFO - ✅ Completed ring R5-C1 with 7 spans.
2025-11-15 22:59:03,596 - INFO - 
🔁 Processing ring: R5-C2
2025-11-15 22:59:03,597 - INFO - ✅ Completed ring R5-C2 with 2 spans.
2025-11-15 22:59:03,597 - INFO - 
🔁 Processing ring: R6
2025-11-15 22:59:03,602 - INFO - ✅ Completed ring R6 with 10 spans.
2025-11-15 22:59:03,602 - INFO - 
🔁 Processing ring: R6-C1
2025-11-15 22:59:03,606 - INFO - ✅ Completed ring R6-C1 with 9 spans.
2025-11-15 22:59:03,606 - INFO - 
🔁 Processing ring: R6-C2
2025-11-15 22:59:03,609 - INFO - ✅ Completed ring R6-C2 with 5 spans.
2025-11-15 22:59:03,716 - INFO - Created 3,187 records
2025-11-15 22:59:03,734 - INFO - Created 106 records
2025-11-15 22:59:03,735 - INFO - ✅ All rings processed. Span sequence updated and saved.
