2025-10-30 23:12:17,762 - WARNING - ⚠️ Warning: Disconnected segment remains in span 'BAIDHAN BLOCK TO PIPARA'.
2025-10-30 23:12:17,762 - WARNING - ⚠️ The Span BAIDHAN BLOCK TO PIPARA is disconnected at this point (82.61483617500005, 24.072424454000043)
2025-10-30 23:12:17,857 - WARNING - ⚠️ Warning: Disconnected segment remains in span 'BAIDHAN BLOCK TO SIDHHIKALA'.
2025-10-30 23:12:17,857 - WARNING - ⚠️ The Span BAIDHAN BLOCK TO SIDHHIKALA is disconnected at this point (82.61629132800005, 24.011700362000056)
2025-10-30 23:12:17,929 - WARNING - ⚠️ Warning: Disconnected segment remains in span 'BAIDHAN BLOCK TO SIDHHIKHURD'.
2025-10-30 23:12:17,930 - WARNING - ⚠️ The Span BAIDHAN BLOCK TO SIDHHIKHURD is disconnected at this point (82.61674332400008, 24.009980403000043)
2025-10-30 23:12:18,431 - WARNING - ⚠️ Warning: Disconnected segment remains in span 'BHUDKUD TO SITULKHURD'.
2025-10-30 23:12:18,431 - WARNING - ⚠️ The Span BHUDKUD TO SITULKHURD is disconnected at this point (82.52391670000003, 24.009573300000056)
2025-10-30 23:12:18,998 - WARNING - ⚠️ Warning: Disconnected segment remains in span 'DHENKI TO T-POINT KARKOSA'.
2025-10-30 23:12:18,998 - WARNING - ⚠️ The Span DHENKI TO T-POINT KARKOSA is disconnected at this point (82.55638262000008, 24.042267710000033)
2025-10-30 23:12:19,101 - WARNING - ⚠️ Warning: Disconnected segment remains in span 'GADERIA TO CHINAGITOLA'.
2025-10-30 23:12:19,101 - WARNING - ⚠️ The Span GADERIA TO CHINAGITOLA is disconnected at this point (82.50454359000008, 24.167000209000037)
2025-10-30 23:12:19,559 - WARNING - ⚠️ Warning: Disconnected segment remains in span 'KAM TO KARKOSA'.
2025-10-30 23:12:19,559 - WARNING - ⚠️ The Span KAM TO KARKOSA is disconnected at this point (82.56067670000004, 24.042410200000063)
2025-10-30 23:12:20,140 - WARNING - ⚠️ Warning: Disconnected segment remains in span 'MADHURA TO BAIDHAN BLOCK'.
2025-10-30 23:12:20,140 - WARNING - ⚠️ The Span MADHURA TO BAIDHAN BLOCK is disconnected at this point (82.58094041600003, 24.07739825500005)
2025-10-30 23:12:22,097 - INFO - Created 4,168 records
2025-10-30 23:12:22,112 - INFO - Created 118 records
2025-10-30 23:12:22,113 - INFO - ✅ Sequence assigned and saved with original index preserved.
2025-10-30 23:12:22,115 - INFO - Created 8 records
2025-10-30 23:12:22,239 - INFO - 🔄 Found 17 rings: ['R1', 'R1-C1', 'R1-C2', 'R1-C3', 'R2', 'R2-C1', 'R2-C2', 'R3', 'R3-C1', 'R3-C2', 'R4', 'R4-C1', 'R4-C2', 'R5', 'R5-C1', 'R5-C2', 'R5-C3']
2025-10-30 23:12:22,239 - INFO - 
🔁 Processing ring: R1
2025-10-30 23:12:22,241 - INFO - ✅ Completed ring R1 with 0 spans.
2025-10-30 23:12:22,241 - INFO - 
🔁 Processing ring: R1-C1
2025-10-30 23:12:22,243 - INFO - ✅ Completed ring R1-C1 with 4 spans.
2025-10-30 23:12:22,243 - INFO - 
🔁 Processing ring: R1-C2
2025-10-30 23:12:22,245 - INFO - ✅ Completed ring R1-C2 with 2 spans.
2025-10-30 23:12:22,245 - INFO - 
🔁 Processing ring: R1-C3
2025-10-30 23:12:22,247 - INFO - ✅ Completed ring R1-C3 with 4 spans.
2025-10-30 23:12:22,247 - INFO - 
🔁 Processing ring: R2
2025-10-30 23:12:22,253 - INFO - ✅ Completed ring R2 with 11 spans.
2025-10-30 23:12:22,253 - INFO - 
🔁 Processing ring: R2-C1
2025-10-30 23:12:22,256 - INFO - ✅ Completed ring R2-C1 with 6 spans.
2025-10-30 23:12:22,256 - INFO - 
🔁 Processing ring: R2-C2
2025-10-30 23:12:22,258 - INFO - ✅ Completed ring R2-C2 with 4 spans.
2025-10-30 23:12:22,258 - INFO - 
🔁 Processing ring: R3
2025-10-30 23:12:22,261 - INFO - ✅ Completed ring R3 with 2 spans.
2025-10-30 23:12:22,261 - INFO - 
🔁 Processing ring: R3-C1
2025-10-30 23:12:22,263 - INFO - ✅ Completed ring R3-C1 with 4 spans.
2025-10-30 23:12:22,263 - INFO - 
🔁 Processing ring: R3-C2
2025-10-30 23:12:22,265 - INFO - ✅ Completed ring R3-C2 with 3 spans.
2025-10-30 23:12:22,265 - INFO - 
🔁 Processing ring: R4
2025-10-30 23:12:22,270 - INFO - ✅ Completed ring R4 with 10 spans.
2025-10-30 23:12:22,270 - INFO - 
🔁 Processing ring: R4-C1
2025-10-30 23:12:22,273 - INFO - ✅ Completed ring R4-C1 with 5 spans.
2025-10-30 23:12:22,273 - INFO - 
🔁 Processing ring: R4-C2
2025-10-30 23:12:22,277 - INFO - ✅ Completed ring R4-C2 with 8 spans.
2025-10-30 23:12:22,277 - INFO - 
🔁 Processing ring: R5
2025-10-30 23:12:22,279 - INFO - ✅ Completed ring R5 with 1 spans.
2025-10-30 23:12:22,279 - INFO - 
🔁 Processing ring: R5-C1
2025-10-30 23:12:22,282 - INFO - ✅ Completed ring R5-C1 with 6 spans.
2025-10-30 23:12:22,282 - INFO - 
🔁 Processing ring: R5-C2
2025-10-30 23:12:22,284 - INFO - ✅ Completed ring R5-C2 with 4 spans.
2025-10-30 23:12:22,284 - INFO - 
🔁 Processing ring: R5-C3
2025-10-30 23:12:22,287 - INFO - ✅ Completed ring R5-C3 with 4 spans.
2025-10-30 23:12:22,414 - INFO - Created 4,168 records
2025-10-30 23:12:22,428 - INFO - Created 118 records
2025-10-30 23:12:22,429 - INFO - ✅ All rings processed. Span sequence updated and saved.
