2025-10-30 23:08:29,421 - WARNING - ⚠️ Warning: Disconnected segment remains in span 'AMILWAN TO TENDUHA'.
2025-10-30 23:08:29,421 - WARNING - ⚠️ The Span AMILWAN TO TENDUHA is disconnected at this point (82.49977257900008, 24.041515893000053)
2025-10-30 23:08:29,663 - WARNING - ⚠️ Warning: Disconnected segment remains in span 'BAIDHAN BLOCK TO PIPARA'.
2025-10-30 23:08:29,663 - WARNING - ⚠️ The Span BAIDHAN BLOCK TO PIPARA is disconnected at this point (82.61483617500005, 24.072424454000043)
2025-10-30 23:08:29,761 - WARNING - ⚠️ Warning: Disconnected segment remains in span 'BAIDHAN BLOCK TO SIDHHIKALA'.
2025-10-30 23:08:29,761 - WARNING - ⚠️ The Span BAIDHAN BLOCK TO SIDHHIKALA is disconnected at this point (82.61629132800005, 24.011700362000056)
2025-10-30 23:08:29,834 - WARNING - ⚠️ Warning: Disconnected segment remains in span 'BAIDHAN BLOCK TO SIDHHIKHURD'.
2025-10-30 23:08:29,834 - WARNING - ⚠️ The Span BAIDHAN BLOCK TO SIDHHIKHURD is disconnected at this point (82.61674332400008, 24.009980403000043)
2025-10-30 23:08:30,332 - WARNING - ⚠️ Warning: Disconnected segment remains in span 'BHUDKUD TO SITULKHURD'.
2025-10-30 23:08:30,332 - WARNING - ⚠️ The Span BHUDKUD TO SITULKHURD is disconnected at this point (82.52391670000003, 24.009573300000056)
2025-10-30 23:08:30,888 - WARNING - ⚠️ Warning: Disconnected segment remains in span 'DHENKI TO T-POINT KARKOSA'.
2025-10-30 23:08:30,888 - WARNING - ⚠️ The Span DHENKI TO T-POINT KARKOSA is disconnected at this point (82.55638262000008, 24.042267710000033)
2025-10-30 23:08:30,985 - WARNING - ⚠️ Warning: Disconnected segment remains in span 'GADERIA TO CHINAGITOLA'.
2025-10-30 23:08:30,985 - WARNING - ⚠️ The Span GADERIA TO CHINAGITOLA is disconnected at this point (82.50454359000008, 24.167000209000037)
2025-10-30 23:08:31,438 - WARNING - ⚠️ Warning: Disconnected segment remains in span 'KAM TO KARKOSA'.
2025-10-30 23:08:31,438 - WARNING - ⚠️ The Span KAM TO KARKOSA is disconnected at this point (82.56067670000004, 24.042410200000063)
2025-10-30 23:08:32,025 - WARNING - ⚠️ Warning: Disconnected segment remains in span 'MADHURA TO BAIDHAN BLOCK'.
2025-10-30 23:08:32,025 - WARNING - ⚠️ The Span MADHURA TO BAIDHAN BLOCK is disconnected at this point (82.58094041600003, 24.07739825500005)
2025-10-30 23:08:34,005 - INFO - Created 4,168 records
2025-10-30 23:08:34,023 - INFO - Created 118 records
2025-10-30 23:08:34,023 - INFO - ✅ Sequence assigned and saved with original index preserved.
2025-10-30 23:08:34,025 - INFO - Created 9 records
2025-10-30 23:08:34,146 - INFO - 🔄 Found 17 rings: ['R1', 'R1-C1', 'R1-C2', 'R1-C3', 'R2', 'R2-C1', 'R2-C2', 'R3', 'R3-C1', 'R3-C2', 'R4', 'R4-C1', 'R4-C2', 'R5', 'R5-C1', 'R5-C2', 'R5-C3']
2025-10-30 23:08:34,147 - INFO - 
🔁 Processing ring: R1
2025-10-30 23:08:34,148 - INFO - ✅ Completed ring R1 with 0 spans.
2025-10-30 23:08:34,148 - INFO - 
🔁 Processing ring: R1-C1
2025-10-30 23:08:34,150 - INFO - ✅ Completed ring R1-C1 with 2 spans.
2025-10-30 23:08:34,150 - INFO - 
🔁 Processing ring: R1-C2
2025-10-30 23:08:34,151 - INFO - ✅ Completed ring R1-C2 with 2 spans.
2025-10-30 23:08:34,151 - INFO - 
🔁 Processing ring: R1-C3
2025-10-30 23:08:34,154 - INFO - ✅ Completed ring R1-C3 with 4 spans.
2025-10-30 23:08:34,154 - INFO - 
🔁 Processing ring: R2
2025-10-30 23:08:34,159 - INFO - ✅ Completed ring R2 with 11 spans.
2025-10-30 23:08:34,159 - INFO - 
🔁 Processing ring: R2-C1
2025-10-30 23:08:34,162 - INFO - ✅ Completed ring R2-C1 with 6 spans.
2025-10-30 23:08:34,162 - INFO - 
🔁 Processing ring: R2-C2
2025-10-30 23:08:34,165 - INFO - ✅ Completed ring R2-C2 with 4 spans.
2025-10-30 23:08:34,165 - INFO - 
🔁 Processing ring: R3
2025-10-30 23:08:34,167 - INFO - ✅ Completed ring R3 with 2 spans.
2025-10-30 23:08:34,167 - INFO - 
🔁 Processing ring: R3-C1
2025-10-30 23:08:34,169 - INFO - ✅ Completed ring R3-C1 with 4 spans.
2025-10-30 23:08:34,169 - INFO - 
🔁 Processing ring: R3-C2
2025-10-30 23:08:34,171 - INFO - ✅ Completed ring R3-C2 with 3 spans.
2025-10-30 23:08:34,171 - INFO - 
🔁 Processing ring: R4
2025-10-30 23:08:34,176 - INFO - ✅ Completed ring R4 with 10 spans.
2025-10-30 23:08:34,176 - INFO - 
🔁 Processing ring: R4-C1
2025-10-30 23:08:34,179 - INFO - ✅ Completed ring R4-C1 with 5 spans.
2025-10-30 23:08:34,179 - INFO - 
🔁 Processing ring: R4-C2
2025-10-30 23:08:34,182 - INFO - ✅ Completed ring R4-C2 with 8 spans.
2025-10-30 23:08:34,182 - INFO - 
🔁 Processing ring: R5
2025-10-30 23:08:34,185 - INFO - ✅ Completed ring R5 with 1 spans.
2025-10-30 23:08:34,185 - INFO - 
🔁 Processing ring: R5-C1
2025-10-30 23:08:34,188 - INFO - ✅ Completed ring R5-C1 with 6 spans.
2025-10-30 23:08:34,188 - INFO - 
🔁 Processing ring: R5-C2
2025-10-30 23:08:34,190 - INFO - ✅ Completed ring R5-C2 with 4 spans.
2025-10-30 23:08:34,190 - INFO - 
🔁 Processing ring: R5-C3
2025-10-30 23:08:34,192 - INFO - ✅ Completed ring R5-C3 with 4 spans.
2025-10-30 23:08:34,322 - INFO - Created 4,168 records
2025-10-30 23:08:34,336 - INFO - Created 118 records
2025-10-30 23:08:34,337 - INFO - ✅ All rings processed. Span sequence updated and saved.
