2025-08-29 13:06:33,339 - WARNING - \u26a0\ufe0f Warning: Disconnected segment remains in span 'ATARSUMA TO BHAGAWA'.
2025-08-29 13:06:33,339 - WARNING - \u26a0\ufe0f The Span ATARSUMA TO BHAGAWA is disconnected at this point (74.61203100000006, 22.123346000000026)
2025-08-29 13:06:33,382 - WARNING - \u26a0\ufe0f Warning: Disconnected segment remains in span 'BADWANYA TO THANDALA'.
2025-08-29 13:06:33,382 - WARNING - \u26a0\ufe0f The Span BADWANYA TO THANDALA is disconnected at this point (74.65961300000004, 22.129077000000052)
2025-08-29 13:06:33,409 - WARNING - \u26a0\ufe0f Warning: Disconnected segment remains in span 'BHAGAWA TO DAHI BLOCK'.
2025-08-29 13:06:33,409 - WARNING - \u26a0\ufe0f The Span BHAGAWA TO DAHI BLOCK is disconnected at this point (74.58572600000008, 22.114626000000044)
2025-08-29 13:06:34,169 - WARNING - \u26a0\ufe0f Warning: Disconnected segment remains in span 'REBARDA TO BADWANYA'.
2025-08-29 13:06:34,169 - WARNING - \u26a0\ufe0f The Span REBARDA TO BADWANYA is disconnected at this point (74.68182357100005, 22.158846093000022)
2025-08-29 13:06:34,557 - INFO - Created 836 records
2025-08-29 13:06:34,569 - INFO - Created 49 records
2025-08-29 13:06:34,571 - INFO - \u2705 Sequence assigned and saved with original index preserved.
2025-08-29 13:06:34,577 - INFO - Created 4 records
2025-08-29 13:06:34,661 - INFO - \U0001f504 Found 5 rings: ['R1', 'R2', 'R2_C1', 'R3', 'R3_C1']
2025-08-29 13:06:34,661 - INFO - 
\U0001f501 Processing ring: R1
2025-08-29 13:06:34,673 - INFO - \u2705 Completed ring R1 with 17 spans.
2025-08-29 13:06:34,674 - INFO - 
\U0001f501 Processing ring: R2
2025-08-29 13:06:34,679 - INFO - \u2705 Completed ring R2 with 7 spans.
2025-08-29 13:06:34,680 - INFO - 
\U0001f501 Processing ring: R2_C1
2025-08-29 13:06:34,683 - INFO - \u2705 Completed ring R2_C1 with 4 spans.
2025-08-29 13:06:34,683 - INFO - 
\U0001f501 Processing ring: R3
2025-08-29 13:06:34,685 - INFO - \u2705 Completed ring R3 with 0 spans.
2025-08-29 13:06:34,685 - INFO - 
\U0001f501 Processing ring: R3_C1
2025-08-29 13:06:34,688 - INFO - \u2705 Completed ring R3_C1 with 3 spans.
2025-08-29 13:06:34,750 - INFO - Created 836 records
2025-08-29 13:06:34,760 - INFO - Created 49 records
2025-08-29 13:06:34,760 - INFO - \u2705 All rings processed. Span sequence updated and saved.
