2025-08-13 12:34:41,178 - WARNING -  \u26a0\ufe0f The Geometry is multiline string starting at (77.73711399900003, 25.743121666000036) & ending at (77.73711399900003, 25.743121666000036)
2025-08-13 12:34:41,179 - WARNING -  \u26a0\ufe0f The Geometry is multiline string starting at (77.73711399900003, 25.743121666000036) & ending at (77.73711399900003, 25.743121666000036)
2025-08-13 12:34:41,198 - WARNING - \u26a0\ufe0f Warning: Disconnected segment remains in span 'INDERGARH - KALOTHARA'.
2025-08-13 12:34:41,198 - WARNING - \u26a0\ufe0f The Span INDERGARH - KALOTHARA is disconnected at this point (77.73687636600005, 25.74320136600005)
2025-08-13 12:34:43,154 - WARNING -  \u26a0\ufe0f The Geometry is multiline string starting at (77.57712389900007, 25.667971563000037) & ending at (77.57774442000004, 25.666208144000052)
2025-08-13 12:34:43,156 - WARNING -  \u26a0\ufe0f The Geometry is multiline string starting at (77.57712389900007, 25.667971563000037) & ending at (77.57774442000004, 25.666208144000052)
2025-08-13 12:34:43,233 - WARNING - multipart geomwtry at SUND - MAHESHPUR
2025-08-13 12:34:43,234 - WARNING - \u26a0\ufe0f Warning: Disconnected segment remains in span 'SUND - MAHESHPUR'.
2025-08-13 12:34:43,234 - WARNING - \u26a0\ufe0f The Span SUND - MAHESHPUR is disconnected at this point (77.57774442000004, 25.666208144000052)
2025-08-13 12:34:43,925 - INFO - Created 1,983 records
2025-08-13 12:34:43,933 - INFO - Created 80 records
2025-08-13 12:34:43,934 - INFO - \u2705 Sequence assigned and saved with original index preserved.
2025-08-13 12:34:43,937 - INFO - Created 2 records
2025-08-13 12:34:44,069 - INFO - \U0001f504 Found 8 rings: ['R1', 'R1_C1', 'R1_C2', 'R2', 'R2_C1', 'R3', 'R3_C1', 'R3_C2']
2025-08-13 12:34:44,069 - INFO - 
\U0001f501 Processing ring: R1
2025-08-13 12:34:44,076 - INFO - \u2705 Completed ring R1 with 9 spans.
2025-08-13 12:34:44,076 - INFO - 
\U0001f501 Processing ring: R1_C1
2025-08-13 12:34:44,082 - INFO - \u2705 Completed ring R1_C1 with 6 spans.
2025-08-13 12:34:44,082 - INFO - 
\U0001f501 Processing ring: R1_C2
2025-08-13 12:34:44,091 - INFO - \u2705 Completed ring R1_C2 with 11 spans.
2025-08-13 12:34:44,091 - INFO - 
\U0001f501 Processing ring: R2
2025-08-13 12:34:44,096 - INFO - \u2705 Completed ring R2 with 2 spans.
2025-08-13 12:34:44,096 - INFO - 
\U0001f501 Processing ring: R2_C1
2025-08-13 12:34:44,099 - INFO - \u2705 Completed ring R2_C1 with 2 spans.
2025-08-13 12:34:44,099 - INFO - 
\U0001f501 Processing ring: R3
2025-08-13 12:34:44,107 - INFO - \u2705 Completed ring R3 with 11 spans.
2025-08-13 12:34:44,107 - INFO - 
\U0001f501 Processing ring: R3_C1
2025-08-13 12:34:44,111 - INFO - \u2705 Completed ring R3_C1 with 4 spans.
2025-08-13 12:34:44,111 - INFO - 
\U0001f501 Processing ring: R3_C2
2025-08-13 12:34:44,117 - INFO - \u2705 Completed ring R3_C2 with 8 spans.
2025-08-13 12:34:44,212 - INFO - Created 1,983 records
2025-08-13 12:34:44,221 - INFO - Created 80 records
2025-08-13 12:34:44,221 - INFO - \u2705 All rings processed. Span sequence updated and saved.
