2025-11-15 22:17:29,877 - WARNING - ⚠️ Warning: Disconnected segment remains in span 'DEVIKHEDA TO DEDLA'.
2025-11-15 22:17:29,877 - WARNING - ⚠️ The Span DEVIKHEDA TO DEDLA is disconnected at this point (75.04487735300006, 22.774582671000076)
2025-11-15 22:17:32,335 - INFO - Created 3,187 records
2025-11-15 22:17:32,350 - INFO - Created 107 records
2025-11-15 22:17:32,350 - INFO - ✅ Sequence assigned and saved with original index preserved.
2025-11-15 22:17:32,351 - INFO - Created 1 records
2025-11-15 22:17:32,438 - INFO - 🔄 Found 12 rings: ['R1', 'R2', 'R2-C1', 'R3', 'R4', 'R4-C1', 'R5', 'R5-C1', 'R5-C2', 'R6', 'R6-C1', 'R6-C2']
2025-11-15 22:17:32,438 - INFO - 
🔁 Processing ring: R1
2025-11-15 22:17:32,443 - INFO - ✅ Completed ring R1 with 8 spans.
2025-11-15 22:17:32,444 - INFO - 
🔁 Processing ring: R2
2025-11-15 22:17:32,449 - INFO - ✅ Completed ring R2 with 10 spans.
2025-11-15 22:17:32,449 - INFO - 
🔁 Processing ring: R2-C1
2025-11-15 22:17:32,452 - INFO - ✅ Completed ring R2-C1 with 5 spans.
2025-11-15 22:17:32,452 - INFO - 
🔁 Processing ring: R3
2025-11-15 22:17:32,457 - INFO - ✅ Completed ring R3 with 9 spans.
2025-11-15 22:17:32,457 - INFO - 
🔁 Processing ring: R4
2025-11-15 22:17:32,464 - INFO - ✅ Completed ring R4 with 12 spans.
2025-11-15 22:17:32,464 - INFO - 
🔁 Processing ring: R4-C1
2025-11-15 22:17:32,469 - INFO - ✅ Completed ring R4-C1 with 10 spans.
2025-11-15 22:17:32,469 - INFO - 
🔁 Processing ring: R5
2025-11-15 22:17:32,475 - INFO - ✅ Completed ring R5 with 11 spans.
2025-11-15 22:17:32,475 - INFO - 
🔁 Processing ring: R5-C1
2025-11-15 22:17:32,479 - INFO - ✅ Completed ring R5-C1 with 7 spans.
2025-11-15 22:17:32,479 - INFO - 
🔁 Processing ring: R5-C2
2025-11-15 22:17:32,480 - INFO - ✅ Completed ring R5-C2 with 2 spans.
2025-11-15 22:17:32,480 - INFO - 
🔁 Processing ring: R6
2025-11-15 22:17:32,485 - INFO - ✅ Completed ring R6 with 10 spans.
2025-11-15 22:17:32,485 - INFO - 
🔁 Processing ring: R6-C1
2025-11-15 22:17:32,489 - INFO - ✅ Completed ring R6-C1 with 9 spans.
2025-11-15 22:17:32,489 - INFO - 
🔁 Processing ring: R6-C2
2025-11-15 22:17:32,492 - INFO - ✅ Completed ring R6-C2 with 5 spans.
2025-11-15 22:17:32,595 - INFO - Created 3,187 records
2025-11-15 22:17:32,611 - INFO - Created 107 records
2025-11-15 22:17:32,611 - INFO - ✅ All rings processed. Span sequence updated and saved.
