2025-11-20 22:48:18,185 - INFO - Created 1,196 records
2025-11-20 22:48:18,194 - INFO - Created 64 records
2025-11-20 22:48:18,196 - INFO - ✅ Sequence assigned and saved with original index preserved.
2025-11-20 22:48:18,200 - INFO - Created 0 records
2025-11-20 22:48:18,237 - INFO - 🔄 Found 7 rings: ['R1', 'R2', 'R2-C1', 'R3', 'R3-C1', 'R4', 'R4-C1']
2025-11-20 22:48:18,237 - INFO - 
🔁 Processing ring: R1
2025-11-20 22:48:18,243 - INFO - ✅ Completed ring R1 with 11 spans.
2025-11-20 22:48:18,243 - INFO - 
🔁 Processing ring: R2
2025-11-20 22:48:18,246 - INFO - ✅ Completed ring R2 with 7 spans.
2025-11-20 22:48:18,247 - INFO - 
🔁 Processing ring: R2-C1
2025-11-20 22:48:18,250 - INFO - ✅ Completed ring R2-C1 with 6 spans.
2025-11-20 22:48:18,250 - INFO - 
🔁 Processing ring: R3
2025-11-20 22:48:18,255 - INFO - ✅ Completed ring R3 with 11 spans.
2025-11-20 22:48:18,255 - INFO - 
🔁 Processing ring: R3-C1
2025-11-20 22:48:18,259 - INFO - ✅ Completed ring R3-C1 with 7 spans.
2025-11-20 22:48:18,259 - INFO - 
🔁 Processing ring: R4
2025-11-20 22:48:18,263 - INFO - ✅ Completed ring R4 with 9 spans.
2025-11-20 22:48:18,263 - INFO - 
🔁 Processing ring: R4-C1
2025-11-20 22:48:18,267 - INFO - ✅ Completed ring R4-C1 with 9 spans.
2025-11-20 22:48:18,306 - INFO - Created 1,196 records
2025-11-20 22:48:18,315 - INFO - Created 64 records
2025-11-20 22:48:18,315 - INFO - ✅ All rings processed. Span sequence updated and saved.
