2025-11-20 10:58:17,806 - INFO - Created 1,728 records
2025-11-20 10:58:17,816 - INFO - Created 99 records
2025-11-20 10:58:17,817 - INFO - \u2705 Sequence assigned and saved with original index preserved.
2025-11-20 10:58:17,838 - INFO - Created 0 records
2025-11-20 10:58:17,983 - INFO - \U0001f504 Found 11 rings: ['R1', 'R2', 'R2-C1', 'R2-C2', 'R2-C3', 'R3', 'R4', 'R5', 'R5-C1', 'R6', 'R6-C1']
2025-11-20 10:58:17,983 - INFO - 
\U0001f501 Processing ring: R1
2025-11-20 10:58:17,991 - INFO - \u2705 Completed ring R1 with 8 spans.
2025-11-20 10:58:17,991 - INFO - 
\U0001f501 Processing ring: R2
2025-11-20 10:58:17,999 - INFO - \u2705 Completed ring R2 with 9 spans.
2025-11-20 10:58:17,999 - INFO - 
\U0001f501 Processing ring: R2-C1
2025-11-20 10:58:18,002 - INFO - \u2705 Completed ring R2-C1 with 3 spans.
2025-11-20 10:58:18,002 - INFO - 
\U0001f501 Processing ring: R2-C2
2025-11-20 10:58:18,009 - INFO - \u2705 Completed ring R2-C2 with 8 spans.
2025-11-20 10:58:18,009 - INFO - 
\U0001f501 Processing ring: R2-C3
2025-11-20 10:58:18,014 - INFO - \u2705 Completed ring R2-C3 with 6 spans.
2025-11-20 10:58:18,014 - INFO - 
\U0001f501 Processing ring: R3
2025-11-20 10:58:18,021 - INFO - \u2705 Completed ring R3 with 8 spans.
2025-11-20 10:58:18,021 - INFO - 
\U0001f501 Processing ring: R4
2025-11-20 10:58:18,028 - INFO - \u2705 Completed ring R4 with 9 spans.
2025-11-20 10:58:18,028 - INFO - 
\U0001f501 Processing ring: R5
2025-11-20 10:58:18,036 - INFO - \u2705 Completed ring R5 with 9 spans.
2025-11-20 10:58:18,036 - INFO - 
\U0001f501 Processing ring: R5-C1
2025-11-20 10:58:18,042 - INFO - \u2705 Completed ring R5-C1 with 8 spans.
2025-11-20 10:58:18,042 - INFO - 
\U0001f501 Processing ring: R6
2025-11-20 10:58:18,049 - INFO - \u2705 Completed ring R6 with 9 spans.
2025-11-20 10:58:18,049 - INFO - 
\U0001f501 Processing ring: R6-C1
2025-11-20 10:58:18,053 - INFO - \u2705 Completed ring R6-C1 with 4 spans.
2025-11-20 10:58:18,156 - INFO - Created 1,728 records
2025-11-20 10:58:18,165 - INFO - Created 99 records
2025-11-20 10:58:18,166 - INFO - \u2705 All rings processed. Span sequence updated and saved.
