2025-12-05 00:27:30,836 - INFO - Created 2,147 records
2025-12-05 00:27:30,847 - INFO - Created 95 records
2025-12-05 00:27:30,847 - INFO - ✅ Sequence assigned and saved with original index preserved.
2025-12-05 00:27:30,851 - INFO - Created 0 records
2025-12-05 00:27:30,911 - INFO - 🔄 Found 11 rings: ['R1', 'R2', 'R2-C1', 'R2-C2', 'R3', 'R3-C1', 'R3-C2', 'R4', 'R4-C1', 'R5', 'R5-C1']
2025-12-05 00:27:30,911 - INFO - 
🔁 Processing ring: R1
2025-12-05 00:27:30,915 - INFO - ✅ Completed ring R1 with 8 spans.
2025-12-05 00:27:30,915 - INFO - 
🔁 Processing ring: R2
2025-12-05 00:27:30,919 - INFO - ✅ Completed ring R2 with 8 spans.
2025-12-05 00:27:30,919 - INFO - 
🔁 Processing ring: R2-C1
2025-12-05 00:27:30,923 - INFO - ✅ Completed ring R2-C1 with 8 spans.
2025-12-05 00:27:30,923 - INFO - 
🔁 Processing ring: R2-C2
2025-12-05 00:27:30,927 - INFO - ✅ Completed ring R2-C2 with 8 spans.
2025-12-05 00:27:30,927 - INFO - 
🔁 Processing ring: R3
2025-12-05 00:27:30,931 - INFO - ✅ Completed ring R3 with 10 spans.
2025-12-05 00:27:30,931 - INFO - 
🔁 Processing ring: R3-C1
2025-12-05 00:27:30,935 - INFO - ✅ Completed ring R3-C1 with 7 spans.
2025-12-05 00:27:30,935 - INFO - 
🔁 Processing ring: R3-C2
2025-12-05 00:27:30,937 - INFO - ✅ Completed ring R3-C2 with 5 spans.
2025-12-05 00:27:30,937 - INFO - 
🔁 Processing ring: R4
2025-12-05 00:27:30,941 - INFO - ✅ Completed ring R4 with 7 spans.
2025-12-05 00:27:30,941 - INFO - 
🔁 Processing ring: R4-C1
2025-12-05 00:27:30,943 - INFO - ✅ Completed ring R4-C1 with 3 spans.
2025-12-05 00:27:30,943 - INFO - 
🔁 Processing ring: R5
2025-12-05 00:27:30,947 - INFO - ✅ Completed ring R5 with 9 spans.
2025-12-05 00:27:30,947 - INFO - 
🔁 Processing ring: R5-C1
2025-12-05 00:27:30,949 - INFO - ✅ Completed ring R5-C1 with 4 spans.
2025-12-05 00:27:31,071 - INFO - Created 2,147 records
2025-12-05 00:27:31,083 - INFO - Created 95 records
2025-12-05 00:27:31,083 - INFO - ✅ All rings processed. Span sequence updated and saved.
