2025-11-26 14:30:32,285 - INFO - Created 2,276 records
2025-11-26 14:30:32,302 - INFO - Created 115 records
2025-11-26 14:30:32,303 - INFO - \u2705 Sequence assigned and saved with original index preserved.
2025-11-26 14:30:32,347 - INFO - Created 0 records
2025-11-26 14:30:32,502 - INFO - \U0001f504 Found 13 rings: ['R1', 'R1-C1', 'R2', 'R2-C1', 'R3', 'R3-C1', 'R4', 'R4-C1', 'R5', 'R5-C1', 'R5-C2', 'R6', 'R6-C1']
2025-11-26 14:30:32,503 - INFO - 
\U0001f501 Processing ring: R1
2025-11-26 14:30:32,512 - INFO - \u2705 Completed ring R1 with 9 spans.
2025-11-26 14:30:32,512 - INFO - 
\U0001f501 Processing ring: R1-C1
2025-11-26 14:30:32,522 - INFO - \u2705 Completed ring R1-C1 with 8 spans.
2025-11-26 14:30:32,522 - INFO - 
\U0001f501 Processing ring: R2
2025-11-26 14:30:32,535 - INFO - \u2705 Completed ring R2 with 11 spans.
2025-11-26 14:30:32,535 - INFO - 
\U0001f501 Processing ring: R2-C1
2025-11-26 14:30:32,544 - INFO - \u2705 Completed ring R2-C1 with 8 spans.
2025-11-26 14:30:32,544 - INFO - 
\U0001f501 Processing ring: R3
2025-11-26 14:30:32,555 - INFO - \u2705 Completed ring R3 with 9 spans.
2025-11-26 14:30:32,555 - INFO - 
\U0001f501 Processing ring: R3-C1
2025-11-26 14:30:32,565 - INFO - \u2705 Completed ring R3-C1 with 9 spans.
2025-11-26 14:30:32,565 - INFO - 
\U0001f501 Processing ring: R4
2025-11-26 14:30:32,573 - INFO - \u2705 Completed ring R4 with 9 spans.
2025-11-26 14:30:32,573 - INFO - 
\U0001f501 Processing ring: R4-C1
2025-11-26 14:30:32,578 - INFO - \u2705 Completed ring R4-C1 with 3 spans.
2025-11-26 14:30:32,578 - INFO - 
\U0001f501 Processing ring: R5
2025-11-26 14:30:32,587 - INFO - \u2705 Completed ring R5 with 11 spans.
2025-11-26 14:30:32,587 - INFO - 
\U0001f501 Processing ring: R5-C1
2025-11-26 14:30:32,591 - INFO - \u2705 Completed ring R5-C1 with 4 spans.
2025-11-26 14:30:32,591 - INFO - 
\U0001f501 Processing ring: R5-C2
2025-11-26 14:30:32,597 - INFO - \u2705 Completed ring R5-C2 with 7 spans.
2025-11-26 14:30:32,598 - INFO - 
\U0001f501 Processing ring: R6
2025-11-26 14:30:32,607 - INFO - \u2705 Completed ring R6 with 11 spans.
2025-11-26 14:30:32,607 - INFO - 
\U0001f501 Processing ring: R6-C1
2025-11-26 14:30:32,613 - INFO - \u2705 Completed ring R6-C1 with 6 spans.
2025-11-26 14:30:32,746 - INFO - Created 2,276 records
2025-11-26 14:30:32,762 - INFO - Created 115 records
2025-11-26 14:30:32,762 - INFO - \u2705 All rings processed. Span sequence updated and saved.
