2025-10-14 00:07:39,345 - INFO - Created 1,108 records
2025-10-14 00:07:39,352 - INFO - Created 83 records
2025-10-14 00:07:39,353 - INFO - ✅ Sequence assigned and saved with original index preserved.
2025-10-14 00:07:39,356 - INFO - Created 0 records
2025-10-14 00:07:39,391 - INFO - 🔄 Found 9 rings: ['R1', 'R1-C1', 'R2', 'R2-C1', 'R3', 'R3-C1', 'R4', 'R4-C1', 'R5']
2025-10-14 00:07:39,391 - INFO - 
🔁 Processing ring: R1
2025-10-14 00:07:39,394 - INFO - ✅ Completed ring R1 with 6 spans.
2025-10-14 00:07:39,394 - INFO - 
🔁 Processing ring: R1-C1
2025-10-14 00:07:39,399 - INFO - ✅ Completed ring R1-C1 with 9 spans.
2025-10-14 00:07:39,399 - INFO - 
🔁 Processing ring: R2
2025-10-14 00:07:39,403 - INFO - ✅ Completed ring R2 with 9 spans.
2025-10-14 00:07:39,403 - INFO - 
🔁 Processing ring: R2-C1
2025-10-14 00:07:39,406 - INFO - ✅ Completed ring R2-C1 with 7 spans.
2025-10-14 00:07:39,406 - INFO - 
🔁 Processing ring: R3
2025-10-14 00:07:39,411 - INFO - ✅ Completed ring R3 with 10 spans.
2025-10-14 00:07:39,411 - INFO - 
🔁 Processing ring: R3-C1
2025-10-14 00:07:39,415 - INFO - ✅ Completed ring R3-C1 with 8 spans.
2025-10-14 00:07:39,415 - INFO - 
🔁 Processing ring: R4
2025-10-14 00:07:39,419 - INFO - ✅ Completed ring R4 with 10 spans.
2025-10-14 00:07:39,419 - INFO - 
🔁 Processing ring: R4-C1
2025-10-14 00:07:39,423 - INFO - ✅ Completed ring R4-C1 with 8 spans.
2025-10-14 00:07:39,423 - INFO - 
🔁 Processing ring: R5
2025-10-14 00:07:39,427 - INFO - ✅ Completed ring R5 with 7 spans.
2025-10-14 00:07:39,490 - INFO - Created 1,108 records
2025-10-14 00:07:39,495 - INFO - Created 83 records
2025-10-14 00:07:39,495 - INFO - ✅ All rings processed. Span sequence updated and saved.
