2025-10-15 23:23:52,433 - INFO - Created 483 records
2025-10-15 23:23:52,436 - INFO - Created 52 records
2025-10-15 23:23:52,437 - INFO - ✅ Sequence assigned and saved with original index preserved.
2025-10-15 23:23:52,438 - INFO - Created 0 records
2025-10-15 23:23:52,455 - INFO - 🔄 Found 6 rings: ['R1', 'R1-C1', 'R2', 'R2-C1', 'R3', 'R3-C1']
2025-10-15 23:23:52,455 - INFO - 
🔁 Processing ring: R1
2025-10-15 23:23:52,459 - INFO - ✅ Completed ring R1 with 10 spans.
2025-10-15 23:23:52,459 - INFO - 
🔁 Processing ring: R1-C1
2025-10-15 23:23:52,461 - INFO - ✅ Completed ring R1-C1 with 5 spans.
2025-10-15 23:23:52,461 - INFO - 
🔁 Processing ring: R2
2025-10-15 23:23:52,466 - INFO - ✅ Completed ring R2 with 10 spans.
2025-10-15 23:23:52,466 - INFO - 
🔁 Processing ring: R2-C1
2025-10-15 23:23:52,468 - INFO - ✅ Completed ring R2-C1 with 3 spans.
2025-10-15 23:23:52,468 - INFO - 
🔁 Processing ring: R3
2025-10-15 23:23:52,473 - INFO - ✅ Completed ring R3 with 11 spans.
2025-10-15 23:23:52,473 - INFO - 
🔁 Processing ring: R3-C1
2025-10-15 23:23:52,477 - INFO - ✅ Completed ring R3-C1 with 8 spans.
2025-10-15 23:23:52,502 - INFO - Created 483 records
2025-10-15 23:23:52,507 - INFO - Created 52 records
2025-10-15 23:23:52,507 - INFO - ✅ All rings processed. Span sequence updated and saved.
