2025-09-29 13:12:15,647 - WARNING - \u26a0\ufe0f Warning: Disconnected segment remains in span 'BAANS TO PANGADI KALA'.
2025-09-29 13:12:15,647 - WARNING - \u26a0\ufe0f The Span BAANS TO PANGADI KALA is disconnected at this point (81.577037, 24.8632)
2025-09-29 13:12:16,550 - WARNING - \u26a0\ufe0f Warning: Disconnected segment remains in span 'GARH TO AGADAL'.
2025-09-29 13:12:16,550 - WARNING - \u26a0\ufe0f The Span GARH TO AGADAL is disconnected at this point (81.65184806752868, 24.821937829850924)
2025-09-29 13:12:16,830 - WARNING - \u26a0\ufe0f Warning: Disconnected segment remains in span 'KAITHAL TO T-POINT GARH'.
2025-09-29 13:12:16,831 - WARNING - \u26a0\ufe0f The Span KAITHAL TO T-POINT GARH is disconnected at this point (81.6445287687059, 24.818747633287067)
2025-09-29 13:12:19,213 - INFO - Created 1,901 records
2025-09-29 13:12:19,229 - INFO - Created 99 records
2025-09-29 13:12:19,230 - INFO - \u2705 Sequence assigned and saved with original index preserved.
2025-09-29 13:12:19,235 - INFO - Created 3 records
2025-09-29 13:12:19,359 - INFO - \U0001f504 Found 11 rings: ['R1', 'R2', 'R2-C1', 'R3', 'R3-C1', 'R4', 'R4-C1', 'R5', 'R5_C1', 'R6', 'R6_C1']
2025-09-29 13:12:19,359 - INFO - 
\U0001f501 Processing ring: R1
2025-09-29 13:12:19,366 - INFO - \u2705 Completed ring R1 with 10 spans.
2025-09-29 13:12:19,366 - INFO - 
\U0001f501 Processing ring: R2
2025-09-29 13:12:19,372 - INFO - \u2705 Completed ring R2 with 7 spans.
2025-09-29 13:12:19,372 - INFO - 
\U0001f501 Processing ring: R2-C1
2025-09-29 13:12:19,378 - INFO - \u2705 Completed ring R2-C1 with 8 spans.
2025-09-29 13:12:19,378 - INFO - 
\U0001f501 Processing ring: R3
2025-09-29 13:12:19,383 - INFO - \u2705 Completed ring R3 with 5 spans.
2025-09-29 13:12:19,383 - INFO - 
\U0001f501 Processing ring: R3-C1
2025-09-29 13:12:19,388 - INFO - \u2705 Completed ring R3-C1 with 7 spans.
2025-09-29 13:12:19,389 - INFO - 
\U0001f501 Processing ring: R4
2025-09-29 13:12:19,396 - INFO - \u2705 Completed ring R4 with 10 spans.
2025-09-29 13:12:19,396 - INFO - 
\U0001f501 Processing ring: R4-C1
2025-09-29 13:12:19,401 - INFO - \u2705 Completed ring R4-C1 with 5 spans.
2025-09-29 13:12:19,401 - INFO - 
\U0001f501 Processing ring: R5
2025-09-29 13:12:19,404 - INFO - \u2705 Completed ring R5 with 3 spans.
2025-09-29 13:12:19,404 - INFO - 
\U0001f501 Processing ring: R5_C1
2025-09-29 13:12:19,411 - INFO - \u2705 Completed ring R5_C1 with 8 spans.
2025-09-29 13:12:19,411 - INFO - 
\U0001f501 Processing ring: R6
2025-09-29 13:12:19,417 - INFO - \u2705 Completed ring R6 with 7 spans.
2025-09-29 13:12:19,417 - INFO - 
\U0001f501 Processing ring: R6_C1
2025-09-29 13:12:19,424 - INFO - \u2705 Completed ring R6_C1 with 8 spans.
2025-09-29 13:12:19,538 - INFO - Created 1,901 records
2025-09-29 13:12:19,547 - INFO - Created 99 records
2025-09-29 13:12:19,548 - INFO - \u2705 All rings processed. Span sequence updated and saved.
