2025-08-23 20:43:22,926 - INFO - Created 813 records
2025-08-23 20:43:22,931 - INFO - Created 44 records
2025-08-23 20:43:22,932 - INFO - ✅ Sequence assigned and saved with original index preserved.
2025-08-23 20:43:22,936 - INFO - Created 0 records
2025-08-23 20:43:22,963 - INFO - 🔄 Found 5 rings: ['R1', 'R1-C1', 'R2', 'R3', 'R3-C1']
2025-08-23 20:43:22,963 - INFO - 
🔁 Processing ring: R1
2025-08-23 20:43:22,967 - INFO - ✅ Completed ring R1 with 8 spans.
2025-08-23 20:43:22,968 - INFO - 
🔁 Processing ring: R1-C1
2025-08-23 20:43:22,970 - INFO - ✅ Completed ring R1-C1 with 4 spans.
2025-08-23 20:43:22,970 - INFO - 
🔁 Processing ring: R2
2025-08-23 20:43:22,974 - INFO - ✅ Completed ring R2 with 8 spans.
2025-08-23 20:43:22,974 - INFO - 
🔁 Processing ring: R3
2025-08-23 20:43:22,978 - INFO - ✅ Completed ring R3 with 9 spans.
2025-08-23 20:43:22,979 - INFO - 
🔁 Processing ring: R3-C1
2025-08-23 20:43:22,983 - INFO - ✅ Completed ring R3-C1 with 9 spans.
2025-08-23 20:43:23,007 - INFO - Created 813 records
2025-08-23 20:43:23,010 - INFO - Created 44 records
2025-08-23 20:43:23,011 - INFO - ✅ All rings processed. Span sequence updated and saved.
