2025-09-09 21:53:53,474 - WARNING - ⚠️ Warning: Disconnected segment remains in span 'T-POINT GERUI TO PATAUTA'.
2025-09-09 21:53:53,475 - WARNING - ⚠️ The Span T-POINT GERUI TO PATAUTA is disconnected at this point (81.45100700000006, 24.516990000000078)
2025-09-09 21:53:54,283 - INFO - Created 2,007 records
2025-09-09 21:53:54,308 - INFO - Created 113 records
2025-09-09 21:53:54,309 - INFO - ✅ Sequence assigned and saved with original index preserved.
2025-09-09 21:53:54,311 - INFO - Created 1 records
2025-09-09 21:53:54,364 - INFO - 🔄 Found 10 rings: ['R1', 'R2', 'R2-C1', 'R3', 'R4', 'R4-C1', 'R5', 'R5_C1', 'R6', 'R6-C1']
2025-09-09 21:53:54,364 - INFO - 
🔁 Processing ring: R1
2025-09-09 21:53:54,372 - INFO - ✅ Completed ring R1 with 16 spans.
2025-09-09 21:53:54,372 - INFO - 
🔁 Processing ring: R2
2025-09-09 21:53:54,377 - INFO - ✅ Completed ring R2 with 10 spans.
2025-09-09 21:53:54,377 - INFO - 
🔁 Processing ring: R2-C1
2025-09-09 21:53:54,382 - INFO - ✅ Completed ring R2-C1 with 9 spans.
2025-09-09 21:53:54,382 - INFO - 
🔁 Processing ring: R3
2025-09-09 21:53:54,388 - INFO - ✅ Completed ring R3 with 12 spans.
2025-09-09 21:53:54,388 - INFO - 
🔁 Processing ring: R4
2025-09-09 21:53:54,392 - INFO - ✅ Completed ring R4 with 8 spans.
2025-09-09 21:53:54,392 - INFO - 
🔁 Processing ring: R4-C1
2025-09-09 21:53:54,393 - INFO - ✅ Completed ring R4-C1 with 2 spans.
2025-09-09 21:53:54,393 - INFO - 
🔁 Processing ring: R5
2025-09-09 21:53:54,398 - INFO - ✅ Completed ring R5 with 10 spans.
2025-09-09 21:53:54,398 - INFO - 
🔁 Processing ring: R5_C1
2025-09-09 21:53:54,400 - INFO - ✅ Completed ring R5_C1 with 3 spans.
2025-09-09 21:53:54,400 - INFO - 
🔁 Processing ring: R6
2025-09-09 21:53:54,404 - INFO - ✅ Completed ring R6 with 8 spans.
2025-09-09 21:53:54,404 - INFO - 
🔁 Processing ring: R6-C1
2025-09-09 21:53:54,407 - INFO - ✅ Completed ring R6-C1 with 7 spans.
2025-09-09 21:53:54,461 - INFO - Created 2,007 records
2025-09-09 21:53:54,480 - INFO - Created 113 records
2025-09-09 21:53:54,481 - INFO - ✅ All rings processed. Span sequence updated and saved.
