2025-08-30 15:20:25,533 - INFO - Created 1,215 records
2025-08-30 15:20:25,538 - INFO - Created 62 records
2025-08-30 15:20:25,538 - INFO - ✅ Sequence assigned and saved with original index preserved.
2025-08-30 15:20:25,543 - INFO - Created 0 records
2025-08-30 15:20:25,579 - INFO - 🔄 Found 6 rings: ['R1', 'R1_C1', 'R2', 'R2_C1', 'R3', 'R3_C1']
2025-08-30 15:20:25,579 - INFO - 
🔁 Processing ring: R1
2025-08-30 15:20:25,584 - INFO - ✅ Completed ring R1 with 11 spans.
2025-08-30 15:20:25,584 - INFO - 
🔁 Processing ring: R1_C1
2025-08-30 15:20:25,588 - INFO - ✅ Completed ring R1_C1 with 9 spans.
2025-08-30 15:20:25,588 - INFO - 
🔁 Processing ring: R2
2025-08-30 15:20:25,590 - INFO - ✅ Completed ring R2 with 0 spans.
2025-08-30 15:20:25,590 - INFO - 
🔁 Processing ring: R2_C1
2025-08-30 15:20:25,593 - INFO - ✅ Completed ring R2_C1 with 7 spans.
2025-08-30 15:20:25,593 - INFO - 
🔁 Processing ring: R3
2025-08-30 15:20:25,594 - INFO - ✅ Completed ring R3 with 0 spans.
2025-08-30 15:20:25,594 - INFO - 
🔁 Processing ring: R3_C1
2025-08-30 15:20:25,597 - INFO - ✅ Completed ring R3_C1 with 5 spans.
2025-08-30 15:20:25,636 - INFO - Created 1,215 records
2025-08-30 15:20:25,641 - INFO - Created 62 records
2025-08-30 15:20:25,641 - INFO - ✅ All rings processed. Span sequence updated and saved.
