2025-09-27 01:39:41,741 - ERROR - ❌ Error in get_start_end_coords: Unsupported geometry type: <class 'NoneType'>
2025-09-27 01:39:41,742 - ERROR - ❌ Error in get_start_end_coords: Unsupported geometry type: <class 'NoneType'>
2025-09-27 01:39:41,765 - WARNING - ⚠️ Warning: Disconnected segment remains in span 'BAREHI TO TATIHARA'.
2025-09-27 01:39:41,766 - WARNING - ⚠️ The Span BAREHI TO TATIHARA is disconnected at this point (81.57393700000006, 24.569747000000064)
2025-09-27 01:39:42,374 - ERROR - ❌ Error in get_start_end_coords: Unsupported geometry type: <class 'NoneType'>
2025-09-27 01:39:42,375 - ERROR - ❌ Error in get_start_end_coords: Unsupported geometry type: <class 'NoneType'>
2025-09-27 01:39:42,375 - ERROR - ❌ Error in get_start_end_coords: Unsupported geometry type: <class 'NoneType'>
2025-09-27 01:39:42,376 - ERROR - ❌ Error in get_start_end_coords: Unsupported geometry type: <class 'NoneType'>
2025-09-27 01:39:42,381 - WARNING - ⚠️ Warning: Disconnected segment remains in span 'HINAUTI TO AHIRGAON'.
2025-09-27 01:39:42,382 - WARNING - ⚠️ The Span HINAUTI TO AHIRGAON is disconnected at this point (81.63539900000006, 24.577390000000037)
2025-09-27 01:39:43,673 - ERROR - ❌ Error in get_start_end_coords: Unsupported geometry type: <class 'NoneType'>
2025-09-27 01:39:43,674 - ERROR - ❌ Error in get_start_end_coords: Unsupported geometry type: <class 'NoneType'>
2025-09-27 01:39:43,690 - WARNING - ⚠️ Warning: Disconnected segment remains in span 'SIRSA TO TAMRADESH'.
2025-09-27 01:39:43,691 - WARNING - ⚠️ The Span SIRSA TO TAMRADESH is disconnected at this point (81.67672300000004, 24.542612000000076)
2025-09-27 01:39:43,778 - WARNING - ⚠️ Warning: Disconnected segment remains in span 'SURSA KALA TO UMARI'.
2025-09-27 01:39:43,778 - WARNING - ⚠️ The Span SURSA KALA TO UMARI is disconnected at this point (81.50133405900004, 24.603540956000074)
2025-09-27 01:39:44,575 - INFO - Created 2,359 records
2025-09-27 01:39:44,583 - INFO - Created 118 records
2025-09-27 01:39:44,584 - INFO - ✅ Sequence assigned and saved with original index preserved.
2025-09-27 01:39:44,586 - INFO - Created 4 records
2025-09-27 01:39:44,650 - INFO - 🔄 Found 15 rings: ['R1', 'R1-C1', 'R2', 'R2-C1', 'R2-C2', 'R3', 'R3-C1', 'R4', 'R4-C1', 'R5', 'R5-C1', 'R5-C2', 'R6', 'R6-C1', 'R6-C2']
2025-09-27 01:39:44,650 - INFO - 
🔁 Processing ring: R1
2025-09-27 01:39:44,654 - INFO - ✅ Completed ring R1 with 9 spans.
2025-09-27 01:39:44,654 - INFO - 
🔁 Processing ring: R1-C1
2025-09-27 01:39:44,658 - INFO - ✅ Completed ring R1-C1 with 8 spans.
2025-09-27 01:39:44,658 - INFO - 
🔁 Processing ring: R2
2025-09-27 01:39:44,663 - INFO - ✅ Completed ring R2 with 11 spans.
2025-09-27 01:39:44,663 - INFO - 
🔁 Processing ring: R2-C1
2025-09-27 01:39:44,667 - INFO - ✅ Completed ring R2-C1 with 7 spans.
2025-09-27 01:39:44,667 - INFO - 
🔁 Processing ring: R2-C2
2025-09-27 01:39:44,670 - INFO - ✅ Completed ring R2-C2 with 7 spans.
2025-09-27 01:39:44,670 - INFO - 
🔁 Processing ring: R3
2025-09-27 01:39:44,674 - INFO - ✅ Completed ring R3 with 9 spans.
2025-09-27 01:39:44,674 - INFO - 
🔁 Processing ring: R3-C1
2025-09-27 01:39:44,677 - INFO - ✅ Completed ring R3-C1 with 7 spans.
2025-09-27 01:39:44,677 - INFO - 
🔁 Processing ring: R4
2025-09-27 01:39:44,681 - INFO - ✅ Completed ring R4 with 7 spans.
2025-09-27 01:39:44,681 - INFO - 
🔁 Processing ring: R4-C1
2025-09-27 01:39:44,681 - INFO - ✅ Completed ring R4-C1 with 0 spans.
2025-09-27 01:39:44,682 - INFO - 
🔁 Processing ring: R5
2025-09-27 01:39:44,685 - INFO - ✅ Completed ring R5 with 8 spans.
2025-09-27 01:39:44,685 - INFO - 
🔁 Processing ring: R5-C1
2025-09-27 01:39:44,687 - INFO - ✅ Completed ring R5-C1 with 3 spans.
2025-09-27 01:39:44,687 - INFO - 
🔁 Processing ring: R5-C2
2025-09-27 01:39:44,689 - INFO - ✅ Completed ring R5-C2 with 4 spans.
2025-09-27 01:39:44,689 - INFO - 
🔁 Processing ring: R6
2025-09-27 01:39:44,691 - INFO - ✅ Completed ring R6 with 3 spans.
2025-09-27 01:39:44,691 - INFO - 
🔁 Processing ring: R6-C1
2025-09-27 01:39:44,695 - INFO - ✅ Completed ring R6-C1 with 7 spans.
2025-09-27 01:39:44,695 - INFO - 
🔁 Processing ring: R6-C2
2025-09-27 01:39:44,696 - INFO - ✅ Completed ring R6-C2 with 2 spans.
2025-09-27 01:39:44,768 - INFO - Created 2,359 records
2025-09-27 01:39:44,776 - INFO - Created 118 records
2025-09-27 01:39:44,776 - INFO - ✅ All rings processed. Span sequence updated and saved.
