2025-10-17 15:57:05,637 - INFO - Created 2,225 records
2025-10-17 15:57:05,647 - INFO - Created 72 records
2025-10-17 15:57:05,647 - INFO - \u2705 Sequence assigned and saved with original index preserved.
2025-10-17 15:57:05,689 - INFO - Created 0 records
2025-10-17 15:57:05,834 - INFO - \U0001f504 Found 10 rings: ['R1', 'R1-C1', 'R1-C2', 'R2', 'R2-C1', 'R3', 'R3-C1', 'R4', 'R4-C1', 'R4-C2']
2025-10-17 15:57:05,834 - INFO - 
\U0001f501 Processing ring: R1
2025-10-17 15:57:05,843 - INFO - \u2705 Completed ring R1 with 10 spans.
2025-10-17 15:57:05,844 - INFO - 
\U0001f501 Processing ring: R1-C1
2025-10-17 15:57:05,849 - INFO - \u2705 Completed ring R1-C1 with 7 spans.
2025-10-17 15:57:05,850 - INFO - 
\U0001f501 Processing ring: R1-C2
2025-10-17 15:57:05,851 - INFO - \u2705 Completed ring R1-C2 with 0 spans.
2025-10-17 15:57:05,851 - INFO - 
\U0001f501 Processing ring: R2
2025-10-17 15:57:05,857 - INFO - \u2705 Completed ring R2 with 6 spans.
2025-10-17 15:57:05,857 - INFO - 
\U0001f501 Processing ring: R2-C1
2025-10-17 15:57:05,859 - INFO - \u2705 Completed ring R2-C1 with 0 spans.
2025-10-17 15:57:05,860 - INFO - 
\U0001f501 Processing ring: R3
2025-10-17 15:57:05,868 - INFO - \u2705 Completed ring R3 with 6 spans.
2025-10-17 15:57:05,868 - INFO - 
\U0001f501 Processing ring: R3-C1
2025-10-17 15:57:05,877 - INFO - \u2705 Completed ring R3-C1 with 9 spans.
2025-10-17 15:57:05,878 - INFO - 
\U0001f501 Processing ring: R4
2025-10-17 15:57:05,888 - INFO - \u2705 Completed ring R4 with 7 spans.
2025-10-17 15:57:05,888 - INFO - 
\U0001f501 Processing ring: R4-C1
2025-10-17 15:57:05,889 - INFO - \u2705 Completed ring R4-C1 with 0 spans.
2025-10-17 15:57:05,890 - INFO - 
\U0001f501 Processing ring: R4-C2
2025-10-17 15:57:05,893 - INFO - \u2705 Completed ring R4-C2 with 4 spans.
2025-10-17 15:57:06,030 - INFO - Created 2,225 records
2025-10-17 15:57:06,038 - INFO - Created 72 records
2025-10-17 15:57:06,039 - INFO - \u2705 All rings processed. Span sequence updated and saved.
