2025-10-17 16:06:47,164 - WARNING - \u26a0\ufe0f Warning: Disconnected segment remains in span 'T-POINT JERA (P) TO BERKHERI GUSAI'.
2025-10-17 16:06:47,165 - WARNING - \u26a0\ufe0f The Span T-POINT JERA (P) TO BERKHERI GUSAI is disconnected at this point (78.51641861400003, 23.583737948000078)
2025-10-17 16:06:47,825 - INFO - Created 2,225 records
2025-10-17 16:06:47,834 - INFO - Created 72 records
2025-10-17 16:06:47,835 - INFO - \u2705 Sequence assigned and saved with original index preserved.
2025-10-17 16:06:47,840 - INFO - Created 1 records
2025-10-17 16:06:48,199 - INFO - \U0001f504 Found 10 rings: ['R1', 'R1-C1', 'R1-C2', 'R2', 'R2-C1', 'R3', 'R3-C1', 'R4', 'R4-C1', 'R4-C2']
2025-10-17 16:06:48,200 - INFO - 
\U0001f501 Processing ring: R1
2025-10-17 16:06:48,210 - INFO - \u2705 Completed ring R1 with 10 spans.
2025-10-17 16:06:48,210 - INFO - 
\U0001f501 Processing ring: R1-C1
2025-10-17 16:06:48,217 - INFO - \u2705 Completed ring R1-C1 with 7 spans.
2025-10-17 16:06:48,217 - INFO - 
\U0001f501 Processing ring: R1-C2
2025-10-17 16:06:48,221 - INFO - \u2705 Completed ring R1-C2 with 4 spans.
2025-10-17 16:06:48,221 - INFO - 
\U0001f501 Processing ring: R2
2025-10-17 16:06:48,227 - INFO - \u2705 Completed ring R2 with 6 spans.
2025-10-17 16:06:48,227 - INFO - 
\U0001f501 Processing ring: R2-C1
2025-10-17 16:06:48,233 - INFO - \u2705 Completed ring R2-C1 with 8 spans.
2025-10-17 16:06:48,233 - INFO - 
\U0001f501 Processing ring: R3
2025-10-17 16:06:48,239 - INFO - \u2705 Completed ring R3 with 6 spans.
2025-10-17 16:06:48,239 - INFO - 
\U0001f501 Processing ring: R3-C1
2025-10-17 16:06:48,246 - INFO - \u2705 Completed ring R3-C1 with 9 spans.
2025-10-17 16:06:48,246 - INFO - 
\U0001f501 Processing ring: R4
2025-10-17 16:06:48,253 - INFO - \u2705 Completed ring R4 with 7 spans.
2025-10-17 16:06:48,253 - INFO - 
\U0001f501 Processing ring: R4-C1
2025-10-17 16:06:48,257 - INFO - \u2705 Completed ring R4-C1 with 4 spans.
2025-10-17 16:06:48,257 - INFO - 
\U0001f501 Processing ring: R4-C2
2025-10-17 16:06:48,260 - INFO - \u2705 Completed ring R4-C2 with 4 spans.
2025-10-17 16:06:48,383 - INFO - Created 2,225 records
2025-10-17 16:06:48,392 - INFO - Created 72 records
2025-10-17 16:06:48,393 - INFO - \u2705 All rings processed. Span sequence updated and saved.
