2025-09-29 13:30:47,764 - WARNING - \u26a0\ufe0f Warning: Disconnected segment remains in span 'BAANS TO PANGADI KALA'.
2025-09-29 13:30:47,764 - WARNING - \u26a0\ufe0f The Span BAANS TO PANGADI KALA is disconnected at this point (81.577037, 24.8632)
2025-09-29 13:30:48,818 - WARNING - \u26a0\ufe0f Warning: Disconnected segment remains in span 'GARH TO AGADAL'.
2025-09-29 13:30:48,818 - WARNING - \u26a0\ufe0f The Span GARH TO AGADAL is disconnected at this point (81.65348085783624, 24.829531815087478)
2025-09-29 13:30:49,145 - WARNING - \u26a0\ufe0f Warning: Disconnected segment remains in span 'KAITHAL TO T-POINT GARH'.
2025-09-29 13:30:49,145 - WARNING - \u26a0\ufe0f The Span KAITHAL TO T-POINT GARH is disconnected at this point (81.6445287687059, 24.818747633287067)
2025-09-29 13:30:51,799 - INFO - Created 1,901 records
2025-09-29 13:30:51,817 - INFO - Created 99 records
2025-09-29 13:30:51,817 - INFO - \u2705 Sequence assigned and saved with original index preserved.
2025-09-29 13:30:51,824 - INFO - Created 3 records
2025-09-29 13:30:51,967 - INFO - \U0001f504 Found 11 rings: ['R1', 'R2', 'R2-C1', 'R3', 'R3-C1', 'R4', 'R4-C1', 'R5', 'R5_C1', 'R6', 'R6_C1']
2025-09-29 13:30:51,967 - INFO - 
\U0001f501 Processing ring: R1
2025-09-29 13:30:51,976 - INFO - \u2705 Completed ring R1 with 10 spans.
2025-09-29 13:30:51,976 - INFO - 
\U0001f501 Processing ring: R2
2025-09-29 13:30:51,982 - INFO - \u2705 Completed ring R2 with 7 spans.
2025-09-29 13:30:51,982 - INFO - 
\U0001f501 Processing ring: R2-C1
2025-09-29 13:30:51,988 - INFO - \u2705 Completed ring R2-C1 with 8 spans.
2025-09-29 13:30:51,988 - INFO - 
\U0001f501 Processing ring: R3
2025-09-29 13:30:51,993 - INFO - \u2705 Completed ring R3 with 5 spans.
2025-09-29 13:30:51,994 - INFO - 
\U0001f501 Processing ring: R3-C1
2025-09-29 13:30:51,999 - INFO - \u2705 Completed ring R3-C1 with 7 spans.
2025-09-29 13:30:51,999 - INFO - 
\U0001f501 Processing ring: R4
2025-09-29 13:30:52,009 - INFO - \u2705 Completed ring R4 with 10 spans.
2025-09-29 13:30:52,009 - INFO - 
\U0001f501 Processing ring: R4-C1
2025-09-29 13:30:52,014 - INFO - \u2705 Completed ring R4-C1 with 5 spans.
2025-09-29 13:30:52,014 - INFO - 
\U0001f501 Processing ring: R5
2025-09-29 13:30:52,020 - INFO - \u2705 Completed ring R5 with 7 spans.
2025-09-29 13:30:52,020 - INFO - 
\U0001f501 Processing ring: R5_C1
2025-09-29 13:30:52,029 - INFO - \u2705 Completed ring R5_C1 with 8 spans.
2025-09-29 13:30:52,029 - INFO - 
\U0001f501 Processing ring: R6
2025-09-29 13:30:52,037 - INFO - \u2705 Completed ring R6 with 7 spans.
2025-09-29 13:30:52,037 - INFO - 
\U0001f501 Processing ring: R6_C1
2025-09-29 13:30:52,047 - INFO - \u2705 Completed ring R6_C1 with 8 spans.
2025-09-29 13:30:52,170 - INFO - Created 1,901 records
2025-09-29 13:30:52,180 - INFO - Created 99 records
2025-09-29 13:30:52,181 - INFO - \u2705 All rings processed. Span sequence updated and saved.
