2025-08-28 12:15:32,947 - WARNING - \u26a0\ufe0f Warning: Disconnected segment remains in span 'Antrai TO BAGDITAJ'.
2025-08-28 12:15:32,948 - WARNING - \u26a0\ufe0f The Span Antrai TO BAGDITAJ is disconnected at this point (75.37019100000003, 22.744561000000033)
2025-08-28 12:15:32,972 - WARNING - \u26a0\ufe0f Warning: Disconnected segment remains in span 'Antrai To BAGDITAJ'.
2025-08-28 12:15:32,972 - WARNING - \u26a0\ufe0f The Span Antrai To BAGDITAJ is disconnected at this point (75.37018700000004, 22.744507000000056)
2025-08-28 12:15:33,115 - WARNING - \u26a0\ufe0f Warning: Disconnected segment remains in span 'BAGDITAJ To Paykunda'.
2025-08-28 12:15:33,115 - WARNING - \u26a0\ufe0f The Span BAGDITAJ To Paykunda is disconnected at this point (75.38960100000008, 22.842197000000056)
2025-08-28 12:15:33,370 - WARNING - \u26a0\ufe0f Warning: Disconnected segment remains in span 'BIJUR TO BADCHHAPRA GP'.
2025-08-28 12:15:33,370 - WARNING - \u26a0\ufe0f The Span BIJUR TO BADCHHAPRA GP is disconnected at this point (75.49848300000008, 22.721827000000076)
2025-08-28 12:15:33,810 - WARNING - \u26a0\ufe0f Warning: Disconnected segment remains in span 'Govindpura TO Jamanda'.
2025-08-28 12:15:33,810 - WARNING - \u26a0\ufe0f The Span Govindpura TO Jamanda is disconnected at this point (75.39350200000007, 22.67424200000005)
2025-08-28 12:15:33,863 - WARNING - \u26a0\ufe0f Warning: Disconnected segment remains in span 'Govindpura To Jamanda'.
2025-08-28 12:15:33,864 - WARNING - \u26a0\ufe0f The Span Govindpura To Jamanda is disconnected at this point (75.39347100000003, 22.674290000000042)
2025-08-28 12:15:34,156 - WARNING - \u26a0\ufe0f Warning: Disconnected segment remains in span 'KOT BHITODA TO LOHARI BUJURG'.
2025-08-28 12:15:34,156 - WARNING - \u26a0\ufe0f The Span KOT BHITODA TO LOHARI BUJURG is disconnected at this point (75.40397800000005, 22.69743100000005)
2025-08-28 12:15:34,260 - WARNING - \u26a0\ufe0f Warning: Disconnected segment remains in span 'Khachroda TO Kandariya'.
2025-08-28 12:15:34,260 - WARNING - \u26a0\ufe0f The Span Khachroda TO Kandariya is disconnected at this point (75.40732500000007, 22.85468000000003)
2025-08-28 12:15:34,277 - WARNING - \u26a0\ufe0f Warning: Disconnected segment remains in span 'Khachroda To Kandariya'.
2025-08-28 12:15:34,277 - WARNING - \u26a0\ufe0f The Span Khachroda To Kandariya is disconnected at this point (75.40808321000003, 22.851801301000023)
2025-08-28 12:15:34,302 - WARNING - \u26a0\ufe0f Warning: Disconnected segment remains in span 'LABRAVDA TO LASUDIYA'.
2025-08-28 12:15:34,302 - WARNING - \u26a0\ufe0f The Span LABRAVDA TO LASUDIYA is disconnected at this point (75.26825321600006, 22.670831529000054)
2025-08-28 12:15:34,679 - WARNING - \u26a0\ufe0f Warning: Disconnected segment remains in span 'PINJRAYA TO TEESGAON'.
2025-08-28 12:15:34,679 - WARNING - \u26a0\ufe0f The Span PINJRAYA TO TEESGAON is disconnected at this point (75.30568784900004, 22.73741620900006)
2025-08-28 12:15:34,796 - WARNING - \u26a0\ufe0f Warning: Disconnected segment remains in span 'RAMPURA To Govindpura'.
2025-08-28 12:15:34,796 - WARNING - \u26a0\ufe0f The Span RAMPURA To Govindpura is disconnected at this point (75.40052100000008, 22.711042000000077)
2025-08-28 12:15:34,966 - WARNING - \u26a0\ufe0f Warning: Disconnected segment remains in span 'Sadalpur TO T-POINT Govindpura'.
2025-08-28 12:15:34,966 - WARNING - \u26a0\ufe0f The Span Sadalpur TO T-POINT Govindpura is disconnected at this point (75.41581600000006, 22.74026900000007)
2025-08-28 12:15:34,983 - WARNING - \u26a0\ufe0f Warning: Disconnected segment remains in span 'Sadalpur To T-POINT Govindpura'.
2025-08-28 12:15:34,983 - WARNING - \u26a0\ufe0f The Span Sadalpur To T-POINT Govindpura is disconnected at this point (75.41569400000003, 22.73985300000004)
2025-08-28 12:15:35,094 - WARNING - \u26a0\ufe0f Warning: Disconnected segment remains in span 'Sunar Khedi To Umariya'.
2025-08-28 12:15:35,094 - WARNING - \u26a0\ufe0f The Span Sunar Khedi To Umariya is disconnected at this point (75.32311170900005, 22.66723001400004)
2025-08-28 12:15:35,165 - WARNING - \u26a0\ufe0f Warning: Disconnected segment remains in span 'T-POINT RAMPURA To Antrai'.
2025-08-28 12:15:35,165 - WARNING - \u26a0\ufe0f The Span T-POINT RAMPURA To Antrai is disconnected at this point (75.35276000000005, 22.704548000000045)
2025-08-28 12:15:35,181 - WARNING - \u26a0\ufe0f Warning: Disconnected segment remains in span 'T-POINT Sunar Khedi TO Nawasa'.
2025-08-28 12:15:35,181 - WARNING - \u26a0\ufe0f The Span T-POINT Sunar Khedi TO Nawasa is disconnected at this point (75.34484478600007, 22.655207691000044)
2025-08-28 12:15:35,213 - WARNING - \u26a0\ufe0f Warning: Disconnected segment remains in span 'T-Point BIJUR TO NEKPUR GP'.
2025-08-28 12:15:35,213 - WARNING - \u26a0\ufe0f The Span T-Point BIJUR TO NEKPUR GP is disconnected at this point (75.47737300000006, 22.70967500000006)
2025-08-28 12:15:35,275 - WARNING - \u26a0\ufe0f Warning: Disconnected segment remains in span 'TEESGAON TO DHAR BLOCK'.
2025-08-28 12:15:35,275 - WARNING - \u26a0\ufe0f The Span TEESGAON TO DHAR BLOCK is disconnected at this point (75.30651068200007, 22.72637526400007)
2025-08-28 12:15:35,483 - INFO - Created 1,576 records
2025-08-28 12:15:35,494 - INFO - Created 86 records
2025-08-28 12:15:35,495 - INFO - \u2705 Sequence assigned and saved with original index preserved.
2025-08-28 12:15:35,503 - INFO - Created 19 records
2025-08-28 12:15:35,612 - INFO - \U0001f504 Found 7 rings: ['R1', 'R1-C1', 'R2', 'R2-C1', 'R3', 'R3-C1', 'R4']
2025-08-28 12:15:35,612 - INFO - 
\U0001f501 Processing ring: R1
2025-08-28 12:15:35,615 - INFO - \u2705 Completed ring R1 with 1 spans.
2025-08-28 12:15:35,615 - INFO - 
\U0001f501 Processing ring: R1-C1
2025-08-28 12:15:35,622 - INFO - \u2705 Completed ring R1-C1 with 9 spans.
2025-08-28 12:15:35,622 - INFO - 
\U0001f501 Processing ring: R2
2025-08-28 12:15:35,627 - INFO - \u2705 Completed ring R2 with 4 spans.
2025-08-28 12:15:35,627 - INFO - 
\U0001f501 Processing ring: R2-C1
2025-08-28 12:15:35,630 - INFO - \u2705 Completed ring R2-C1 with 1 spans.
2025-08-28 12:15:35,630 - INFO - 
\U0001f501 Processing ring: R3
2025-08-28 12:15:35,635 - INFO - \u2705 Completed ring R3 with 5 spans.
2025-08-28 12:15:35,635 - INFO - 
\U0001f501 Processing ring: R3-C1
2025-08-28 12:15:35,641 - INFO - \u2705 Completed ring R3-C1 with 8 spans.
2025-08-28 12:15:35,641 - INFO - 
\U0001f501 Processing ring: R4
2025-08-28 12:15:35,651 - INFO - \u2705 Completed ring R4 with 14 spans.
2025-08-28 12:15:35,736 - INFO - Created 1,576 records
2025-08-28 12:15:35,748 - INFO - Created 86 records
2025-08-28 12:15:35,749 - INFO - \u2705 All rings processed. Span sequence updated and saved.
