2025-12-05 11:28:32,401 - WARNING - ⚠️ Warning: Disconnected segment remains in span 'BANJARIPURA TO IMALIPURA'.
2025-12-05 11:28:32,401 - WARNING - ⚠️ The Span BANJARIPURA TO IMALIPURA is disconnected at this point (75.56043845800008, 22.478430569000068)
2025-12-05 11:28:33,416 - WARNING - ⚠️ Warning: Disconnected segment remains in span 'MAHARAJ KHEDI TO T-POINT BILLODA KHURD'.
2025-12-05 11:28:33,417 - WARNING - ⚠️ The Span MAHARAJ KHEDI TO T-POINT BILLODA KHURD is disconnected at this point (75.47459872700006, 22.51969082000005)
2025-12-05 11:28:34,037 - WARNING - ⚠️ Warning: Disconnected segment remains in span 'SULI BARDI TO MALIPURA'.
2025-12-05 11:28:34,037 - WARNING - ⚠️ The Span SULI BARDI TO MALIPURA is disconnected at this point (75.39206853300004, 22.366605769000046)
2025-12-05 11:28:34,215 - WARNING - ⚠️ Warning: Disconnected segment remains in span 'T-POINT BANJARIPURA TO IMALIPURA'.
2025-12-05 11:28:34,215 - WARNING - ⚠️ The Span T-POINT BANJARIPURA TO IMALIPURA is disconnected at this point (75.56578833000003, 22.481229703000054)
2025-12-05 11:28:34,248 - WARNING - ⚠️ Warning: Disconnected segment remains in span 'T-POINT BILLOD TO KUNVARSI'.
2025-12-05 11:28:34,248 - WARNING - ⚠️ The Span T-POINT BILLOD TO KUNVARSI is disconnected at this point (75.52533742400004, 22.552153942000075)
2025-12-05 11:28:34,473 - WARNING - ⚠️ Warning: Disconnected segment remains in span 'T-POINT SARAY TO UMARPURA'.
2025-12-05 11:28:34,473 - WARNING - ⚠️ The Span T-POINT SARAY TO UMARPURA is disconnected at this point (75.42618700000008, 22.395390000000077)
2025-12-05 11:28:34,618 - INFO - Created 2,238 records
2025-12-05 11:28:34,626 - INFO - Created 75 records
2025-12-05 11:28:34,626 - INFO - ✅ Sequence assigned and saved with original index preserved.
2025-12-05 11:28:34,628 - INFO - Created 6 records
2025-12-05 11:28:34,692 - INFO - 🔄 Found 9 rings: ['R1', 'R1-C1', 'R1-C2', 'R2', 'R2-C1', 'R4', 'R4-C1', 'R5', 'R5-C1']
2025-12-05 11:28:34,692 - INFO - 
🔁 Processing ring: R1
2025-12-05 11:28:34,698 - INFO - ✅ Completed ring R1 with 10 spans.
2025-12-05 11:28:34,698 - INFO - 
🔁 Processing ring: R1-C1
2025-12-05 11:28:34,700 - INFO - ✅ Completed ring R1-C1 with 4 spans.
2025-12-05 11:28:34,700 - INFO - 
🔁 Processing ring: R1-C2
2025-12-05 11:28:34,706 - INFO - ✅ Completed ring R1-C2 with 11 spans.
2025-12-05 11:28:34,706 - INFO - 
🔁 Processing ring: R2
2025-12-05 11:28:34,710 - INFO - ✅ Completed ring R2 with 9 spans.
2025-12-05 11:28:34,710 - INFO - 
🔁 Processing ring: R2-C1
2025-12-05 11:28:34,712 - INFO - ✅ Completed ring R2-C1 with 3 spans.
2025-12-05 11:28:34,712 - INFO - 
🔁 Processing ring: R4
2025-12-05 11:28:34,718 - INFO - ✅ Completed ring R4 with 10 spans.
2025-12-05 11:28:34,718 - INFO - 
🔁 Processing ring: R4-C1
2025-12-05 11:28:34,720 - INFO - ✅ Completed ring R4-C1 with 2 spans.
2025-12-05 11:28:34,720 - INFO - 
🔁 Processing ring: R5
2025-12-05 11:28:34,723 - INFO - ✅ Completed ring R5 with 6 spans.
2025-12-05 11:28:34,723 - INFO - 
🔁 Processing ring: R5-C1
2025-12-05 11:28:34,725 - INFO - ✅ Completed ring R5-C1 with 1 spans.
2025-12-05 11:28:34,793 - INFO - Created 2,238 records
2025-12-05 11:28:34,799 - INFO - Created 75 records
2025-12-05 11:28:34,799 - INFO - ✅ All rings processed. Span sequence updated and saved.
