2025-12-05 11:58:52,002 - INFO - Created 2,238 records
2025-12-05 11:58:52,015 - INFO - Created 71 records
2025-12-05 11:58:52,015 - INFO - ✅ Sequence assigned and saved with original index preserved.
2025-12-05 11:58:52,018 - INFO - Created 0 records
2025-12-05 11:58:52,082 - INFO - 🔄 Found 9 rings: ['R1', 'R1-C1', 'R1-C2', 'R2', 'R2-C1', 'R4', 'R4-C1', 'R5', 'R5-C1']
2025-12-05 11:58:52,082 - INFO - 
🔁 Processing ring: R1
2025-12-05 11:58:52,087 - INFO - ✅ Completed ring R1 with 10 spans.
2025-12-05 11:58:52,087 - INFO - 
🔁 Processing ring: R1-C1
2025-12-05 11:58:52,089 - INFO - ✅ Completed ring R1-C1 with 4 spans.
2025-12-05 11:58:52,089 - INFO - 
🔁 Processing ring: R1-C2
2025-12-05 11:58:52,095 - INFO - ✅ Completed ring R1-C2 with 10 spans.
2025-12-05 11:58:52,095 - INFO - 
🔁 Processing ring: R2
2025-12-05 11:58:52,099 - INFO - ✅ Completed ring R2 with 9 spans.
2025-12-05 11:58:52,099 - INFO - 
🔁 Processing ring: R2-C1
2025-12-05 11:58:52,101 - INFO - ✅ Completed ring R2-C1 with 2 spans.
2025-12-05 11:58:52,101 - INFO - 
🔁 Processing ring: R4
2025-12-05 11:58:52,106 - INFO - ✅ Completed ring R4 with 10 spans.
2025-12-05 11:58:52,106 - INFO - 
🔁 Processing ring: R4-C1
2025-12-05 11:58:52,110 - INFO - ✅ Completed ring R4-C1 with 7 spans.
2025-12-05 11:58:52,110 - INFO - 
🔁 Processing ring: R5
2025-12-05 11:58:52,113 - INFO - ✅ Completed ring R5 with 6 spans.
2025-12-05 11:58:52,113 - INFO - 
🔁 Processing ring: R5-C1
2025-12-05 11:58:52,116 - INFO - ✅ Completed ring R5-C1 with 4 spans.
2025-12-05 11:58:52,191 - INFO - Created 2,238 records
2025-12-05 11:58:52,202 - INFO - Created 71 records
2025-12-05 11:58:52,202 - INFO - ✅ All rings processed. Span sequence updated and saved.
