2025-11-05 10:11:34,659 - INFO - Created 1,831 records
2025-11-05 10:11:34,675 - INFO - Created 80 records
2025-11-05 10:11:34,675 - INFO - ✅ Sequence assigned and saved with original index preserved.
2025-11-05 10:11:34,680 - INFO - Created 0 records
2025-11-05 10:11:34,731 - INFO - 🔄 Found 9 rings: ['R1', 'R1-C1', 'R2', 'R3', 'R3-C1', 'R4', 'R4-C1', 'R5', 'R5-C1']
2025-11-05 10:11:34,731 - INFO - 
🔁 Processing ring: R1
2025-11-05 10:11:34,737 - INFO - ✅ Completed ring R1 with 11 spans.
2025-11-05 10:11:34,738 - INFO - 
🔁 Processing ring: R1-C1
2025-11-05 10:11:34,741 - INFO - ✅ Completed ring R1-C1 with 5 spans.
2025-11-05 10:11:34,741 - INFO - 
🔁 Processing ring: R2
2025-11-05 10:11:34,746 - INFO - ✅ Completed ring R2 with 11 spans.
2025-11-05 10:11:34,746 - INFO - 
🔁 Processing ring: R3
2025-11-05 10:11:34,751 - INFO - ✅ Completed ring R3 with 8 spans.
2025-11-05 10:11:34,751 - INFO - 
🔁 Processing ring: R3-C1
2025-11-05 10:11:34,756 - INFO - ✅ Completed ring R3-C1 with 8 spans.
2025-11-05 10:11:34,756 - INFO - 
🔁 Processing ring: R4
2025-11-05 10:11:34,760 - INFO - ✅ Completed ring R4 with 8 spans.
2025-11-05 10:11:34,760 - INFO - 
🔁 Processing ring: R4-C1
2025-11-05 10:11:34,765 - INFO - ✅ Completed ring R4-C1 with 8 spans.
2025-11-05 10:11:34,765 - INFO - 
🔁 Processing ring: R5
2025-11-05 10:11:34,770 - INFO - ✅ Completed ring R5 with 11 spans.
2025-11-05 10:11:34,770 - INFO - 
🔁 Processing ring: R5-C1
2025-11-05 10:11:34,774 - INFO - ✅ Completed ring R5-C1 with 7 spans.
2025-11-05 10:11:34,828 - INFO - Created 1,831 records
2025-11-05 10:11:34,846 - INFO - Created 80 records
2025-11-05 10:11:34,846 - INFO - ✅ All rings processed. Span sequence updated and saved.
