2025-10-17 16:02:31,894 - WARNING - \u26a0\ufe0f Warning: Disconnected segment remains in span 'T-POINT JERA (P) TO BERKHERI GUSAI'.
2025-10-17 16:02:31,894 - WARNING - \u26a0\ufe0f The Span T-POINT JERA (P) TO BERKHERI GUSAI is disconnected at this point (78.51641861400003, 23.583737948000078)
2025-10-17 16:02:32,503 - INFO - Created 2,225 records
2025-10-17 16:02:32,514 - INFO - Created 72 records
2025-10-17 16:02:32,514 - INFO - \u2705 Sequence assigned and saved with original index preserved.
2025-10-17 16:02:32,520 - INFO - Created 1 records
2025-10-17 16:02:32,681 - INFO - \U0001f504 Found 10 rings: ['R1', 'R1-C1', 'R1-C2', 'R2', 'R2-C1', 'R3', 'R3-C1', 'R4', 'R4-C1', 'R4-C2']
2025-10-17 16:02:32,681 - INFO - 
\U0001f501 Processing ring: R1
2025-10-17 16:02:32,690 - INFO - \u2705 Completed ring R1 with 10 spans.
2025-10-17 16:02:32,690 - INFO - 
\U0001f501 Processing ring: R1-C1
2025-10-17 16:02:32,696 - INFO - \u2705 Completed ring R1-C1 with 7 spans.
2025-10-17 16:02:32,696 - INFO - 
\U0001f501 Processing ring: R1-C2
2025-10-17 16:02:32,697 - INFO - \u2705 Completed ring R1-C2 with 0 spans.
2025-10-17 16:02:32,697 - INFO - 
\U0001f501 Processing ring: R2
2025-10-17 16:02:32,703 - INFO - \u2705 Completed ring R2 with 6 spans.
2025-10-17 16:02:32,703 - INFO - 
\U0001f501 Processing ring: R2-C1
2025-10-17 16:02:32,710 - INFO - \u2705 Completed ring R2-C1 with 8 spans.
2025-10-17 16:02:32,710 - INFO - 
\U0001f501 Processing ring: R3
2025-10-17 16:02:32,717 - INFO - \u2705 Completed ring R3 with 6 spans.
2025-10-17 16:02:32,717 - INFO - 
\U0001f501 Processing ring: R3-C1
2025-10-17 16:02:32,726 - INFO - \u2705 Completed ring R3-C1 with 9 spans.
2025-10-17 16:02:32,727 - INFO - 
\U0001f501 Processing ring: R4
2025-10-17 16:02:32,736 - INFO - \u2705 Completed ring R4 with 7 spans.
2025-10-17 16:02:32,736 - INFO - 
\U0001f501 Processing ring: R4-C1
2025-10-17 16:02:32,741 - INFO - \u2705 Completed ring R4-C1 with 4 spans.
2025-10-17 16:02:32,741 - INFO - 
\U0001f501 Processing ring: R4-C2
2025-10-17 16:02:32,746 - INFO - \u2705 Completed ring R4-C2 with 4 spans.
2025-10-17 16:02:32,887 - INFO - Created 2,225 records
2025-10-17 16:02:32,895 - INFO - Created 72 records
2025-10-17 16:02:32,896 - INFO - \u2705 All rings processed. Span sequence updated and saved.
