2025-08-28 21:03:14,044 - INFO - Created 662 records
2025-08-28 21:03:14,056 - INFO - Created 80 records
2025-08-28 21:03:14,056 - INFO - ✅ Sequence assigned and saved with original index preserved.
2025-08-28 21:03:14,060 - INFO - Created 0 records
2025-08-28 21:03:14,081 - INFO - 🔄 Found 8 rings: ['R1', 'R1-C1', 'R2', 'R2-C1', 'R3', 'R3-C1', 'R4', 'R4-C1']
2025-08-28 21:03:14,081 - INFO - 
🔁 Processing ring: R1
2025-08-28 21:03:14,085 - INFO - ✅ Completed ring R1 with 8 spans.
2025-08-28 21:03:14,085 - INFO - 
🔁 Processing ring: R1-C1
2025-08-28 21:03:14,090 - INFO - ✅ Completed ring R1-C1 with 11 spans.
2025-08-28 21:03:14,090 - INFO - 
🔁 Processing ring: R2
2025-08-28 21:03:14,095 - INFO - ✅ Completed ring R2 with 12 spans.
2025-08-28 21:03:14,095 - INFO - 
🔁 Processing ring: R2-C1
2025-08-28 21:03:14,096 - INFO - ✅ Completed ring R2-C1 with 0 spans.
2025-08-28 21:03:14,096 - INFO - 
🔁 Processing ring: R3
2025-08-28 21:03:14,101 - INFO - ✅ Completed ring R3 with 11 spans.
2025-08-28 21:03:14,101 - INFO - 
🔁 Processing ring: R3-C1
2025-08-28 21:03:14,105 - INFO - ✅ Completed ring R3-C1 with 9 spans.
2025-08-28 21:03:14,105 - INFO - 
🔁 Processing ring: R4
2025-08-28 21:03:14,110 - INFO - ✅ Completed ring R4 with 11 spans.
2025-08-28 21:03:14,110 - INFO - 
🔁 Processing ring: R4-C1
2025-08-28 21:03:14,113 - INFO - ✅ Completed ring R4-C1 with 6 spans.
2025-08-28 21:03:14,134 - INFO - Created 662 records
2025-08-28 21:03:14,147 - INFO - Created 80 records
2025-08-28 21:03:14,149 - INFO - ✅ All rings processed. Span sequence updated and saved.
