2025-11-19 12:52:48,890 - INFO - Created 727 records
2025-11-19 12:52:48,901 - INFO - Created 42 records
2025-11-19 12:52:48,902 - INFO - \u2705 Sequence assigned and saved with original index preserved.
2025-11-19 12:52:48,954 - INFO - Created 0 records
2025-11-19 12:52:49,044 - INFO - \U0001f504 Found 5 rings: ['R1', 'R1-C1', 'R2', 'R2-C1', 'R2-C2']
2025-11-19 12:52:49,044 - INFO - 
\U0001f501 Processing ring: R1
2025-11-19 12:52:49,053 - INFO - \u2705 Completed ring R1 with 10 spans.
2025-11-19 12:52:49,053 - INFO - 
\U0001f501 Processing ring: R1-C1
2025-11-19 12:52:49,059 - INFO - \u2705 Completed ring R1-C1 with 7 spans.
2025-11-19 12:52:49,059 - INFO - 
\U0001f501 Processing ring: R2
2025-11-19 12:52:49,066 - INFO - \u2705 Completed ring R2 with 9 spans.
2025-11-19 12:52:49,066 - INFO - 
\U0001f501 Processing ring: R2-C1
2025-11-19 12:52:49,070 - INFO - \u2705 Completed ring R2-C1 with 4 spans.
2025-11-19 12:52:49,070 - INFO - 
\U0001f501 Processing ring: R2-C2
2025-11-19 12:52:49,076 - INFO - \u2705 Completed ring R2-C2 with 8 spans.
2025-11-19 12:52:49,131 - INFO - Created 727 records
2025-11-19 12:52:49,141 - INFO - Created 42 records
2025-11-19 12:52:49,142 - INFO - \u2705 All rings processed. Span sequence updated and saved.
