2025-08-23 19:06:41,463 - INFO - Created 1,040 records
2025-08-23 19:06:41,469 - INFO - Created 41 records
2025-08-23 19:06:41,469 - INFO - ✅ Sequence assigned and saved with original index preserved.
2025-08-23 19:06:41,473 - INFO - Created 0 records
2025-08-23 19:06:41,503 - INFO - 🔄 Found 4 rings: ['R1', 'R1_C1', 'R2', 'R2_C1']
2025-08-23 19:06:41,504 - INFO - 
🔁 Processing ring: R1
2025-08-23 19:06:41,508 - INFO - ✅ Completed ring R1 with 10 spans.
2025-08-23 19:06:41,508 - INFO - 
🔁 Processing ring: R1_C1
2025-08-23 19:06:41,510 - INFO - ✅ Completed ring R1_C1 with 4 spans.
2025-08-23 19:06:41,510 - INFO - 
🔁 Processing ring: R2
2025-08-23 19:06:41,517 - INFO - ✅ Completed ring R2 with 16 spans.
2025-08-23 19:06:41,517 - INFO - 
🔁 Processing ring: R2_C1
2025-08-23 19:06:41,520 - INFO - ✅ Completed ring R2_C1 with 5 spans.
2025-08-23 19:06:41,553 - INFO - Created 1,040 records
2025-08-23 19:06:41,559 - INFO - Created 41 records
2025-08-23 19:06:41,560 - INFO - ✅ All rings processed. Span sequence updated and saved.
