2025-12-02 20:33:52,499 - INFO - Created 1,560 records
2025-12-02 20:33:52,504 - INFO - Created 83 records
2025-12-02 20:33:52,504 - INFO - ✅ Sequence assigned and saved with original index preserved.
2025-12-02 20:33:52,507 - INFO - Created 0 records
2025-12-02 20:33:52,554 - INFO - 🔄 Found 9 rings: ['R1', 'R1-C1', 'R1-C2', 'R2', 'R2-C1', 'R3', 'R3-C1', 'R4', 'R4-C1']
2025-12-02 20:33:52,554 - INFO - 
🔁 Processing ring: R1
2025-12-02 20:33:52,559 - INFO - ✅ Completed ring R1 with 11 spans.
2025-12-02 20:33:52,559 - INFO - 
🔁 Processing ring: R1-C1
2025-12-02 20:33:52,561 - INFO - ✅ Completed ring R1-C1 with 3 spans.
2025-12-02 20:33:52,561 - INFO - 
🔁 Processing ring: R1-C2
2025-12-02 20:33:52,564 - INFO - ✅ Completed ring R1-C2 with 7 spans.
2025-12-02 20:33:52,565 - INFO - 
🔁 Processing ring: R2
2025-12-02 20:33:52,569 - INFO - ✅ Completed ring R2 with 10 spans.
2025-12-02 20:33:52,569 - INFO - 
🔁 Processing ring: R2-C1
2025-12-02 20:33:52,574 - INFO - ✅ Completed ring R2-C1 with 9 spans.
2025-12-02 20:33:52,574 - INFO - 
🔁 Processing ring: R3
2025-12-02 20:33:52,578 - INFO - ✅ Completed ring R3 with 9 spans.
2025-12-02 20:33:52,578 - INFO - 
🔁 Processing ring: R3-C1
2025-12-02 20:33:52,583 - INFO - ✅ Completed ring R3-C1 with 10 spans.
2025-12-02 20:33:52,583 - INFO - 
🔁 Processing ring: R4
2025-12-02 20:33:52,588 - INFO - ✅ Completed ring R4 with 11 spans.
2025-12-02 20:33:52,588 - INFO - 
🔁 Processing ring: R4-C1
2025-12-02 20:33:52,592 - INFO - ✅ Completed ring R4-C1 with 8 spans.
2025-12-02 20:33:52,644 - INFO - Created 1,560 records
2025-12-02 20:33:52,650 - INFO - Created 83 records
2025-12-02 20:33:52,650 - INFO - ✅ All rings processed. Span sequence updated and saved.
