2025-12-01 19:10:21,829 - INFO - Created 1,317 records
2025-12-01 19:10:21,837 - INFO - Created 82 records
2025-12-01 19:10:21,838 - INFO - ✅ Sequence assigned and saved with original index preserved.
2025-12-01 19:10:21,842 - INFO - Created 0 records
2025-12-01 19:10:21,883 - INFO - 🔄 Found 10 rings: ['R1', 'R1-C1', 'R2', 'R2-C1', 'R2-C2', 'R3', 'R3-C1', 'R3-C2', 'R4', 'R4-C1']
2025-12-01 19:10:21,883 - INFO - 
🔁 Processing ring: R1
2025-12-01 19:10:21,888 - INFO - ✅ Completed ring R1 with 11 spans.
2025-12-01 19:10:21,889 - INFO - 
🔁 Processing ring: R1-C1
2025-12-01 19:10:21,893 - INFO - ✅ Completed ring R1-C1 with 10 spans.
2025-12-01 19:10:21,893 - INFO - 
🔁 Processing ring: R2
2025-12-01 19:10:21,898 - INFO - ✅ Completed ring R2 with 10 spans.
2025-12-01 19:10:21,898 - INFO - 
🔁 Processing ring: R2-C1
2025-12-01 19:10:21,901 - INFO - ✅ Completed ring R2-C1 with 5 spans.
2025-12-01 19:10:21,901 - INFO - 
🔁 Processing ring: R2-C2
2025-12-01 19:10:21,903 - INFO - ✅ Completed ring R2-C2 with 5 spans.
2025-12-01 19:10:21,903 - INFO - 
🔁 Processing ring: R3
2025-12-01 19:10:21,908 - INFO - ✅ Completed ring R3 with 11 spans.
2025-12-01 19:10:21,908 - INFO - 
🔁 Processing ring: R3-C1
2025-12-01 19:10:21,912 - INFO - ✅ Completed ring R3-C1 with 7 spans.
2025-12-01 19:10:21,912 - INFO - 
🔁 Processing ring: R3-C2
2025-12-01 19:10:21,914 - INFO - ✅ Completed ring R3-C2 with 3 spans.
2025-12-01 19:10:21,914 - INFO - 
🔁 Processing ring: R4
2025-12-01 19:10:21,918 - INFO - ✅ Completed ring R4 with 8 spans.
2025-12-01 19:10:21,918 - INFO - 
🔁 Processing ring: R4-C1
2025-12-01 19:10:21,921 - INFO - ✅ Completed ring R4-C1 with 6 spans.
2025-12-01 19:10:21,961 - INFO - Created 1,317 records
2025-12-01 19:10:21,970 - INFO - Created 82 records
2025-12-01 19:10:21,971 - INFO - ✅ All rings processed. Span sequence updated and saved.
