2025-11-24 21:47:39,480 - INFO - Created 1,764 records
2025-11-24 21:47:39,489 - INFO - Created 70 records
2025-11-24 21:47:39,490 - INFO - ✅ Sequence assigned and saved with original index preserved.
2025-11-24 21:47:39,493 - INFO - Created 0 records
2025-11-24 21:47:39,544 - INFO - 🔄 Found 9 rings: ['R1', 'R2', 'R2-C1', 'R3', 'R3-C1', 'R3-C2', 'R4', 'R4-C1', 'R5']
2025-11-24 21:47:39,544 - INFO - 
🔁 Processing ring: R1
2025-11-24 21:47:39,549 - INFO - ✅ Completed ring R1 with 10 spans.
2025-11-24 21:47:39,549 - INFO - 
🔁 Processing ring: R2
2025-11-24 21:47:39,554 - INFO - ✅ Completed ring R2 with 10 spans.
2025-11-24 21:47:39,554 - INFO - 
🔁 Processing ring: R2-C1
2025-11-24 21:47:39,558 - INFO - ✅ Completed ring R2-C1 with 8 spans.
2025-11-24 21:47:39,558 - INFO - 
🔁 Processing ring: R3
2025-11-24 21:47:39,562 - INFO - ✅ Completed ring R3 with 8 spans.
2025-11-24 21:47:39,562 - INFO - 
🔁 Processing ring: R3-C1
2025-11-24 21:47:39,565 - INFO - ✅ Completed ring R3-C1 with 5 spans.
2025-11-24 21:47:39,565 - INFO - 
🔁 Processing ring: R3-C2
2025-11-24 21:47:39,567 - INFO - ✅ Completed ring R3-C2 with 4 spans.
2025-11-24 21:47:39,567 - INFO - 
🔁 Processing ring: R4
2025-11-24 21:47:39,571 - INFO - ✅ Completed ring R4 with 8 spans.
2025-11-24 21:47:39,571 - INFO - 
🔁 Processing ring: R4-C1
2025-11-24 21:47:39,574 - INFO - ✅ Completed ring R4-C1 with 5 spans.
2025-11-24 21:47:39,574 - INFO - 
🔁 Processing ring: R5
2025-11-24 21:47:39,578 - INFO - ✅ Completed ring R5 with 7 spans.
2025-11-24 21:47:39,626 - INFO - Created 1,764 records
2025-11-24 21:47:39,637 - INFO - Created 70 records
2025-11-24 21:47:39,637 - INFO - ✅ All rings processed. Span sequence updated and saved.
