2025-10-14 00:22:45,815 - INFO - Created 1,108 records
2025-10-14 00:22:45,821 - INFO - Created 83 records
2025-10-14 00:22:45,822 - INFO - ✅ Sequence assigned and saved with original index preserved.
2025-10-14 00:22:45,825 - INFO - Created 0 records
2025-10-14 00:22:45,858 - INFO - 🔄 Found 9 rings: ['R1', 'R1-C1', 'R2', 'R2-C1', 'R3', 'R3-C1', 'R4', 'R4-C1', 'R5']
2025-10-14 00:22:45,858 - INFO - 
🔁 Processing ring: R1
2025-10-14 00:22:45,862 - INFO - ✅ Completed ring R1 with 6 spans.
2025-10-14 00:22:45,862 - INFO - 
🔁 Processing ring: R1-C1
2025-10-14 00:22:45,866 - INFO - ✅ Completed ring R1-C1 with 9 spans.
2025-10-14 00:22:45,866 - INFO - 
🔁 Processing ring: R2
2025-10-14 00:22:45,871 - INFO - ✅ Completed ring R2 with 9 spans.
2025-10-14 00:22:45,871 - INFO - 
🔁 Processing ring: R2-C1
2025-10-14 00:22:45,875 - INFO - ✅ Completed ring R2-C1 with 7 spans.
2025-10-14 00:22:45,875 - INFO - 
🔁 Processing ring: R3
2025-10-14 00:22:45,880 - INFO - ✅ Completed ring R3 with 10 spans.
2025-10-14 00:22:45,880 - INFO - 
🔁 Processing ring: R3-C1
2025-10-14 00:22:45,883 - INFO - ✅ Completed ring R3-C1 with 8 spans.
2025-10-14 00:22:45,883 - INFO - 
🔁 Processing ring: R4
2025-10-14 00:22:45,888 - INFO - ✅ Completed ring R4 with 10 spans.
2025-10-14 00:22:45,888 - INFO - 
🔁 Processing ring: R4-C1
2025-10-14 00:22:45,892 - INFO - ✅ Completed ring R4-C1 with 8 spans.
2025-10-14 00:22:45,892 - INFO - 
🔁 Processing ring: R5
2025-10-14 00:22:45,896 - INFO - ✅ Completed ring R5 with 7 spans.
2025-10-14 00:22:45,953 - INFO - Created 1,108 records
2025-10-14 00:22:45,959 - INFO - Created 83 records
2025-10-14 00:22:45,959 - INFO - ✅ All rings processed. Span sequence updated and saved.
