2025-08-28 12:04:51,228 - WARNING - \u26a0\ufe0f Warning: Disconnected segment remains in span 'Antrai TO BAGDITAJ'.
2025-08-28 12:04:51,228 - WARNING - \u26a0\ufe0f The Span Antrai TO BAGDITAJ is disconnected at this point (75.37019100000003, 22.744561000000033)
2025-08-28 12:04:51,254 - WARNING - \u26a0\ufe0f Warning: Disconnected segment remains in span 'Antrai To BAGDITAJ'.
2025-08-28 12:04:51,254 - WARNING - \u26a0\ufe0f The Span Antrai To BAGDITAJ is disconnected at this point (75.37018700000004, 22.744507000000056)
2025-08-28 12:04:51,412 - WARNING - \u26a0\ufe0f Warning: Disconnected segment remains in span 'BAGDITAJ To Paykunda'.
2025-08-28 12:04:51,412 - WARNING - \u26a0\ufe0f The Span BAGDITAJ To Paykunda is disconnected at this point (75.38960100000008, 22.842197000000056)
2025-08-28 12:04:51,680 - WARNING - \u26a0\ufe0f Warning: Disconnected segment remains in span 'BIJUR TO BADCHHAPRA GP'.
2025-08-28 12:04:51,681 - WARNING - \u26a0\ufe0f The Span BIJUR TO BADCHHAPRA GP is disconnected at this point (75.49848300000008, 22.721827000000076)
2025-08-28 12:04:52,242 - WARNING - \u26a0\ufe0f Warning: Disconnected segment remains in span 'Govindpura TO Jamanda'.
2025-08-28 12:04:52,242 - WARNING - \u26a0\ufe0f The Span Govindpura TO Jamanda is disconnected at this point (75.39350200000007, 22.67424200000005)
2025-08-28 12:04:52,317 - WARNING - \u26a0\ufe0f Warning: Disconnected segment remains in span 'Govindpura To Jamanda'.
2025-08-28 12:04:52,317 - WARNING - \u26a0\ufe0f The Span Govindpura To Jamanda is disconnected at this point (75.39347100000003, 22.674290000000042)
2025-08-28 12:04:52,655 - WARNING - \u26a0\ufe0f Warning: Disconnected segment remains in span 'KOT BHITODA TO LOHARI BUJURG'.
2025-08-28 12:04:52,656 - WARNING - \u26a0\ufe0f The Span KOT BHITODA TO LOHARI BUJURG is disconnected at this point (75.40397800000005, 22.69743100000005)
2025-08-28 12:04:52,752 - WARNING - \u26a0\ufe0f Warning: Disconnected segment remains in span 'Khachroda TO Kandariya'.
2025-08-28 12:04:52,752 - WARNING - \u26a0\ufe0f The Span Khachroda TO Kandariya is disconnected at this point (75.40732500000007, 22.85468000000003)
2025-08-28 12:04:52,778 - WARNING - \u26a0\ufe0f Warning: Disconnected segment remains in span 'Khachroda To Kandariya'.
2025-08-28 12:04:52,778 - WARNING - \u26a0\ufe0f The Span Khachroda To Kandariya is disconnected at this point (75.40808321000003, 22.851801301000023)
2025-08-28 12:04:52,814 - WARNING - \u26a0\ufe0f Warning: Disconnected segment remains in span 'LABRAVDA TO LASUDIYA'.
2025-08-28 12:04:52,814 - WARNING - \u26a0\ufe0f The Span LABRAVDA TO LASUDIYA is disconnected at this point (75.26825321600006, 22.670831529000054)
2025-08-28 12:04:53,208 - WARNING - \u26a0\ufe0f Warning: Disconnected segment remains in span 'PINJRAYA TO TEESGAON'.
2025-08-28 12:04:53,208 - WARNING - \u26a0\ufe0f The Span PINJRAYA TO TEESGAON is disconnected at this point (75.30568784900004, 22.73741620900006)
2025-08-28 12:04:53,336 - WARNING - \u26a0\ufe0f Warning: Disconnected segment remains in span 'RAMPURA To Govindpura'.
2025-08-28 12:04:53,336 - WARNING - \u26a0\ufe0f The Span RAMPURA To Govindpura is disconnected at this point (75.40052100000008, 22.711042000000077)
2025-08-28 12:04:53,516 - WARNING - \u26a0\ufe0f Warning: Disconnected segment remains in span 'Sadalpur TO T-POINT Govindpura'.
2025-08-28 12:04:53,516 - WARNING - \u26a0\ufe0f The Span Sadalpur TO T-POINT Govindpura is disconnected at this point (75.41581600000006, 22.74026900000007)
2025-08-28 12:04:53,537 - WARNING - \u26a0\ufe0f Warning: Disconnected segment remains in span 'Sadalpur To T-POINT Govindpura'.
2025-08-28 12:04:53,537 - WARNING - \u26a0\ufe0f The Span Sadalpur To T-POINT Govindpura is disconnected at this point (75.41569400000003, 22.73985300000004)
2025-08-28 12:04:53,627 - WARNING - \u26a0\ufe0f Warning: Disconnected segment remains in span 'Sunar Khedi To Umariya'.
2025-08-28 12:04:53,627 - WARNING - \u26a0\ufe0f The Span Sunar Khedi To Umariya is disconnected at this point (75.32311170900005, 22.66723001400004)
2025-08-28 12:04:53,715 - WARNING - \u26a0\ufe0f Warning: Disconnected segment remains in span 'T-POINT RAMPURA To Antrai'.
2025-08-28 12:04:53,715 - WARNING - \u26a0\ufe0f The Span T-POINT RAMPURA To Antrai is disconnected at this point (75.35276000000005, 22.704548000000045)
2025-08-28 12:04:53,733 - WARNING - \u26a0\ufe0f Warning: Disconnected segment remains in span 'T-POINT Sunar Khedi TO Nawasa'.
2025-08-28 12:04:53,733 - WARNING - \u26a0\ufe0f The Span T-POINT Sunar Khedi TO Nawasa is disconnected at this point (75.34484478600007, 22.655207691000044)
2025-08-28 12:04:53,766 - WARNING - \u26a0\ufe0f Warning: Disconnected segment remains in span 'T-Point BIJUR TO NEKPUR GP'.
2025-08-28 12:04:53,767 - WARNING - \u26a0\ufe0f The Span T-Point BIJUR TO NEKPUR GP is disconnected at this point (75.47737300000006, 22.70967500000006)
2025-08-28 12:04:53,818 - WARNING - \u26a0\ufe0f Warning: Disconnected segment remains in span 'TEESGAON TO DHAR BLOCK'.
2025-08-28 12:04:53,818 - WARNING - \u26a0\ufe0f The Span TEESGAON TO DHAR BLOCK is disconnected at this point (75.30651068200007, 22.72637526400007)
2025-08-28 12:04:54,031 - INFO - Created 1,576 records
2025-08-28 12:04:54,042 - INFO - Created 86 records
2025-08-28 12:04:54,043 - INFO - \u2705 Sequence assigned and saved with original index preserved.
2025-08-28 12:04:54,047 - INFO - Created 19 records
2025-08-28 12:04:54,177 - INFO - \U0001f504 Found 7 rings: ['R1', 'R1-C1', 'R2', 'R2-C1', 'R3', 'R3-C1', 'R4']
2025-08-28 12:04:54,177 - INFO - 
\U0001f501 Processing ring: R1
2025-08-28 12:04:54,180 - INFO - \u2705 Completed ring R1 with 1 spans.
2025-08-28 12:04:54,180 - INFO - 
\U0001f501 Processing ring: R1-C1
2025-08-28 12:04:54,187 - INFO - \u2705 Completed ring R1-C1 with 9 spans.
2025-08-28 12:04:54,187 - INFO - 
\U0001f501 Processing ring: R2
2025-08-28 12:04:54,191 - INFO - \u2705 Completed ring R2 with 4 spans.
2025-08-28 12:04:54,191 - INFO - 
\U0001f501 Processing ring: R2-C1
2025-08-28 12:04:54,194 - INFO - \u2705 Completed ring R2-C1 with 1 spans.
2025-08-28 12:04:54,194 - INFO - 
\U0001f501 Processing ring: R3
2025-08-28 12:04:54,199 - INFO - \u2705 Completed ring R3 with 5 spans.
2025-08-28 12:04:54,199 - INFO - 
\U0001f501 Processing ring: R3-C1
2025-08-28 12:04:54,205 - INFO - \u2705 Completed ring R3-C1 with 8 spans.
2025-08-28 12:04:54,205 - INFO - 
\U0001f501 Processing ring: R4
2025-08-28 12:04:54,216 - INFO - \u2705 Completed ring R4 with 14 spans.
2025-08-28 12:04:54,302 - INFO - Created 1,576 records
2025-08-28 12:04:54,314 - INFO - Created 86 records
2025-08-28 12:04:54,316 - INFO - \u2705 All rings processed. Span sequence updated and saved.
