2025-09-18 00:14:19,722 - INFO - Created 1,596 records
2025-09-18 00:14:19,727 - INFO - Created 67 records
2025-09-18 00:14:19,728 - INFO - ✅ Sequence assigned and saved with original index preserved.
2025-09-18 00:14:19,731 - INFO - Created 0 records
2025-09-18 00:14:19,776 - INFO - 🔄 Found 8 rings: ['R1', 'R1-C1', 'R2', 'R2-C1', 'R3', 'R3-C1', 'R4', 'R4-C1']
2025-09-18 00:14:19,776 - INFO - 
🔁 Processing ring: R1
2025-09-18 00:14:19,781 - INFO - ✅ Completed ring R1 with 10 spans.
2025-09-18 00:14:19,781 - INFO - 
🔁 Processing ring: R1-C1
2025-09-18 00:14:19,783 - INFO - ✅ Completed ring R1-C1 with 4 spans.
2025-09-18 00:14:19,783 - INFO - 
🔁 Processing ring: R2
2025-09-18 00:14:19,788 - INFO - ✅ Completed ring R2 with 10 spans.
2025-09-18 00:14:19,788 - INFO - 
🔁 Processing ring: R2-C1
2025-09-18 00:14:19,791 - INFO - ✅ Completed ring R2-C1 with 3 spans.
2025-09-18 00:14:19,791 - INFO - 
🔁 Processing ring: R3
2025-09-18 00:14:19,796 - INFO - ✅ Completed ring R3 with 12 spans.
2025-09-18 00:14:19,796 - INFO - 
🔁 Processing ring: R3-C1
2025-09-18 00:14:19,799 - INFO - ✅ Completed ring R3-C1 with 5 spans.
2025-09-18 00:14:19,799 - INFO - 
🔁 Processing ring: R4
2025-09-18 00:14:19,803 - INFO - ✅ Completed ring R4 with 8 spans.
2025-09-18 00:14:19,803 - INFO - 
🔁 Processing ring: R4-C1
2025-09-18 00:14:19,806 - INFO - ✅ Completed ring R4-C1 with 6 spans.
2025-09-18 00:14:19,855 - INFO - Created 1,596 records
2025-09-18 00:14:19,859 - INFO - Created 67 records
2025-09-18 00:14:19,861 - INFO - ✅ All rings processed. Span sequence updated and saved.
