2025-08-23 19:04:42,157 - INFO - Created 1,040 records
2025-08-23 19:04:42,162 - INFO - Created 41 records
2025-08-23 19:04:42,163 - INFO - ✅ Sequence assigned and saved with original index preserved.
2025-08-23 19:04:42,166 - INFO - Created 0 records
2025-08-23 19:04:42,196 - INFO - 🔄 Found 4 rings: ['R1', 'R1_C1', 'R2', 'R2_C1']
2025-08-23 19:04:42,196 - INFO - 
🔁 Processing ring: R1
2025-08-23 19:04:42,201 - INFO - ✅ Completed ring R1 with 10 spans.
2025-08-23 19:04:42,201 - INFO - 
🔁 Processing ring: R1_C1
2025-08-23 19:04:42,203 - INFO - ✅ Completed ring R1_C1 with 4 spans.
2025-08-23 19:04:42,203 - INFO - 
🔁 Processing ring: R2
2025-08-23 19:04:42,209 - INFO - ✅ Completed ring R2 with 16 spans.
2025-08-23 19:04:42,209 - INFO - 
🔁 Processing ring: R2_C1
2025-08-23 19:04:42,210 - INFO - ✅ Completed ring R2_C1 with 0 spans.
2025-08-23 19:04:42,239 - INFO - Created 1,040 records
2025-08-23 19:04:42,243 - INFO - Created 41 records
2025-08-23 19:04:42,243 - INFO - ✅ All rings processed. Span sequence updated and saved.
