2025-08-19 16:22:27,543 - INFO - Created 1,448 records
2025-08-19 16:22:27,552 - INFO - Created 78 records
2025-08-19 16:22:27,552 - INFO - \u2705 Sequence assigned and saved with original index preserved.
2025-08-19 16:22:27,556 - INFO - Created 0 records
2025-08-19 16:22:27,690 - INFO - \U0001f504 Found 8 rings: ['R1', 'R1-C1', 'R2', 'R2-C1', 'R3', 'R3-C1', 'R4', 'R4-C1']
2025-08-19 16:22:27,690 - INFO - 
\U0001f501 Processing ring: R1
2025-08-19 16:22:27,707 - INFO - \u2705 Completed ring R1 with 18 spans.
2025-08-19 16:22:27,707 - INFO - 
\U0001f501 Processing ring: R1-C1
2025-08-19 16:22:27,713 - INFO - \u2705 Completed ring R1-C1 with 5 spans.
2025-08-19 16:22:27,713 - INFO - 
\U0001f501 Processing ring: R2
2025-08-19 16:22:27,724 - INFO - \u2705 Completed ring R2 with 11 spans.
2025-08-19 16:22:27,724 - INFO - 
\U0001f501 Processing ring: R2-C1
2025-08-19 16:22:27,728 - INFO - \u2705 Completed ring R2-C1 with 4 spans.
2025-08-19 16:22:27,728 - INFO - 
\U0001f501 Processing ring: R3
2025-08-19 16:22:27,737 - INFO - \u2705 Completed ring R3 with 8 spans.
2025-08-19 16:22:27,737 - INFO - 
\U0001f501 Processing ring: R3-C1
2025-08-19 16:22:27,745 - INFO - \u2705 Completed ring R3-C1 with 9 spans.
2025-08-19 16:22:27,745 - INFO - 
\U0001f501 Processing ring: R4
2025-08-19 16:22:27,757 - INFO - \u2705 Completed ring R4 with 11 spans.
2025-08-19 16:22:27,757 - INFO - 
\U0001f501 Processing ring: R4-C1
2025-08-19 16:22:27,767 - INFO - \u2705 Completed ring R4-C1 with 8 spans.
2025-08-19 16:22:27,885 - INFO - Created 1,448 records
2025-08-19 16:22:27,894 - INFO - Created 78 records
2025-08-19 16:22:27,894 - INFO - \u2705 All rings processed. Span sequence updated and saved.
