2025-10-14 00:34:22,366 - INFO - Created 1,108 records
2025-10-14 00:34:22,374 - INFO - Created 83 records
2025-10-14 00:34:22,375 - INFO - ✅ Sequence assigned and saved with original index preserved.
2025-10-14 00:34:22,378 - INFO - Created 0 records
2025-10-14 00:34:22,409 - INFO - 🔄 Found 9 rings: ['R1', 'R1-C1', 'R2', 'R2-C1', 'R3', 'R3-C1', 'R4', 'R4-C1', 'R5']
2025-10-14 00:34:22,409 - INFO - 
🔁 Processing ring: R1
2025-10-14 00:34:22,412 - INFO - ✅ Completed ring R1 with 6 spans.
2025-10-14 00:34:22,412 - INFO - 
🔁 Processing ring: R1-C1
2025-10-14 00:34:22,416 - INFO - ✅ Completed ring R1-C1 with 9 spans.
2025-10-14 00:34:22,416 - INFO - 
🔁 Processing ring: R2
2025-10-14 00:34:22,420 - INFO - ✅ Completed ring R2 with 9 spans.
2025-10-14 00:34:22,420 - INFO - 
🔁 Processing ring: R2-C1
2025-10-14 00:34:22,423 - INFO - ✅ Completed ring R2-C1 with 6 spans.
2025-10-14 00:34:22,423 - INFO - 
🔁 Processing ring: R3
2025-10-14 00:34:22,427 - INFO - ✅ Completed ring R3 with 9 spans.
2025-10-14 00:34:22,427 - INFO - 
🔁 Processing ring: R3-C1
2025-10-14 00:34:22,431 - INFO - ✅ Completed ring R3-C1 with 8 spans.
2025-10-14 00:34:22,431 - INFO - 
🔁 Processing ring: R4
2025-10-14 00:34:22,436 - INFO - ✅ Completed ring R4 with 10 spans.
2025-10-14 00:34:22,436 - INFO - 
🔁 Processing ring: R4-C1
2025-10-14 00:34:22,440 - INFO - ✅ Completed ring R4-C1 with 8 spans.
2025-10-14 00:34:22,440 - INFO - 
🔁 Processing ring: R5
2025-10-14 00:34:22,443 - INFO - ✅ Completed ring R5 with 7 spans.
2025-10-14 00:34:22,513 - INFO - Created 1,108 records
2025-10-14 00:34:22,518 - INFO - Created 83 records
2025-10-14 00:34:22,519 - INFO - ✅ All rings processed. Span sequence updated and saved.
