2025-11-24 21:29:14,773 - WARNING - ⚠️ Warning: Disconnected segment remains in span 'LAKHNOTI TO JARGAON'.
2025-11-24 21:29:14,773 - WARNING - ⚠️ The Span LAKHNOTI TO JARGAON is disconnected at this point (78.44654608100006, 26.056695000000047)
2025-11-24 21:29:14,798 - WARNING - ⚠️ Warning: Disconnected segment remains in span 'LIDHORA TO CHHAPRA'.
2025-11-24 21:29:14,798 - WARNING - ⚠️ The Span LIDHORA TO CHHAPRA is disconnected at this point (78.46554366300006, 25.926639127000044)
2025-11-24 21:29:15,628 - INFO - Created 1,764 records
2025-11-24 21:29:15,640 - INFO - Created 71 records
2025-11-24 21:29:15,641 - INFO - ✅ Sequence assigned and saved with original index preserved.
2025-11-24 21:29:15,643 - INFO - Created 2 records
2025-11-24 21:29:15,698 - INFO - 🔄 Found 9 rings: ['R1', 'R2', 'R2-C1', 'R3', 'R3-C1', 'R3-C2', 'R4', 'R4-C1', 'R5']
2025-11-24 21:29:15,698 - INFO - 
🔁 Processing ring: R1
2025-11-24 21:29:15,702 - INFO - ✅ Completed ring R1 with 6 spans.
2025-11-24 21:29:15,702 - INFO - 
🔁 Processing ring: R2
2025-11-24 21:29:15,705 - INFO - ✅ Completed ring R2 with 6 spans.
2025-11-24 21:29:15,706 - INFO - 
🔁 Processing ring: R2-C1
2025-11-24 21:29:15,709 - INFO - ✅ Completed ring R2-C1 with 8 spans.
2025-11-24 21:29:15,709 - INFO - 
🔁 Processing ring: R3
2025-11-24 21:29:15,713 - INFO - ✅ Completed ring R3 with 8 spans.
2025-11-24 21:29:15,713 - INFO - 
🔁 Processing ring: R3-C1
2025-11-24 21:29:15,715 - INFO - ✅ Completed ring R3-C1 with 5 spans.
2025-11-24 21:29:15,715 - INFO - 
🔁 Processing ring: R3-C2
2025-11-24 21:29:15,717 - INFO - ✅ Completed ring R3-C2 with 4 spans.
2025-11-24 21:29:15,717 - INFO - 
🔁 Processing ring: R4
2025-11-24 21:29:15,721 - INFO - ✅ Completed ring R4 with 8 spans.
2025-11-24 21:29:15,721 - INFO - 
🔁 Processing ring: R4-C1
2025-11-24 21:29:15,724 - INFO - ✅ Completed ring R4-C1 with 5 spans.
2025-11-24 21:29:15,724 - INFO - 
🔁 Processing ring: R5
2025-11-24 21:29:15,725 - INFO - ✅ Completed ring R5 with 1 spans.
2025-11-24 21:29:15,777 - INFO - Created 1,764 records
2025-11-24 21:29:15,788 - INFO - Created 71 records
2025-11-24 21:29:15,788 - INFO - ✅ All rings processed. Span sequence updated and saved.
