2025-10-30 23:17:03,354 - WARNING - ⚠️ Warning: Disconnected segment remains in span 'BAIDHAN BLOCK TO SIDHHIKHURD'.
2025-10-30 23:17:03,354 - WARNING - ⚠️ The Span BAIDHAN BLOCK TO SIDHHIKHURD is disconnected at this point (82.61674332400008, 24.009980403000043)
2025-10-30 23:17:03,848 - WARNING - ⚠️ Warning: Disconnected segment remains in span 'BHUDKUD TO SITULKHURD'.
2025-10-30 23:17:03,849 - WARNING - ⚠️ The Span BHUDKUD TO SITULKHURD is disconnected at this point (82.52391670000003, 24.009573300000056)
2025-10-30 23:17:04,407 - WARNING - ⚠️ Warning: Disconnected segment remains in span 'DHENKI TO T-POINT KARKOSA'.
2025-10-30 23:17:04,407 - WARNING - ⚠️ The Span DHENKI TO T-POINT KARKOSA is disconnected at this point (82.55638262000008, 24.042267710000033)
2025-10-30 23:17:04,504 - WARNING - ⚠️ Warning: Disconnected segment remains in span 'GADERIA TO CHINAGITOLA'.
2025-10-30 23:17:04,504 - WARNING - ⚠️ The Span GADERIA TO CHINAGITOLA is disconnected at this point (82.50454359000008, 24.167000209000037)
2025-10-30 23:17:04,959 - WARNING - ⚠️ Warning: Disconnected segment remains in span 'KAM TO KARKOSA'.
2025-10-30 23:17:04,959 - WARNING - ⚠️ The Span KAM TO KARKOSA is disconnected at this point (82.56067670000004, 24.042410200000063)
2025-10-30 23:17:05,556 - WARNING - ⚠️ Warning: Disconnected segment remains in span 'MADHURA TO BAIDHAN BLOCK'.
2025-10-30 23:17:05,557 - WARNING - ⚠️ The Span MADHURA TO BAIDHAN BLOCK is disconnected at this point (82.58094041600003, 24.07739825500005)
2025-10-30 23:17:07,537 - INFO - Created 4,168 records
2025-10-30 23:17:07,556 - INFO - Created 118 records
2025-10-30 23:17:07,556 - INFO - ✅ Sequence assigned and saved with original index preserved.
2025-10-30 23:17:07,558 - INFO - Created 6 records
2025-10-30 23:17:07,684 - INFO - 🔄 Found 17 rings: ['R1', 'R1-C1', 'R1-C2', 'R1-C3', 'R2', 'R2-C1', 'R2-C2', 'R3', 'R3-C1', 'R3-C2', 'R4', 'R4-C1', 'R4-C2', 'R5', 'R5-C1', 'R5-C2', 'R5-C3']
2025-10-30 23:17:07,684 - INFO - 
🔁 Processing ring: R1
2025-10-30 23:17:07,686 - INFO - ✅ Completed ring R1 with 2 spans.
2025-10-30 23:17:07,686 - INFO - 
🔁 Processing ring: R1-C1
2025-10-30 23:17:07,689 - INFO - ✅ Completed ring R1-C1 with 4 spans.
2025-10-30 23:17:07,689 - INFO - 
🔁 Processing ring: R1-C2
2025-10-30 23:17:07,691 - INFO - ✅ Completed ring R1-C2 with 2 spans.
2025-10-30 23:17:07,691 - INFO - 
🔁 Processing ring: R1-C3
2025-10-30 23:17:07,693 - INFO - ✅ Completed ring R1-C3 with 4 spans.
2025-10-30 23:17:07,693 - INFO - 
🔁 Processing ring: R2
2025-10-30 23:17:07,699 - INFO - ✅ Completed ring R2 with 11 spans.
2025-10-30 23:17:07,699 - INFO - 
🔁 Processing ring: R2-C1
2025-10-30 23:17:07,702 - INFO - ✅ Completed ring R2-C1 with 6 spans.
2025-10-30 23:17:07,702 - INFO - 
🔁 Processing ring: R2-C2
2025-10-30 23:17:07,705 - INFO - ✅ Completed ring R2-C2 with 4 spans.
2025-10-30 23:17:07,705 - INFO - 
🔁 Processing ring: R3
2025-10-30 23:17:07,706 - INFO - ✅ Completed ring R3 with 1 spans.
2025-10-30 23:17:07,706 - INFO - 
🔁 Processing ring: R3-C1
2025-10-30 23:17:07,709 - INFO - ✅ Completed ring R3-C1 with 4 spans.
2025-10-30 23:17:07,709 - INFO - 
🔁 Processing ring: R3-C2
2025-10-30 23:17:07,711 - INFO - ✅ Completed ring R3-C2 with 3 spans.
2025-10-30 23:17:07,711 - INFO - 
🔁 Processing ring: R4
2025-10-30 23:17:07,716 - INFO - ✅ Completed ring R4 with 10 spans.
2025-10-30 23:17:07,716 - INFO - 
🔁 Processing ring: R4-C1
2025-10-30 23:17:07,719 - INFO - ✅ Completed ring R4-C1 with 5 spans.
2025-10-30 23:17:07,719 - INFO - 
🔁 Processing ring: R4-C2
2025-10-30 23:17:07,723 - INFO - ✅ Completed ring R4-C2 with 8 spans.
2025-10-30 23:17:07,723 - INFO - 
🔁 Processing ring: R5
2025-10-30 23:17:07,727 - INFO - ✅ Completed ring R5 with 6 spans.
2025-10-30 23:17:07,727 - INFO - 
🔁 Processing ring: R5-C1
2025-10-30 23:17:07,731 - INFO - ✅ Completed ring R5-C1 with 6 spans.
2025-10-30 23:17:07,731 - INFO - 
🔁 Processing ring: R5-C2
2025-10-30 23:17:07,733 - INFO - ✅ Completed ring R5-C2 with 4 spans.
2025-10-30 23:17:07,733 - INFO - 
🔁 Processing ring: R5-C3
2025-10-30 23:17:07,735 - INFO - ✅ Completed ring R5-C3 with 4 spans.
2025-10-30 23:17:07,856 - INFO - Created 4,168 records
2025-10-30 23:17:07,872 - INFO - Created 118 records
2025-10-30 23:17:07,872 - INFO - ✅ All rings processed. Span sequence updated and saved.
