2025-09-24 21:55:17,836 - INFO - Created 1,966 records
2025-09-24 21:55:17,845 - INFO - Created 97 records
2025-09-24 21:55:17,848 - INFO - ✅ Sequence assigned and saved with original index preserved.
2025-09-24 21:55:17,851 - INFO - Created 0 records
2025-09-24 21:55:17,907 - INFO - 🔄 Found 11 rings: ['R1', 'R1-C1', 'R1-C2', 'R2', 'R2-C1', 'R3', 'R3-C1', 'R3-C2', 'R4', 'R4-C1', 'R4-C2']
2025-09-24 21:55:17,907 - INFO - 
🔁 Processing ring: R1
2025-09-24 21:55:17,911 - INFO - ✅ Completed ring R1 with 8 spans.
2025-09-24 21:55:17,911 - INFO - 
🔁 Processing ring: R1-C1
2025-09-24 21:55:17,916 - INFO - ✅ Completed ring R1-C1 with 11 spans.
2025-09-24 21:55:17,916 - INFO - 
🔁 Processing ring: R1-C2
2025-09-24 21:55:17,918 - INFO - ✅ Completed ring R1-C2 with 6 spans.
2025-09-24 21:55:17,919 - INFO - 
🔁 Processing ring: R2
2025-09-24 21:55:17,922 - INFO - ✅ Completed ring R2 with 8 spans.
2025-09-24 21:55:17,922 - INFO - 
🔁 Processing ring: R2-C1
2025-09-24 21:55:17,925 - INFO - ✅ Completed ring R2-C1 with 4 spans.
2025-09-24 21:55:17,925 - INFO - 
🔁 Processing ring: R3
2025-09-24 21:55:17,929 - INFO - ✅ Completed ring R3 with 9 spans.
2025-09-24 21:55:17,929 - INFO - 
🔁 Processing ring: R3-C1
2025-09-24 21:55:17,933 - INFO - ✅ Completed ring R3-C1 with 9 spans.
2025-09-24 21:55:17,933 - INFO - 
🔁 Processing ring: R3-C2
2025-09-24 21:55:17,935 - INFO - ✅ Completed ring R3-C2 with 5 spans.
2025-09-24 21:55:17,935 - INFO - 
🔁 Processing ring: R4
2025-09-24 21:55:17,940 - INFO - ✅ Completed ring R4 with 10 spans.
2025-09-24 21:55:17,940 - INFO - 
🔁 Processing ring: R4-C1
2025-09-24 21:55:17,943 - INFO - ✅ Completed ring R4-C1 with 6 spans.
2025-09-24 21:55:17,943 - INFO - 
🔁 Processing ring: R4-C2
2025-09-24 21:55:17,946 - INFO - ✅ Completed ring R4-C2 with 8 spans.
2025-09-24 21:55:18,008 - INFO - Created 1,966 records
2025-09-24 21:55:18,017 - INFO - Created 97 records
2025-09-24 21:55:18,018 - INFO - ✅ All rings processed. Span sequence updated and saved.
