2025-08-30 14:54:35,589 - WARNING - ⚠️ Warning: Disconnected segment remains in span 'SBALGARH BLOCK TO KEMARI'.
2025-08-30 14:54:35,589 - WARNING - ⚠️ The Span SBALGARH BLOCK TO KEMARI is disconnected at this point (77.36851500000006, 26.258646000000056)
2025-08-30 14:54:36,149 - INFO - Created 1,217 records
2025-08-30 14:54:36,155 - INFO - Created 62 records
2025-08-30 14:54:36,156 - INFO - ✅ Sequence assigned and saved with original index preserved.
2025-08-30 14:54:36,157 - INFO - Created 1 records
2025-08-30 14:54:36,191 - INFO - 🔄 Found 6 rings: ['R1', 'R1_C1', 'R2', 'R2_C1', 'R3', 'R3_C1']
2025-08-30 14:54:36,191 - INFO - 
🔁 Processing ring: R1
2025-08-30 14:54:36,195 - INFO - ✅ Completed ring R1 with 11 spans.
2025-08-30 14:54:36,195 - INFO - 
🔁 Processing ring: R1_C1
2025-08-30 14:54:36,199 - INFO - ✅ Completed ring R1_C1 with 9 spans.
2025-08-30 14:54:36,199 - INFO - 
🔁 Processing ring: R2
2025-08-30 14:54:36,200 - INFO - ✅ Completed ring R2 with 0 spans.
2025-08-30 14:54:36,200 - INFO - 
🔁 Processing ring: R2_C1
2025-08-30 14:54:36,201 - INFO - ✅ Completed ring R2_C1 with 0 spans.
2025-08-30 14:54:36,201 - INFO - 
🔁 Processing ring: R3
2025-08-30 14:54:36,202 - INFO - ✅ Completed ring R3 with 0 spans.
2025-08-30 14:54:36,203 - INFO - 
🔁 Processing ring: R3_C1
2025-08-30 14:54:36,205 - INFO - ✅ Completed ring R3_C1 with 5 spans.
2025-08-30 14:54:36,243 - INFO - Created 1,217 records
2025-08-30 14:54:36,248 - INFO - Created 62 records
2025-08-30 14:54:36,248 - INFO - ✅ All rings processed. Span sequence updated and saved.
