2025-10-10 16:26:29,010 - INFO - Created 548 records
2025-10-10 16:26:29,019 - INFO - Created 25 records
2025-10-10 16:26:29,019 - INFO - \u2705 Sequence assigned and saved with original index preserved.
2025-10-10 16:26:29,041 - INFO - Created 0 records
2025-10-10 16:26:29,109 - INFO - \U0001f504 Found 4 rings: ['R1', 'R1-C1', 'R2', 'R2-C1']
2025-10-10 16:26:29,110 - INFO - 
\U0001f501 Processing ring: R1
2025-10-10 16:26:29,116 - INFO - \u2705 Completed ring R1 with 7 spans.
2025-10-10 16:26:29,116 - INFO - 
\U0001f501 Processing ring: R1-C1
2025-10-10 16:26:29,119 - INFO - \u2705 Completed ring R1-C1 with 3 spans.
2025-10-10 16:26:29,119 - INFO - 
\U0001f501 Processing ring: R2
2025-10-10 16:26:29,127 - INFO - \u2705 Completed ring R2 with 10 spans.
2025-10-10 16:26:29,127 - INFO - 
\U0001f501 Processing ring: R2-C1
2025-10-10 16:26:29,130 - INFO - \u2705 Completed ring R2-C1 with 4 spans.
2025-10-10 16:26:29,173 - INFO - Created 548 records
2025-10-10 16:26:29,183 - INFO - Created 25 records
2025-10-10 16:26:29,183 - INFO - \u2705 All rings processed. Span sequence updated and saved.
