2025-11-25 17:15:28,375 - WARNING - \u26a0\ufe0f Warning: Disconnected segment remains in span 'RIJAVATA TO KITHORE'.
2025-11-25 17:15:28,375 - WARNING - \u26a0\ufe0f The Span RIJAVATA TO KITHORE is disconnected at this point (76.50785450000001, 23.566364799999974)
2025-11-25 17:15:29,384 - INFO - Created 2,120 records
2025-11-25 17:15:29,394 - INFO - Created 99 records
2025-11-25 17:15:29,395 - INFO - \u2705 Sequence assigned and saved with original index preserved.
2025-11-25 17:15:29,399 - INFO - Created 1 records
2025-11-25 17:15:29,532 - INFO - \U0001f504 Found 11 rings: ['R1', 'R2', 'R3', 'R3-C1', 'R3-C2', 'R4', 'R4-C1', 'R4-C2', 'R5', 'R5-C1', 'R5-C2']
2025-11-25 17:15:29,533 - INFO - 
\U0001f501 Processing ring: R1
2025-11-25 17:15:29,540 - INFO - \u2705 Completed ring R1 with 9 spans.
2025-11-25 17:15:29,540 - INFO - 
\U0001f501 Processing ring: R2
2025-11-25 17:15:29,546 - INFO - \u2705 Completed ring R2 with 6 spans.
2025-11-25 17:15:29,546 - INFO - 
\U0001f501 Processing ring: R3
2025-11-25 17:15:29,552 - INFO - \u2705 Completed ring R3 with 8 spans.
2025-11-25 17:15:29,553 - INFO - 
\U0001f501 Processing ring: R3-C1
2025-11-25 17:15:29,559 - INFO - \u2705 Completed ring R3-C1 with 9 spans.
2025-11-25 17:15:29,560 - INFO - 
\U0001f501 Processing ring: R3-C2
2025-11-25 17:15:29,563 - INFO - \u2705 Completed ring R3-C2 with 4 spans.
2025-11-25 17:15:29,563 - INFO - 
\U0001f501 Processing ring: R4
2025-11-25 17:15:29,572 - INFO - \u2705 Completed ring R4 with 11 spans.
2025-11-25 17:15:29,572 - INFO - 
\U0001f501 Processing ring: R4-C1
2025-11-25 17:15:29,580 - INFO - \u2705 Completed ring R4-C1 with 9 spans.
2025-11-25 17:15:29,580 - INFO - 
\U0001f501 Processing ring: R4-C2
2025-11-25 17:15:29,587 - INFO - \u2705 Completed ring R4-C2 with 9 spans.
2025-11-25 17:15:29,587 - INFO - 
\U0001f501 Processing ring: R5
2025-11-25 17:15:29,597 - INFO - \u2705 Completed ring R5 with 10 spans.
2025-11-25 17:15:29,597 - INFO - 
\U0001f501 Processing ring: R5-C1
2025-11-25 17:15:29,605 - INFO - \u2705 Completed ring R5-C1 with 7 spans.
2025-11-25 17:15:29,605 - INFO - 
\U0001f501 Processing ring: R5-C2
2025-11-25 17:15:29,614 - INFO - \u2705 Completed ring R5-C2 with 8 spans.
2025-11-25 17:15:29,756 - INFO - Created 2,120 records
2025-11-25 17:15:29,764 - INFO - Created 99 records
2025-11-25 17:15:29,764 - INFO - \u2705 All rings processed. Span sequence updated and saved.
