2025-11-15 17:39:06,679 - WARNING - ⚠️ Warning: Disconnected segment remains in span 'LABHAKARAN TO SUJANHADHI'.
2025-11-15 17:39:06,679 - WARNING - ⚠️ The Span LABHAKARAN TO SUJANHADHI is disconnected at this point (77.63971211400008, 26.33740356000004)
2025-11-15 17:39:07,897 - INFO - Created 1,705 records
2025-11-15 17:39:07,903 - INFO - Created 102 records
2025-11-15 17:39:07,903 - INFO - ✅ Sequence assigned and saved with original index preserved.
2025-11-15 17:39:07,905 - INFO - Created 1 records
2025-11-15 17:39:07,954 - INFO - 🔄 Found 13 rings: ['R1', 'R1-C1', 'R2', 'R2-C1', 'R2-C2', 'R3', 'R3-C1', 'R3-C2', 'R4', 'R4-C1', 'R4-C2', 'R5', 'R5-C1']
2025-11-15 17:39:07,954 - INFO - 
🔁 Processing ring: R1
2025-11-15 17:39:07,957 - INFO - ✅ Completed ring R1 with 3 spans.
2025-11-15 17:39:07,957 - INFO - 
🔁 Processing ring: R1-C1
2025-11-15 17:39:07,960 - INFO - ✅ Completed ring R1-C1 with 6 spans.
2025-11-15 17:39:07,960 - INFO - 
🔁 Processing ring: R2
2025-11-15 17:39:07,965 - INFO - ✅ Completed ring R2 with 10 spans.
2025-11-15 17:39:07,966 - INFO - 
🔁 Processing ring: R2-C1
2025-11-15 17:39:07,968 - INFO - ✅ Completed ring R2-C1 with 4 spans.
2025-11-15 17:39:07,968 - INFO - 
🔁 Processing ring: R2-C2
2025-11-15 17:39:07,971 - INFO - ✅ Completed ring R2-C2 with 6 spans.
2025-11-15 17:39:07,971 - INFO - 
🔁 Processing ring: R3
2025-11-15 17:39:07,977 - INFO - ✅ Completed ring R3 with 11 spans.
2025-11-15 17:39:07,977 - INFO - 
🔁 Processing ring: R3-C1
2025-11-15 17:39:07,981 - INFO - ✅ Completed ring R3-C1 with 7 spans.
2025-11-15 17:39:07,981 - INFO - 
🔁 Processing ring: R3-C2
2025-11-15 17:39:07,983 - INFO - ✅ Completed ring R3-C2 with 3 spans.
2025-11-15 17:39:07,983 - INFO - 
🔁 Processing ring: R4
2025-11-15 17:39:07,988 - INFO - ✅ Completed ring R4 with 12 spans.
2025-11-15 17:39:07,988 - INFO - 
🔁 Processing ring: R4-C1
2025-11-15 17:39:07,991 - INFO - ✅ Completed ring R4-C1 with 7 spans.
2025-11-15 17:39:07,991 - INFO - 
🔁 Processing ring: R4-C2
2025-11-15 17:39:07,993 - INFO - ✅ Completed ring R4-C2 with 3 spans.
2025-11-15 17:39:07,993 - INFO - 
🔁 Processing ring: R5
2025-11-15 17:39:07,998 - INFO - ✅ Completed ring R5 with 11 spans.
2025-11-15 17:39:07,998 - INFO - 
🔁 Processing ring: R5-C1
2025-11-15 17:39:08,001 - INFO - ✅ Completed ring R5-C1 with 8 spans.
2025-11-15 17:39:08,057 - INFO - Created 1,705 records
2025-11-15 17:39:08,063 - INFO - Created 102 records
2025-11-15 17:39:08,063 - INFO - ✅ All rings processed. Span sequence updated and saved.
