2025-10-09 00:00:57,004 - WARNING -  ⚠️ The Geometry is multiline string starting at (80.00626427800006, 21.67833663300007) & ending at (80.00856810900007, 21.678394250000053)
2025-10-09 00:00:57,005 - WARNING -  ⚠️ The Geometry is multiline string starting at (80.00626427800006, 21.67833663300007) & ending at (80.00856810900007, 21.678394250000053)
2025-10-09 00:00:57,012 - WARNING - ⚠️ Warning: Disconnected segment remains in span 'RAMPAYLI TO SINGODI'.
2025-10-09 00:00:57,012 - WARNING - ⚠️ The Span RAMPAYLI TO SINGODI is disconnected at this point (80.00856810900007, 21.678394250000053)
2025-10-09 00:00:57,674 - INFO - Created 1,358 records
2025-10-09 00:00:57,687 - INFO - Created 72 records
2025-10-09 00:00:57,687 - INFO - ✅ Sequence assigned and saved with original index preserved.
2025-10-09 00:00:57,688 - INFO - Created 1 records
2025-10-09 00:00:57,729 - INFO - 🔄 Found 9 rings: ['R1', 'R1-C1', 'R1-C2', 'R2', 'R2-C1', 'R3', 'R3-C1', 'R3-C2', 'R4']
2025-10-09 00:00:57,729 - INFO - 
🔁 Processing ring: R1
2025-10-09 00:00:57,735 - INFO - ✅ Completed ring R1 with 11 spans.
2025-10-09 00:00:57,735 - INFO - 
🔁 Processing ring: R1-C1
2025-10-09 00:00:57,738 - INFO - ✅ Completed ring R1-C1 with 6 spans.
2025-10-09 00:00:57,738 - INFO - 
🔁 Processing ring: R1-C2
2025-10-09 00:00:57,741 - INFO - ✅ Completed ring R1-C2 with 5 spans.
2025-10-09 00:00:57,741 - INFO - 
🔁 Processing ring: R2
2025-10-09 00:00:57,744 - INFO - ✅ Completed ring R2 with 7 spans.
2025-10-09 00:00:57,744 - INFO - 
🔁 Processing ring: R2-C1
2025-10-09 00:00:57,748 - INFO - ✅ Completed ring R2-C1 with 6 spans.
2025-10-09 00:00:57,748 - INFO - 
🔁 Processing ring: R3
2025-10-09 00:00:57,753 - INFO - ✅ Completed ring R3 with 11 spans.
2025-10-09 00:00:57,753 - INFO - 
🔁 Processing ring: R3-C1
2025-10-09 00:00:57,756 - INFO - ✅ Completed ring R3-C1 with 6 spans.
2025-10-09 00:00:57,757 - INFO - 
🔁 Processing ring: R3-C2
2025-10-09 00:00:57,758 - INFO - ✅ Completed ring R3-C2 with 3 spans.
2025-10-09 00:00:57,758 - INFO - 
🔁 Processing ring: R4
2025-10-09 00:00:57,763 - INFO - ✅ Completed ring R4 with 11 spans.
2025-10-09 00:00:57,811 - INFO - Created 1,358 records
2025-10-09 00:00:57,823 - INFO - Created 72 records
2025-10-09 00:00:57,823 - INFO - ✅ All rings processed. Span sequence updated and saved.
