2025-09-29 13:02:34,423 - WARNING - \u26a0\ufe0f Warning: Disconnected segment remains in span 'BAANS TO PANGADI KALA'.
2025-09-29 13:02:34,423 - WARNING - \u26a0\ufe0f The Span BAANS TO PANGADI KALA is disconnected at this point (81.577037, 24.8632)
2025-09-29 13:02:35,341 - WARNING - \u26a0\ufe0f Warning: Disconnected segment remains in span 'GARH TO AGADAL'.
2025-09-29 13:02:35,342 - WARNING - \u26a0\ufe0f The Span GARH TO AGADAL is disconnected at this point (81.65184806752868, 24.821937829850924)
2025-09-29 13:02:35,522 - WARNING - \u26a0\ufe0f Warning: Disconnected segment remains in span 'JORAUT TO GHOPI'.
2025-09-29 13:02:35,522 - WARNING - \u26a0\ufe0f The Span JORAUT TO GHOPI is disconnected at this point (81.578078, 24.740459999999985)
2025-09-29 13:02:35,637 - WARNING - \u26a0\ufe0f Warning: Disconnected segment remains in span 'KAITHAL TO T-POINT GARH'.
2025-09-29 13:02:35,638 - WARNING - \u26a0\ufe0f The Span KAITHAL TO T-POINT GARH is disconnected at this point (81.6445287687059, 24.818747633287067)
2025-09-29 13:02:36,463 - WARNING - \u26a0\ufe0f Warning: Disconnected segment remains in span 'PURWA 310 TO SIRSA'.
2025-09-29 13:02:36,463 - WARNING - \u26a0\ufe0f The Span PURWA 310 TO SIRSA is disconnected at this point (81.56674099999998, 24.72197399999999)
2025-09-29 13:02:36,542 - WARNING - \u26a0\ufe0f Warning: Disconnected segment remains in span 'RAKSHA MAJAN TO BAANS'.
2025-09-29 13:02:36,542 - WARNING - \u26a0\ufe0f The Span RAKSHA MAJAN TO BAANS is disconnected at this point (81.603914, 24.851541)
2025-09-29 13:02:37,408 - WARNING - \u26a0\ufe0f Warning: Disconnected segment remains in span 'T-POINT LAURI KHURD TO RAKSHA MAJAN'.
2025-09-29 13:02:37,408 - WARNING - \u26a0\ufe0f The Span T-POINT LAURI KHURD TO RAKSHA MAJAN is disconnected at this point (81.62622442805547, 24.823395372220613)
2025-09-29 13:02:38,034 - INFO - Created 1,904 records
2025-09-29 13:02:38,048 - INFO - Created 99 records
2025-09-29 13:02:38,048 - INFO - \u2705 Sequence assigned and saved with original index preserved.
2025-09-29 13:02:38,055 - INFO - Created 7 records
2025-09-29 13:02:38,190 - INFO - \U0001f504 Found 11 rings: ['R1', 'R2', 'R2-C1', 'R3', 'R3-C1', 'R4', 'R4-C1', 'R5', 'R5_C1', 'R6', 'R6_C1']
2025-09-29 13:02:38,190 - INFO - 
\U0001f501 Processing ring: R1
2025-09-29 13:02:38,198 - INFO - \u2705 Completed ring R1 with 10 spans.
2025-09-29 13:02:38,198 - INFO - 
\U0001f501 Processing ring: R2
2025-09-29 13:02:38,200 - INFO - \u2705 Completed ring R2 with 1 spans.
2025-09-29 13:02:38,200 - INFO - 
\U0001f501 Processing ring: R2-C1
2025-09-29 13:02:38,207 - INFO - \u2705 Completed ring R2-C1 with 8 spans.
2025-09-29 13:02:38,207 - INFO - 
\U0001f501 Processing ring: R3
2025-09-29 13:02:38,211 - INFO - \u2705 Completed ring R3 with 5 spans.
2025-09-29 13:02:38,212 - INFO - 
\U0001f501 Processing ring: R3-C1
2025-09-29 13:02:38,214 - INFO - \u2705 Completed ring R3-C1 with 1 spans.
2025-09-29 13:02:38,214 - INFO - 
\U0001f501 Processing ring: R4
2025-09-29 13:02:38,222 - INFO - \u2705 Completed ring R4 with 10 spans.
2025-09-29 13:02:38,222 - INFO - 
\U0001f501 Processing ring: R4-C1
2025-09-29 13:02:38,226 - INFO - \u2705 Completed ring R4-C1 with 5 spans.
2025-09-29 13:02:38,226 - INFO - 
\U0001f501 Processing ring: R5
2025-09-29 13:02:38,230 - INFO - \u2705 Completed ring R5 with 3 spans.
2025-09-29 13:02:38,230 - INFO - 
\U0001f501 Processing ring: R5_C1
2025-09-29 13:02:38,236 - INFO - \u2705 Completed ring R5_C1 with 8 spans.
2025-09-29 13:02:38,236 - INFO - 
\U0001f501 Processing ring: R6
2025-09-29 13:02:38,243 - INFO - \u2705 Completed ring R6 with 7 spans.
2025-09-29 13:02:38,243 - INFO - 
\U0001f501 Processing ring: R6_C1
2025-09-29 13:02:38,251 - INFO - \u2705 Completed ring R6_C1 with 8 spans.
2025-09-29 13:02:38,365 - INFO - Created 1,904 records
2025-09-29 13:02:38,374 - INFO - Created 99 records
2025-09-29 13:02:38,375 - INFO - \u2705 All rings processed. Span sequence updated and saved.
