2025-08-20 08:45:52,344 - INFO - Created 1,289 records
2025-08-20 08:45:52,350 - INFO - Created 83 records
2025-08-20 08:45:52,350 - INFO - ✅ Sequence assigned and saved with original index preserved.
2025-08-20 08:45:52,355 - INFO - Created 0 records
2025-08-20 08:45:52,392 - INFO - 🔄 Found 7 rings: ['R1', 'R2', 'R3', 'R3-C1', 'R4', 'R5', 'R5-C1']
2025-08-20 08:45:52,392 - INFO - 
🔁 Processing ring: R1
2025-08-20 08:45:52,397 - INFO - ✅ Completed ring R1 with 10 spans.
2025-08-20 08:45:52,397 - INFO - 
🔁 Processing ring: R2
2025-08-20 08:45:52,402 - INFO - ✅ Completed ring R2 with 11 spans.
2025-08-20 08:45:52,402 - INFO - 
🔁 Processing ring: R3
2025-08-20 08:45:52,410 - INFO - ✅ Completed ring R3 with 19 spans.
2025-08-20 08:45:52,410 - INFO - 
🔁 Processing ring: R3-C1
2025-08-20 08:45:52,414 - INFO - ✅ Completed ring R3-C1 with 7 spans.
2025-08-20 08:45:52,414 - INFO - 
🔁 Processing ring: R4
2025-08-20 08:45:52,418 - INFO - ✅ Completed ring R4 with 10 spans.
2025-08-20 08:45:52,418 - INFO - 
🔁 Processing ring: R5
2025-08-20 08:45:52,422 - INFO - ✅ Completed ring R5 with 9 spans.
2025-08-20 08:45:52,422 - INFO - 
🔁 Processing ring: R5-C1
2025-08-20 08:45:52,427 - INFO - ✅ Completed ring R5-C1 with 11 spans.
2025-08-20 08:45:52,468 - INFO - Created 1,289 records
2025-08-20 08:45:52,475 - INFO - Created 83 records
2025-08-20 08:45:52,475 - INFO - ✅ All rings processed. Span sequence updated and saved.
