2025-11-23 20:23:21,765 - ERROR - ❌ Error in get_start_end_coords: Unsupported geometry type: <class 'NoneType'>
2025-11-23 20:23:21,766 - ERROR - ❌ Error in get_start_end_coords: Unsupported geometry type: <class 'NoneType'>
2025-11-23 20:23:21,775 - WARNING - ⚠️ Warning: Disconnected segment remains in span 'KUCHHOD TO PHOPHLIYA'.
2025-11-23 20:23:21,775 - WARNING - ⚠️ The Span KUCHHOD TO PHOPHLIYA is disconnected at this point (74.89173790500007, 24.240846688000033)
2025-11-23 20:23:22,572 - INFO - Created 1,817 records
2025-11-23 20:23:22,582 - INFO - Created 65 records
2025-11-23 20:23:22,582 - INFO - ✅ Sequence assigned and saved with original index preserved.
2025-11-23 20:23:22,584 - INFO - Created 1 records
2025-11-23 20:23:22,634 - INFO - 🔄 Found 9 rings: ['R1', 'R1-C1', 'R1-C2', 'R2', 'R2-C1', 'R3', 'R3-C1', 'R4', 'R4-C1']
2025-11-23 20:23:22,634 - INFO - 
🔁 Processing ring: R1
2025-11-23 20:23:22,638 - INFO - ✅ Completed ring R1 with 8 spans.
2025-11-23 20:23:22,638 - INFO - 
🔁 Processing ring: R1-C1
2025-11-23 20:23:22,639 - INFO - ✅ Completed ring R1-C1 with 3 spans.
2025-11-23 20:23:22,639 - INFO - 
🔁 Processing ring: R1-C2
2025-11-23 20:23:22,642 - INFO - ✅ Completed ring R1-C2 with 6 spans.
2025-11-23 20:23:22,642 - INFO - 
🔁 Processing ring: R2
2025-11-23 20:23:22,646 - INFO - ✅ Completed ring R2 with 10 spans.
2025-11-23 20:23:22,646 - INFO - 
🔁 Processing ring: R2-C1
2025-11-23 20:23:22,650 - INFO - ✅ Completed ring R2-C1 with 7 spans.
2025-11-23 20:23:22,650 - INFO - 
🔁 Processing ring: R3
2025-11-23 20:23:22,654 - INFO - ✅ Completed ring R3 with 11 spans.
2025-11-23 20:23:22,655 - INFO - 
🔁 Processing ring: R3-C1
2025-11-23 20:23:22,657 - INFO - ✅ Completed ring R3-C1 with 4 spans.
2025-11-23 20:23:22,657 - INFO - 
🔁 Processing ring: R4
2025-11-23 20:23:22,661 - INFO - ✅ Completed ring R4 with 9 spans.
2025-11-23 20:23:22,661 - INFO - 
🔁 Processing ring: R4-C1
2025-11-23 20:23:22,663 - INFO - ✅ Completed ring R4-C1 with 5 spans.
2025-11-23 20:23:22,728 - INFO - Created 1,817 records
2025-11-23 20:23:22,740 - INFO - Created 65 records
2025-11-23 20:23:22,740 - INFO - ✅ All rings processed. Span sequence updated and saved.
