2025-10-07 21:33:07,946 - INFO - Created 1,033 records
2025-10-07 21:33:07,952 - INFO - Created 49 records
2025-10-07 21:33:07,953 - INFO - ✅ Sequence assigned and saved with original index preserved.
2025-10-07 21:33:07,957 - INFO - Created 0 records
2025-10-07 21:33:07,990 - INFO - 🔄 Found 5 rings: ['R1', 'R2', 'R2-C1', 'R3', 'R4']
2025-10-07 21:33:07,990 - INFO - 
🔁 Processing ring: R1
2025-10-07 21:33:07,996 - INFO - ✅ Completed ring R1 with 11 spans.
2025-10-07 21:33:07,996 - INFO - 
🔁 Processing ring: R2
2025-10-07 21:33:08,000 - INFO - ✅ Completed ring R2 with 8 spans.
2025-10-07 21:33:08,000 - INFO - 
🔁 Processing ring: R2-C1
2025-10-07 21:33:08,004 - INFO - ✅ Completed ring R2-C1 with 6 spans.
2025-10-07 21:33:08,004 - INFO - 
🔁 Processing ring: R3
2025-10-07 21:33:08,009 - INFO - ✅ Completed ring R3 with 10 spans.
2025-10-07 21:33:08,009 - INFO - 
🔁 Processing ring: R4
2025-10-07 21:33:08,013 - INFO - ✅ Completed ring R4 with 10 spans.
2025-10-07 21:33:08,045 - INFO - Created 1,033 records
2025-10-07 21:33:08,051 - INFO - Created 49 records
2025-10-07 21:33:08,051 - INFO - ✅ All rings processed. Span sequence updated and saved.
