2025-09-27 00:57:15,152 - ERROR - ❌ Error in get_start_end_coords: Unsupported geometry type: <class 'NoneType'>
2025-09-27 00:57:15,153 - ERROR - ❌ Error in get_start_end_coords: Unsupported geometry type: <class 'NoneType'>
2025-09-27 00:57:15,178 - WARNING - ⚠️ Warning: Disconnected segment remains in span 'BAREHI TO TATIHARA'.
2025-09-27 00:57:15,178 - WARNING - ⚠️ The Span BAREHI TO TATIHARA is disconnected at this point (81.57393700000006, 24.569747000000064)
2025-09-27 00:57:15,796 - ERROR - ❌ Error in get_start_end_coords: Unsupported geometry type: <class 'NoneType'>
2025-09-27 00:57:15,796 - ERROR - ❌ Error in get_start_end_coords: Unsupported geometry type: <class 'NoneType'>
2025-09-27 00:57:15,797 - ERROR - ❌ Error in get_start_end_coords: Unsupported geometry type: <class 'NoneType'>
2025-09-27 00:57:15,797 - ERROR - ❌ Error in get_start_end_coords: Unsupported geometry type: <class 'NoneType'>
2025-09-27 00:57:15,804 - WARNING - ⚠️ Warning: Disconnected segment remains in span 'HINAUTI TO AHIRGAON'.
2025-09-27 00:57:15,804 - WARNING - ⚠️ The Span HINAUTI TO AHIRGAON is disconnected at this point (81.63539900000006, 24.577390000000037)
2025-09-27 00:57:17,100 - ERROR - ❌ Error in get_start_end_coords: Unsupported geometry type: <class 'NoneType'>
2025-09-27 00:57:17,101 - ERROR - ❌ Error in get_start_end_coords: Unsupported geometry type: <class 'NoneType'>
2025-09-27 00:57:17,118 - WARNING - ⚠️ Warning: Disconnected segment remains in span 'SIRSA TO TAMRADESH'.
2025-09-27 00:57:17,118 - WARNING - ⚠️ The Span SIRSA TO TAMRADESH is disconnected at this point (81.67672300000004, 24.542612000000076)
2025-09-27 00:57:17,201 - WARNING - ⚠️ Warning: Disconnected segment remains in span 'SURSA KALA TO UMARI'.
2025-09-27 00:57:17,201 - WARNING - ⚠️ The Span SURSA KALA TO UMARI is disconnected at this point (81.50133405900004, 24.603540956000074)
2025-09-27 00:57:18,007 - INFO - Created 2,359 records
2025-09-27 00:57:18,026 - INFO - Created 118 records
2025-09-27 00:57:18,026 - INFO - ✅ Sequence assigned and saved with original index preserved.
2025-09-27 00:57:18,028 - INFO - Created 4 records
2025-09-27 00:57:18,091 - INFO - 🔄 Found 15 rings: ['R1', 'R1-C1', 'R2', 'R2-C1', 'R2-C2', 'R3', 'R3-C1', 'R4', 'R4-C1', 'R5', 'R5-C1', 'R5-C2', 'R6', 'R6-C1', 'R6-C2']
2025-09-27 00:57:18,091 - INFO - 
🔁 Processing ring: R1
2025-09-27 00:57:18,095 - INFO - ✅ Completed ring R1 with 9 spans.
2025-09-27 00:57:18,095 - INFO - 
🔁 Processing ring: R1-C1
2025-09-27 00:57:18,099 - INFO - ✅ Completed ring R1-C1 with 8 spans.
2025-09-27 00:57:18,099 - INFO - 
🔁 Processing ring: R2
2025-09-27 00:57:18,104 - INFO - ✅ Completed ring R2 with 11 spans.
2025-09-27 00:57:18,104 - INFO - 
🔁 Processing ring: R2-C1
2025-09-27 00:57:18,107 - INFO - ✅ Completed ring R2-C1 with 7 spans.
2025-09-27 00:57:18,108 - INFO - 
🔁 Processing ring: R2-C2
2025-09-27 00:57:18,111 - INFO - ✅ Completed ring R2-C2 with 7 spans.
2025-09-27 00:57:18,111 - INFO - 
🔁 Processing ring: R3
2025-09-27 00:57:18,116 - INFO - ✅ Completed ring R3 with 9 spans.
2025-09-27 00:57:18,116 - INFO - 
🔁 Processing ring: R3-C1
2025-09-27 00:57:18,119 - INFO - ✅ Completed ring R3-C1 with 7 spans.
2025-09-27 00:57:18,119 - INFO - 
🔁 Processing ring: R4
2025-09-27 00:57:18,123 - INFO - ✅ Completed ring R4 with 7 spans.
2025-09-27 00:57:18,123 - INFO - 
🔁 Processing ring: R4-C1
2025-09-27 00:57:18,124 - INFO - ✅ Completed ring R4-C1 with 0 spans.
2025-09-27 00:57:18,124 - INFO - 
🔁 Processing ring: R5
2025-09-27 00:57:18,128 - INFO - ✅ Completed ring R5 with 8 spans.
2025-09-27 00:57:18,129 - INFO - 
🔁 Processing ring: R5-C1
2025-09-27 00:57:18,131 - INFO - ✅ Completed ring R5-C1 with 3 spans.
2025-09-27 00:57:18,131 - INFO - 
🔁 Processing ring: R5-C2
2025-09-27 00:57:18,133 - INFO - ✅ Completed ring R5-C2 with 4 spans.
2025-09-27 00:57:18,133 - INFO - 
🔁 Processing ring: R6
2025-09-27 00:57:18,136 - INFO - ✅ Completed ring R6 with 3 spans.
2025-09-27 00:57:18,136 - INFO - 
🔁 Processing ring: R6-C1
2025-09-27 00:57:18,140 - INFO - ✅ Completed ring R6-C1 with 7 spans.
2025-09-27 00:57:18,140 - INFO - 
🔁 Processing ring: R6-C2
2025-09-27 00:57:18,142 - INFO - ✅ Completed ring R6-C2 with 2 spans.
2025-09-27 00:57:18,221 - INFO - Created 2,359 records
2025-09-27 00:57:18,238 - INFO - Created 118 records
2025-09-27 00:57:18,238 - INFO - ✅ All rings processed. Span sequence updated and saved.
