2025-11-19 12:26:07,306 - INFO - Created 727 records
2025-11-19 12:26:07,313 - INFO - Created 42 records
2025-11-19 12:26:07,314 - INFO - \u2705 Sequence assigned and saved with original index preserved.
2025-11-19 12:26:07,317 - INFO - Created 0 records
2025-11-19 12:26:07,382 - INFO - \U0001f504 Found 5 rings: ['R1', 'R1-C1', 'R2', 'R2-C1', 'R2-C2']
2025-11-19 12:26:07,382 - INFO - 
\U0001f501 Processing ring: R1
2025-11-19 12:26:07,396 - INFO - \u2705 Completed ring R1 with 11 spans.
2025-11-19 12:26:07,396 - INFO - 
\U0001f501 Processing ring: R1-C1
2025-11-19 12:26:07,403 - INFO - \u2705 Completed ring R1-C1 with 7 spans.
2025-11-19 12:26:07,403 - INFO - 
\U0001f501 Processing ring: R2
2025-11-19 12:26:07,413 - INFO - \u2705 Completed ring R2 with 9 spans.
2025-11-19 12:26:07,413 - INFO - 
\U0001f501 Processing ring: R2-C1
2025-11-19 12:26:07,418 - INFO - \u2705 Completed ring R2-C1 with 4 spans.
2025-11-19 12:26:07,418 - INFO - 
\U0001f501 Processing ring: R2-C2
2025-11-19 12:26:07,427 - INFO - \u2705 Completed ring R2-C2 with 8 spans.
2025-11-19 12:26:07,487 - INFO - Created 727 records
2025-11-19 12:26:07,498 - INFO - Created 42 records
2025-11-19 12:26:07,499 - INFO - \u2705 All rings processed. Span sequence updated and saved.
