2025-12-15 22:52:37,691 - INFO - Created 919 records
2025-12-15 22:52:37,698 - INFO - Created 48 records
2025-12-15 22:52:37,699 - INFO - ✅ Sequence assigned and saved with original index preserved.
2025-12-15 22:52:37,703 - INFO - Created 0 records
2025-12-15 22:52:37,732 - INFO - 🔄 Found 5 rings: ['R1', 'R2', 'R3', 'R3-C1', 'R3-C2']
2025-12-15 22:52:37,732 - INFO - 
🔁 Processing ring: R1
2025-12-15 22:52:37,736 - INFO - ✅ Completed ring R1 with 9 spans.
2025-12-15 22:52:37,736 - INFO - 
🔁 Processing ring: R2
2025-12-15 22:52:37,740 - INFO - ✅ Completed ring R2 with 8 spans.
2025-12-15 22:52:37,740 - INFO - 
🔁 Processing ring: R3
2025-12-15 22:52:37,743 - INFO - ✅ Completed ring R3 with 7 spans.
2025-12-15 22:52:37,743 - INFO - 
🔁 Processing ring: R3-C1
2025-12-15 22:52:37,746 - INFO - ✅ Completed ring R3-C1 with 5 spans.
2025-12-15 22:52:37,746 - INFO - 
🔁 Processing ring: R3-C2
2025-12-15 22:52:37,749 - INFO - ✅ Completed ring R3-C2 with 7 spans.
2025-12-15 22:52:37,777 - INFO - Created 919 records
2025-12-15 22:52:37,781 - INFO - Created 48 records
2025-12-15 22:52:37,781 - INFO - ✅ All rings processed. Span sequence updated and saved.
