2025-11-28 23:24:06,185 - WARNING - ⚠️ Warning: Disconnected segment remains in span 'KHADOURA TO KATHDAHA'.
2025-11-28 23:24:06,185 - WARNING - ⚠️ The Span KHADOURA TO KATHDAHA is disconnected at this point (82.24840520000004, 24.185721900000033)
2025-11-28 23:24:07,886 - INFO - Created 2,517 records
2025-11-28 23:24:07,905 - INFO - Created 96 records
2025-11-28 23:24:07,906 - INFO - ✅ Sequence assigned and saved with original index preserved.
2025-11-28 23:24:07,907 - INFO - Created 1 records
2025-11-28 23:24:07,977 - INFO - 🔄 Found 11 rings: ['R1', 'R1-C1', 'R2', 'R2-C1', 'R3', 'R3-C1', 'R3-C2', 'R4', 'R4-C1', 'R5', 'R5-C1']
2025-11-28 23:24:07,977 - INFO - 
🔁 Processing ring: R1
2025-11-28 23:24:07,982 - INFO - ✅ Completed ring R1 with 8 spans.
2025-11-28 23:24:07,982 - INFO - 
🔁 Processing ring: R1-C1
2025-11-28 23:24:07,986 - INFO - ✅ Completed ring R1-C1 with 7 spans.
2025-11-28 23:24:07,986 - INFO - 
🔁 Processing ring: R2
2025-11-28 23:24:07,990 - INFO - ✅ Completed ring R2 with 5 spans.
2025-11-28 23:24:07,990 - INFO - 
🔁 Processing ring: R2-C1
2025-11-28 23:24:07,994 - INFO - ✅ Completed ring R2-C1 with 7 spans.
2025-11-28 23:24:07,994 - INFO - 
🔁 Processing ring: R3
2025-11-28 23:24:07,997 - INFO - ✅ Completed ring R3 with 4 spans.
2025-11-28 23:24:07,997 - INFO - 
🔁 Processing ring: R3-C1
2025-11-28 23:24:07,998 - INFO - ✅ Completed ring R3-C1 with 2 spans.
2025-11-28 23:24:07,998 - INFO - 
🔁 Processing ring: R3-C2
2025-11-28 23:24:08,002 - INFO - ✅ Completed ring R3-C2 with 6 spans.
2025-11-28 23:24:08,002 - INFO - 
🔁 Processing ring: R4
2025-11-28 23:24:08,007 - INFO - ✅ Completed ring R4 with 9 spans.
2025-11-28 23:24:08,007 - INFO - 
🔁 Processing ring: R4-C1
2025-11-28 23:24:08,011 - INFO - ✅ Completed ring R4-C1 with 8 spans.
2025-11-28 23:24:08,011 - INFO - 
🔁 Processing ring: R5
2025-11-28 23:24:08,016 - INFO - ✅ Completed ring R5 with 8 spans.
2025-11-28 23:24:08,016 - INFO - 
🔁 Processing ring: R5-C1
2025-11-28 23:24:08,020 - INFO - ✅ Completed ring R5-C1 with 6 spans.
2025-11-28 23:24:08,099 - INFO - Created 2,517 records
2025-11-28 23:24:08,111 - INFO - Created 96 records
2025-11-28 23:24:08,111 - INFO - ✅ All rings processed. Span sequence updated and saved.
