2025-10-14 00:02:16,059 - WARNING -  ⚠️ The Geometry is multiline string starting at (76.68848600000007, 23.396633000000065) & ending at (76.68738942100003, 23.396099434000064)
2025-10-14 00:02:16,060 - WARNING -  ⚠️ The Geometry is multiline string starting at (76.68848600000007, 23.396633000000065) & ending at (76.68738942100003, 23.396099434000064)
2025-10-14 00:02:16,472 - INFO - Created 1,108 records
2025-10-14 00:02:16,482 - INFO - Created 83 records
2025-10-14 00:02:16,483 - INFO - ✅ Sequence assigned and saved with original index preserved.
2025-10-14 00:02:16,486 - INFO - Created 0 records
2025-10-14 00:02:16,521 - INFO - 🔄 Found 9 rings: ['R1', 'R1-C1', 'R2', 'R2-C1', 'R3', 'R3-C1', 'R4', 'R4-C1', 'R5']
2025-10-14 00:02:16,521 - INFO - 
🔁 Processing ring: R1
2025-10-14 00:02:16,525 - INFO - ✅ Completed ring R1 with 6 spans.
2025-10-14 00:02:16,525 - INFO - 
🔁 Processing ring: R1-C1
2025-10-14 00:02:16,529 - INFO - ✅ Completed ring R1-C1 with 9 spans.
2025-10-14 00:02:16,529 - INFO - 
🔁 Processing ring: R2
2025-10-14 00:02:16,534 - INFO - ✅ Completed ring R2 with 9 spans.
2025-10-14 00:02:16,534 - INFO - 
🔁 Processing ring: R2-C1
2025-10-14 00:02:16,537 - INFO - ✅ Completed ring R2-C1 with 7 spans.
2025-10-14 00:02:16,537 - INFO - 
🔁 Processing ring: R3
2025-10-14 00:02:16,542 - INFO - ✅ Completed ring R3 with 10 spans.
2025-10-14 00:02:16,542 - INFO - 
🔁 Processing ring: R3-C1
2025-10-14 00:02:16,545 - INFO - ✅ Completed ring R3-C1 with 8 spans.
2025-10-14 00:02:16,546 - INFO - 
🔁 Processing ring: R4
2025-10-14 00:02:16,550 - INFO - ✅ Completed ring R4 with 10 spans.
2025-10-14 00:02:16,550 - INFO - 
🔁 Processing ring: R4-C1
2025-10-14 00:02:16,554 - INFO - ✅ Completed ring R4-C1 with 8 spans.
2025-10-14 00:02:16,554 - INFO - 
🔁 Processing ring: R5
2025-10-14 00:02:16,557 - INFO - ✅ Completed ring R5 with 7 spans.
2025-10-14 00:02:16,633 - INFO - Created 1,108 records
2025-10-14 00:02:16,639 - INFO - Created 83 records
2025-10-14 00:02:16,640 - INFO - ✅ All rings processed. Span sequence updated and saved.
