2025-11-05 10:13:44,005 - INFO - Created 1,831 records
2025-11-05 10:13:44,021 - INFO - Created 80 records
2025-11-05 10:13:44,022 - INFO - ✅ Sequence assigned and saved with original index preserved.
2025-11-05 10:13:44,026 - INFO - Created 0 records
2025-11-05 10:13:44,078 - INFO - 🔄 Found 9 rings: ['R1', 'R1-C1', 'R2', 'R3', 'R3-C1', 'R4', 'R4-C1', 'R5', 'R5-C1']
2025-11-05 10:13:44,078 - INFO - 
🔁 Processing ring: R1
2025-11-05 10:13:44,084 - INFO - ✅ Completed ring R1 with 11 spans.
2025-11-05 10:13:44,084 - INFO - 
🔁 Processing ring: R1-C1
2025-11-05 10:13:44,086 - INFO - ✅ Completed ring R1-C1 with 5 spans.
2025-11-05 10:13:44,087 - INFO - 
🔁 Processing ring: R2
2025-11-05 10:13:44,092 - INFO - ✅ Completed ring R2 with 11 spans.
2025-11-05 10:13:44,092 - INFO - 
🔁 Processing ring: R3
2025-11-05 10:13:44,096 - INFO - ✅ Completed ring R3 with 8 spans.
2025-11-05 10:13:44,096 - INFO - 
🔁 Processing ring: R3-C1
2025-11-05 10:13:44,100 - INFO - ✅ Completed ring R3-C1 with 8 spans.
2025-11-05 10:13:44,100 - INFO - 
🔁 Processing ring: R4
2025-11-05 10:13:44,104 - INFO - ✅ Completed ring R4 with 8 spans.
2025-11-05 10:13:44,104 - INFO - 
🔁 Processing ring: R4-C1
2025-11-05 10:13:44,108 - INFO - ✅ Completed ring R4-C1 with 8 spans.
2025-11-05 10:13:44,108 - INFO - 
🔁 Processing ring: R5
2025-11-05 10:13:44,112 - INFO - ✅ Completed ring R5 with 11 spans.
2025-11-05 10:13:44,112 - INFO - 
🔁 Processing ring: R5-C1
2025-11-05 10:13:44,116 - INFO - ✅ Completed ring R5-C1 with 7 spans.
2025-11-05 10:13:44,171 - INFO - Created 1,831 records
2025-11-05 10:13:44,188 - INFO - Created 80 records
2025-11-05 10:13:44,189 - INFO - ✅ All rings processed. Span sequence updated and saved.
