2025-09-30 12:18:31,560 - WARNING - \u26a0\ufe0f Warning: Disconnected segment remains in span 'CHANDODIYA TO T-POINT HANUMANTYA PADAMPURA'.
2025-09-30 12:18:31,560 - WARNING - \u26a0\ufe0f The Span CHANDODIYA TO T-POINT HANUMANTYA PADAMPURA is disconnected at this point (75.13774522800003, 22.774975760000075)
2025-09-30 12:18:31,766 - WARNING - \u26a0\ufe0f Warning: Disconnected segment remains in span 'DANTOLI TO TANDAKHEDA MEHGAON'.
2025-09-30 12:18:31,766 - WARNING - \u26a0\ufe0f The Span DANTOLI TO TANDAKHEDA MEHGAON is disconnected at this point (75.06301759300004, 22.682298290000062)
2025-09-30 12:18:32,198 - WARNING - \u26a0\ufe0f Warning: Disconnected segment remains in span 'GHATODA TO DASAI'.
2025-09-30 12:18:32,198 - WARNING - \u26a0\ufe0f The Span GHATODA TO DASAI is disconnected at this point (75.11932226900007, 22.69697730400003)
2025-09-30 12:18:32,523 - WARNING - \u26a0\ufe0f Warning: Disconnected segment remains in span 'HANUMANTYA PADAMPURA TO GHATODA'.
2025-09-30 12:18:32,523 - WARNING - \u26a0\ufe0f The Span HANUMANTYA PADAMPURA TO GHATODA is disconnected at this point (75.12753468400007, 22.712278768000033)
2025-09-30 12:18:33,126 - WARNING - \u26a0\ufe0f Warning: Disconnected segment remains in span 'LEDGAON TO BALODA'.
2025-09-30 12:18:33,126 - WARNING - \u26a0\ufe0f The Span LEDGAON TO BALODA is disconnected at this point (75.11481787200006, 22.675453909000055)
2025-09-30 12:18:35,757 - INFO - Created 3,382 records
2025-09-30 12:18:35,767 - INFO - Created 110 records
2025-09-30 12:18:35,767 - INFO - \u2705 Sequence assigned and saved with original index preserved.
2025-09-30 12:18:35,771 - INFO - Created 5 records
2025-09-30 12:18:35,968 - INFO - \U0001f504 Found 12 rings: ['R1', 'R2', 'R2-C1', 'R3', 'R4', 'R4-C1', 'R5', 'R5-C1', 'R5-C2', 'R6', 'R7', 'R7-C1']
2025-09-30 12:18:35,968 - INFO - 
\U0001f501 Processing ring: R1
2025-09-30 12:18:35,979 - INFO - \u2705 Completed ring R1 with 8 spans.
2025-09-30 12:18:35,979 - INFO - 
\U0001f501 Processing ring: R2
2025-09-30 12:18:35,995 - INFO - \u2705 Completed ring R2 with 11 spans.
2025-09-30 12:18:35,995 - INFO - 
\U0001f501 Processing ring: R2-C1
2025-09-30 12:18:36,003 - INFO - \u2705 Completed ring R2-C1 with 7 spans.
2025-09-30 12:18:36,003 - INFO - 
\U0001f501 Processing ring: R3
2025-09-30 12:18:36,011 - INFO - \u2705 Completed ring R3 with 9 spans.
2025-09-30 12:18:36,011 - INFO - 
\U0001f501 Processing ring: R4
2025-09-30 12:18:36,018 - INFO - \u2705 Completed ring R4 with 6 spans.
2025-09-30 12:18:36,018 - INFO - 
\U0001f501 Processing ring: R4-C1
2025-09-30 12:18:36,026 - INFO - \u2705 Completed ring R4-C1 with 10 spans.
2025-09-30 12:18:36,026 - INFO - 
\U0001f501 Processing ring: R5
2025-09-30 12:18:36,035 - INFO - \u2705 Completed ring R5 with 11 spans.
2025-09-30 12:18:36,035 - INFO - 
\U0001f501 Processing ring: R5-C1
2025-09-30 12:18:36,041 - INFO - \u2705 Completed ring R5-C1 with 8 spans.
2025-09-30 12:18:36,041 - INFO - 
\U0001f501 Processing ring: R5-C2
2025-09-30 12:18:36,044 - INFO - \u2705 Completed ring R5-C2 with 3 spans.
2025-09-30 12:18:36,044 - INFO - 
\U0001f501 Processing ring: R6
2025-09-30 12:18:36,052 - INFO - \u2705 Completed ring R6 with 10 spans.
2025-09-30 12:18:36,052 - INFO - 
\U0001f501 Processing ring: R7
2025-09-30 12:18:36,058 - INFO - \u2705 Completed ring R7 with 6 spans.
2025-09-30 12:18:36,058 - INFO - 
\U0001f501 Processing ring: R7-C1
2025-09-30 12:18:36,062 - INFO - \u2705 Completed ring R7-C1 with 5 spans.
2025-09-30 12:18:36,254 - INFO - Created 3,382 records
2025-09-30 12:18:36,267 - INFO - Created 110 records
2025-09-30 12:18:36,268 - INFO - \u2705 All rings processed. Span sequence updated and saved.
