2025-08-23 19:46:13,520 - INFO - Created 813 records
2025-08-23 19:46:13,526 - INFO - Created 43 records
2025-08-23 19:46:13,526 - INFO - ✅ Sequence assigned and saved with original index preserved.
2025-08-23 19:46:13,530 - INFO - Created 0 records
2025-08-23 19:46:13,554 - INFO - 🔄 Found 5 rings: ['R1', 'R1-C1', 'R2', 'R3', 'R3-C1']
2025-08-23 19:46:13,554 - INFO - 
🔁 Processing ring: R1
2025-08-23 19:46:13,557 - INFO - ✅ Completed ring R1 with 8 spans.
2025-08-23 19:46:13,557 - INFO - 
🔁 Processing ring: R1-C1
2025-08-23 19:46:13,560 - INFO - ✅ Completed ring R1-C1 with 4 spans.
2025-08-23 19:46:13,560 - INFO - 
🔁 Processing ring: R2
2025-08-23 19:46:13,563 - INFO - ✅ Completed ring R2 with 8 spans.
2025-08-23 19:46:13,563 - INFO - 
🔁 Processing ring: R3
2025-08-23 19:46:13,567 - INFO - ✅ Completed ring R3 with 9 spans.
2025-08-23 19:46:13,567 - INFO - 
🔁 Processing ring: R3-C1
2025-08-23 19:46:13,569 - INFO - ✅ Completed ring R3-C1 with 0 spans.
2025-08-23 19:46:13,592 - INFO - Created 813 records
2025-08-23 19:46:13,597 - INFO - Created 43 records
2025-08-23 19:46:13,597 - INFO - ✅ All rings processed. Span sequence updated and saved.
