2025-12-05 00:22:25,406 - WARNING - ⚠️ Warning: Disconnected segment remains in span 'T-POINT RAJHA TO HAHOTIPURWA'.
2025-12-05 00:22:25,406 - WARNING - ⚠️ The Span T-POINT RAJHA TO HAHOTIPURWA is disconnected at this point (81.85906695700004, 24.945480662000023)
2025-12-05 00:22:25,913 - INFO - Created 2,147 records
2025-12-05 00:22:25,928 - INFO - Created 95 records
2025-12-05 00:22:25,928 - INFO - ✅ Sequence assigned and saved with original index preserved.
2025-12-05 00:22:25,930 - INFO - Created 1 records
2025-12-05 00:22:25,991 - INFO - 🔄 Found 11 rings: ['R1', 'R2', 'R2-C1', 'R2-C2', 'R3', 'R3-C1', 'R3-C2', 'R4', 'R4-C1', 'R5', 'R5-C1']
2025-12-05 00:22:25,991 - INFO - 
🔁 Processing ring: R1
2025-12-05 00:22:25,995 - INFO - ✅ Completed ring R1 with 8 spans.
2025-12-05 00:22:25,995 - INFO - 
🔁 Processing ring: R2
2025-12-05 00:22:25,999 - INFO - ✅ Completed ring R2 with 8 spans.
2025-12-05 00:22:25,999 - INFO - 
🔁 Processing ring: R2-C1
2025-12-05 00:22:26,003 - INFO - ✅ Completed ring R2-C1 with 8 spans.
2025-12-05 00:22:26,003 - INFO - 
🔁 Processing ring: R2-C2
2025-12-05 00:22:26,007 - INFO - ✅ Completed ring R2-C2 with 8 spans.
2025-12-05 00:22:26,007 - INFO - 
🔁 Processing ring: R3
2025-12-05 00:22:26,011 - INFO - ✅ Completed ring R3 with 10 spans.
2025-12-05 00:22:26,011 - INFO - 
🔁 Processing ring: R3-C1
2025-12-05 00:22:26,015 - INFO - ✅ Completed ring R3-C1 with 7 spans.
2025-12-05 00:22:26,015 - INFO - 
🔁 Processing ring: R3-C2
2025-12-05 00:22:26,017 - INFO - ✅ Completed ring R3-C2 with 5 spans.
2025-12-05 00:22:26,017 - INFO - 
🔁 Processing ring: R4
2025-12-05 00:22:26,021 - INFO - ✅ Completed ring R4 with 7 spans.
2025-12-05 00:22:26,021 - INFO - 
🔁 Processing ring: R4-C1
2025-12-05 00:22:26,022 - INFO - ✅ Completed ring R4-C1 with 3 spans.
2025-12-05 00:22:26,022 - INFO - 
🔁 Processing ring: R5
2025-12-05 00:22:26,026 - INFO - ✅ Completed ring R5 with 9 spans.
2025-12-05 00:22:26,026 - INFO - 
🔁 Processing ring: R5-C1
2025-12-05 00:22:26,028 - INFO - ✅ Completed ring R5-C1 with 4 spans.
2025-12-05 00:22:26,159 - INFO - Created 2,147 records
2025-12-05 00:22:26,177 - INFO - Created 95 records
2025-12-05 00:22:26,177 - INFO - ✅ All rings processed. Span sequence updated and saved.
