2025-10-24 13:35:25,149 - WARNING - \u26a0\ufe0f Warning: Disconnected segment remains in span 'MIRGPURA TO JAKHONA'.
2025-10-24 13:35:25,150 - WARNING - \u26a0\ufe0f The Span MIRGPURA TO JAKHONA is disconnected at this point (78.05931145200003, 26.622612092000054)
2025-10-24 13:35:26,227 - WARNING - \u26a0\ufe0f Warning: Disconnected segment remains in span 'PALPURA TO JAKHONA'.
2025-10-24 13:35:26,227 - WARNING - \u26a0\ufe0f The Span PALPURA TO JAKHONA is disconnected at this point (78.02871502900007, 26.60028447800005)
2025-10-24 13:35:27,752 - INFO - Created 2,888 records
2025-10-24 13:35:27,764 - INFO - Created 132 records
2025-10-24 13:35:27,764 - INFO - \u2705 Sequence assigned and saved with original index preserved.
2025-10-24 13:35:27,769 - INFO - Created 2 records
2025-10-24 13:35:27,950 - INFO - \U0001f504 Found 15 rings: ['R1', 'R1-C1', 'R2', 'R2-C1', 'R3', 'R3-C1', 'R3-C2', 'R5', 'R5-C1', 'R5-C2', 'R6', 'R6-C1', 'R6-C2', 'R7', 'R7-C1']
2025-10-24 13:35:27,951 - INFO - 
\U0001f501 Processing ring: R1
2025-10-24 13:35:27,959 - INFO - \u2705 Completed ring R1 with 8 spans.
2025-10-24 13:35:27,959 - INFO - 
\U0001f501 Processing ring: R1-C1
2025-10-24 13:35:27,966 - INFO - \u2705 Completed ring R1-C1 with 6 spans.
2025-10-24 13:35:27,966 - INFO - 
\U0001f501 Processing ring: R2
2025-10-24 13:35:27,975 - INFO - \u2705 Completed ring R2 with 5 spans.
2025-10-24 13:35:27,975 - INFO - 
\U0001f501 Processing ring: R2-C1
2025-10-24 13:35:27,987 - INFO - \u2705 Completed ring R2-C1 with 10 spans.
2025-10-24 13:35:27,987 - INFO - 
\U0001f501 Processing ring: R3
2025-10-24 13:35:28,002 - INFO - \u2705 Completed ring R3 with 11 spans.
2025-10-24 13:35:28,002 - INFO - 
\U0001f501 Processing ring: R3-C1
2025-10-24 13:35:28,012 - INFO - \u2705 Completed ring R3-C1 with 8 spans.
2025-10-24 13:35:28,012 - INFO - 
\U0001f501 Processing ring: R3-C2
2025-10-24 13:35:28,020 - INFO - \u2705 Completed ring R3-C2 with 6 spans.
2025-10-24 13:35:28,020 - INFO - 
\U0001f501 Processing ring: R5
2025-10-24 13:35:28,032 - INFO - \u2705 Completed ring R5 with 11 spans.
2025-10-24 13:35:28,032 - INFO - 
\U0001f501 Processing ring: R5-C1
2025-10-24 13:35:28,037 - INFO - \u2705 Completed ring R5-C1 with 5 spans.
2025-10-24 13:35:28,037 - INFO - 
\U0001f501 Processing ring: R5-C2
2025-10-24 13:35:28,046 - INFO - \u2705 Completed ring R5-C2 with 10 spans.
2025-10-24 13:35:28,046 - INFO - 
\U0001f501 Processing ring: R6
2025-10-24 13:35:28,054 - INFO - \u2705 Completed ring R6 with 9 spans.
2025-10-24 13:35:28,054 - INFO - 
\U0001f501 Processing ring: R6-C1
2025-10-24 13:35:28,061 - INFO - \u2705 Completed ring R6-C1 with 9 spans.
2025-10-24 13:35:28,061 - INFO - 
\U0001f501 Processing ring: R6-C2
2025-10-24 13:35:28,065 - INFO - \u2705 Completed ring R6-C2 with 4 spans.
2025-10-24 13:35:28,065 - INFO - 
\U0001f501 Processing ring: R7
2025-10-24 13:35:28,074 - INFO - \u2705 Completed ring R7 with 11 spans.
2025-10-24 13:35:28,074 - INFO - 
\U0001f501 Processing ring: R7-C1
2025-10-24 13:35:28,081 - INFO - \u2705 Completed ring R7-C1 with 8 spans.
2025-10-24 13:35:28,271 - INFO - Created 2,888 records
2025-10-24 13:35:28,284 - INFO - Created 132 records
2025-10-24 13:35:28,285 - INFO - \u2705 All rings processed. Span sequence updated and saved.
