2025-11-05 10:08:14,828 - WARNING - ⚠️ Warning: Disconnected segment remains in span 'BAKELI TO T-POINT BARBASPUR'.
2025-11-05 10:08:14,828 - WARNING - ⚠️ The Span BAKELI TO T-POINT BARBASPUR is disconnected at this point (81.67419793100004, 23.17429693500003)
2025-11-05 10:08:15,178 - WARNING - ⚠️ Warning: Disconnected segment remains in span 'DEORI TO BARBASPUR'.
2025-11-05 10:08:15,178 - WARNING - ⚠️ The Span DEORI TO BARBASPUR is disconnected at this point (81.67362492900008, 23.173197733000052)
2025-11-05 10:08:17,025 - INFO - Created 1,831 records
2025-11-05 10:08:17,041 - INFO - Created 80 records
2025-11-05 10:08:17,042 - INFO - ✅ Sequence assigned and saved with original index preserved.
2025-11-05 10:08:17,044 - INFO - Created 2 records
2025-11-05 10:08:17,097 - INFO - 🔄 Found 9 rings: ['R1', 'R1-C1', 'R2', 'R3', 'R3-C1', 'R4', 'R4-C1', 'R5', 'R5-C1']
2025-11-05 10:08:17,097 - INFO - 
🔁 Processing ring: R1
2025-11-05 10:08:17,102 - INFO - ✅ Completed ring R1 with 11 spans.
2025-11-05 10:08:17,102 - INFO - 
🔁 Processing ring: R1-C1
2025-11-05 10:08:17,105 - INFO - ✅ Completed ring R1-C1 with 5 spans.
2025-11-05 10:08:17,105 - INFO - 
🔁 Processing ring: R2
2025-11-05 10:08:17,109 - INFO - ✅ Completed ring R2 with 11 spans.
2025-11-05 10:08:17,110 - INFO - 
🔁 Processing ring: R3
2025-11-05 10:08:17,113 - INFO - ✅ Completed ring R3 with 8 spans.
2025-11-05 10:08:17,113 - INFO - 
🔁 Processing ring: R3-C1
2025-11-05 10:08:17,117 - INFO - ✅ Completed ring R3-C1 with 8 spans.
2025-11-05 10:08:17,117 - INFO - 
🔁 Processing ring: R4
2025-11-05 10:08:17,121 - INFO - ✅ Completed ring R4 with 8 spans.
2025-11-05 10:08:17,121 - INFO - 
🔁 Processing ring: R4-C1
2025-11-05 10:08:17,124 - INFO - ✅ Completed ring R4-C1 with 8 spans.
2025-11-05 10:08:17,124 - INFO - 
🔁 Processing ring: R5
2025-11-05 10:08:17,128 - INFO - ✅ Completed ring R5 with 9 spans.
2025-11-05 10:08:17,128 - INFO - 
🔁 Processing ring: R5-C1
2025-11-05 10:08:17,131 - INFO - ✅ Completed ring R5-C1 with 7 spans.
2025-11-05 10:08:17,187 - INFO - Created 1,831 records
2025-11-05 10:08:17,203 - INFO - Created 80 records
2025-11-05 10:08:17,203 - INFO - ✅ All rings processed. Span sequence updated and saved.
