2025-12-02 18:20:36,803 - INFO - Created 1,519 records
2025-12-02 18:20:36,818 - INFO - Created 103 records
2025-12-02 18:20:36,818 - INFO - ✅ Sequence assigned and saved with original index preserved.
2025-12-02 18:20:36,821 - INFO - Created 0 records
2025-12-02 18:20:36,864 - INFO - 🔄 Found 11 rings: ['R1', 'R1-C1', 'R2', 'R2-C1', 'R3', 'R3-C1', 'R3-C2', 'R4', 'R4-C1', 'R5', 'R6']
2025-12-02 18:20:36,864 - INFO - 
🔁 Processing ring: R1
2025-12-02 18:20:36,869 - INFO - ✅ Completed ring R1 with 9 spans.
2025-12-02 18:20:36,869 - INFO - 
🔁 Processing ring: R1-C1
2025-12-02 18:20:36,872 - INFO - ✅ Completed ring R1-C1 with 8 spans.
2025-12-02 18:20:36,872 - INFO - 
🔁 Processing ring: R2
2025-12-02 18:20:36,877 - INFO - ✅ Completed ring R2 with 10 spans.
2025-12-02 18:20:36,877 - INFO - 
🔁 Processing ring: R2-C1
2025-12-02 18:20:36,881 - INFO - ✅ Completed ring R2-C1 with 7 spans.
2025-12-02 18:20:36,881 - INFO - 
🔁 Processing ring: R3
2025-12-02 18:20:36,886 - INFO - ✅ Completed ring R3 with 11 spans.
2025-12-02 18:20:36,886 - INFO - 
🔁 Processing ring: R3-C1
2025-12-02 18:20:36,890 - INFO - ✅ Completed ring R3-C1 with 7 spans.
2025-12-02 18:20:36,890 - INFO - 
🔁 Processing ring: R3-C2
2025-12-02 18:20:36,891 - INFO - ✅ Completed ring R3-C2 with 1 spans.
2025-12-02 18:20:36,891 - INFO - 
🔁 Processing ring: R4
2025-12-02 18:20:36,896 - INFO - ✅ Completed ring R4 with 10 spans.
2025-12-02 18:20:36,896 - INFO - 
🔁 Processing ring: R4-C1
2025-12-02 18:20:36,899 - INFO - ✅ Completed ring R4-C1 with 7 spans.
2025-12-02 18:20:36,899 - INFO - 
🔁 Processing ring: R5
2025-12-02 18:20:36,903 - INFO - ✅ Completed ring R5 with 8 spans.
2025-12-02 18:20:36,903 - INFO - 
🔁 Processing ring: R6
2025-12-02 18:20:36,907 - INFO - ✅ Completed ring R6 with 9 spans.
2025-12-02 18:20:36,961 - INFO - Created 1,519 records
2025-12-02 18:20:36,974 - INFO - Created 103 records
2025-12-02 18:20:36,974 - INFO - ✅ All rings processed. Span sequence updated and saved.
