2025-08-19 14:21:03,340 - INFO - Created 1,125 records
2025-08-19 14:21:03,348 - INFO - Created 63 records
2025-08-19 14:21:03,349 - INFO - \u2705 Sequence assigned and saved with original index preserved.
2025-08-19 14:21:03,352 - INFO - Created 0 records
2025-08-19 14:21:03,484 - INFO - \U0001f504 Found 8 rings: ['R1', 'R1-C1', 'R2', 'R2-C1', 'R3', 'R3-C1', 'R4', 'R4-C1']
2025-08-19 14:21:03,484 - INFO - 
\U0001f501 Processing ring: R1
2025-08-19 14:21:03,495 - INFO - \u2705 Completed ring R1 with 9 spans.
2025-08-19 14:21:03,495 - INFO - 
\U0001f501 Processing ring: R1-C1
2025-08-19 14:21:03,502 - INFO - \u2705 Completed ring R1-C1 with 6 spans.
2025-08-19 14:21:03,503 - INFO - 
\U0001f501 Processing ring: R2
2025-08-19 14:21:03,513 - INFO - \u2705 Completed ring R2 with 10 spans.
2025-08-19 14:21:03,513 - INFO - 
\U0001f501 Processing ring: R2-C1
2025-08-19 14:21:03,519 - INFO - \u2705 Completed ring R2-C1 with 6 spans.
2025-08-19 14:21:03,519 - INFO - 
\U0001f501 Processing ring: R3
2025-08-19 14:21:03,529 - INFO - \u2705 Completed ring R3 with 11 spans.
2025-08-19 14:21:03,530 - INFO - 
\U0001f501 Processing ring: R3-C1
2025-08-19 14:21:03,534 - INFO - \u2705 Completed ring R3-C1 with 4 spans.
2025-08-19 14:21:03,534 - INFO - 
\U0001f501 Processing ring: R4
2025-08-19 14:21:03,544 - INFO - \u2705 Completed ring R4 with 10 spans.
2025-08-19 14:21:03,544 - INFO - 
\U0001f501 Processing ring: R4-C1
2025-08-19 14:21:03,550 - INFO - \u2705 Completed ring R4-C1 with 6 spans.
2025-08-19 14:21:03,630 - INFO - Created 1,125 records
2025-08-19 14:21:03,639 - INFO - Created 63 records
2025-08-19 14:21:03,639 - INFO - \u2705 All rings processed. Span sequence updated and saved.
