2025-08-29 12:59:45,959 - WARNING - \u26a0\ufe0f Warning: Disconnected segment remains in span 'ATARSUMA TO BHAGAWA'.
2025-08-29 12:59:45,959 - WARNING - \u26a0\ufe0f The Span ATARSUMA TO BHAGAWA is disconnected at this point (74.61203100000006, 22.123346000000026)
2025-08-29 12:59:45,983 - WARNING - \u26a0\ufe0f Warning: Disconnected segment remains in span 'BABLI KHURD TO REBARDA'.
2025-08-29 12:59:45,983 - WARNING - \u26a0\ufe0f The Span BABLI KHURD TO REBARDA is disconnected at this point (74.67724800000008, 22.156962000000078)
2025-08-29 12:59:46,002 - WARNING - \u26a0\ufe0f Warning: Disconnected segment remains in span 'BADWANYA TO THANDALA'.
2025-08-29 12:59:46,002 - WARNING - \u26a0\ufe0f The Span BADWANYA TO THANDALA is disconnected at this point (74.67037455800005, 22.13022836700003)
2025-08-29 12:59:46,025 - WARNING - \u26a0\ufe0f Warning: Disconnected segment remains in span 'BHAGAWA TO DAHI BLOCK'.
2025-08-29 12:59:46,025 - WARNING - \u26a0\ufe0f The Span BHAGAWA TO DAHI BLOCK is disconnected at this point (74.58572600000008, 22.114626000000044)
2025-08-29 12:59:46,116 - WARNING - \u26a0\ufe0f Warning: Disconnected segment remains in span 'DAHI BLOCK TO BABLI KHURD'.
2025-08-29 12:59:46,116 - WARNING - \u26a0\ufe0f The Span DAHI BLOCK TO BABLI KHURD is disconnected at this point (74.60135088800007, 22.133189023000057)
2025-08-29 12:59:46,777 - WARNING - \u26a0\ufe0f Warning: Disconnected segment remains in span 'REBARDA TO BADWANYA'.
2025-08-29 12:59:46,777 - WARNING - \u26a0\ufe0f The Span REBARDA TO BADWANYA is disconnected at this point (74.67844310500004, 22.159186188000035)
2025-08-29 12:59:46,848 - WARNING - \u26a0\ufe0f Warning: Disconnected segment remains in span 'T-POINT BABLI KHURD TO NARJHALI'.
2025-08-29 12:59:46,848 - WARNING - \u26a0\ufe0f The Span T-POINT BABLI KHURD TO NARJHALI is disconnected at this point (74.60175200000003, 22.146812000000068)
2025-08-29 12:59:47,076 - WARNING - \u26a0\ufe0f Warning: Disconnected segment remains in span 'THANDALA TO ATARSUMA'.
2025-08-29 12:59:47,076 - WARNING - \u26a0\ufe0f The Span THANDALA TO ATARSUMA is disconnected at this point (74.64498196600005, 22.126608443000066)
2025-08-29 12:59:47,170 - INFO - Created 836 records
2025-08-29 12:59:47,176 - INFO - Created 49 records
2025-08-29 12:59:47,177 - INFO - \u2705 Sequence assigned and saved with original index preserved.
2025-08-29 12:59:47,180 - INFO - Created 8 records
2025-08-29 12:59:47,295 - INFO - \U0001f504 Found 5 rings: ['R1', 'R2', 'R2_C1', 'R3', 'R3_C1']
2025-08-29 12:59:47,296 - INFO - 
\U0001f501 Processing ring: R1
2025-08-29 12:59:47,308 - INFO - \u2705 Completed ring R1 with 17 spans.
2025-08-29 12:59:47,308 - INFO - 
\U0001f501 Processing ring: R2
2025-08-29 12:59:47,314 - INFO - \u2705 Completed ring R2 with 7 spans.
2025-08-29 12:59:47,315 - INFO - 
\U0001f501 Processing ring: R2_C1
2025-08-29 12:59:47,318 - INFO - \u2705 Completed ring R2_C1 with 4 spans.
2025-08-29 12:59:47,318 - INFO - 
\U0001f501 Processing ring: R3
2025-08-29 12:59:47,320 - INFO - \u2705 Completed ring R3 with 0 spans.
2025-08-29 12:59:47,320 - INFO - 
\U0001f501 Processing ring: R3_C1
2025-08-29 12:59:47,323 - INFO - \u2705 Completed ring R3_C1 with 3 spans.
2025-08-29 12:59:47,370 - INFO - Created 836 records
2025-08-29 12:59:47,376 - INFO - Created 49 records
2025-08-29 12:59:47,376 - INFO - \u2705 All rings processed. Span sequence updated and saved.
