2025-08-30 14:52:49,765 - WARNING - ⚠️ Warning: Disconnected segment remains in span 'SBALGARH BLOCK TO KEMARI'.
2025-08-30 14:52:49,766 - WARNING - ⚠️ The Span SBALGARH BLOCK TO KEMARI is disconnected at this point (77.36851500000006, 26.258646000000056)
2025-08-30 14:52:50,343 - INFO - Created 1,217 records
2025-08-30 14:52:50,346 - INFO - Created 63 records
2025-08-30 14:52:50,346 - INFO - ✅ Sequence assigned and saved with original index preserved.
2025-08-30 14:52:50,348 - INFO - Created 1 records
2025-08-30 14:52:50,381 - INFO - 🔄 Found 6 rings: ['R1', 'R1_C1', 'R2', 'R2_C1', 'R3', 'R3_C1']
2025-08-30 14:52:50,381 - INFO - 
🔁 Processing ring: R1
2025-08-30 14:52:50,386 - INFO - ✅ Completed ring R1 with 11 spans.
2025-08-30 14:52:50,386 - INFO - 
🔁 Processing ring: R1_C1
2025-08-30 14:52:50,390 - INFO - ✅ Completed ring R1_C1 with 9 spans.
2025-08-30 14:52:50,390 - INFO - 
🔁 Processing ring: R2
2025-08-30 14:52:50,391 - INFO - ✅ Completed ring R2 with 0 spans.
2025-08-30 14:52:50,391 - INFO - 
🔁 Processing ring: R2_C1
2025-08-30 14:52:50,392 - INFO - ✅ Completed ring R2_C1 with 0 spans.
2025-08-30 14:52:50,392 - INFO - 
🔁 Processing ring: R3
2025-08-30 14:52:50,393 - INFO - ✅ Completed ring R3 with 0 spans.
2025-08-30 14:52:50,393 - INFO - 
🔁 Processing ring: R3_C1
2025-08-30 14:52:50,396 - INFO - ✅ Completed ring R3_C1 with 5 spans.
2025-08-30 14:52:50,432 - INFO - Created 1,217 records
2025-08-30 14:52:50,436 - INFO - Created 63 records
2025-08-30 14:52:50,436 - INFO - ✅ All rings processed. Span sequence updated and saved.
