2025-09-09 22:15:12,139 - INFO - Created 2,007 records
2025-09-09 22:15:12,163 - INFO - Created 113 records
2025-09-09 22:15:12,164 - INFO - ✅ Sequence assigned and saved with original index preserved.
2025-09-09 22:15:12,168 - INFO - Created 0 records
2025-09-09 22:15:12,221 - INFO - 🔄 Found 10 rings: ['R1', 'R2', 'R2-C1', 'R3', 'R4', 'R4-C1', 'R5', 'R5_C1', 'R6', 'R6-C1']
2025-09-09 22:15:12,221 - INFO - 
🔁 Processing ring: R1
2025-09-09 22:15:12,228 - INFO - ✅ Completed ring R1 with 16 spans.
2025-09-09 22:15:12,228 - INFO - 
🔁 Processing ring: R2
2025-09-09 22:15:12,233 - INFO - ✅ Completed ring R2 with 10 spans.
2025-09-09 22:15:12,233 - INFO - 
🔁 Processing ring: R2-C1
2025-09-09 22:15:12,237 - INFO - ✅ Completed ring R2-C1 with 9 spans.
2025-09-09 22:15:12,237 - INFO - 
🔁 Processing ring: R3
2025-09-09 22:15:12,243 - INFO - ✅ Completed ring R3 with 12 spans.
2025-09-09 22:15:12,243 - INFO - 
🔁 Processing ring: R4
2025-09-09 22:15:12,247 - INFO - ✅ Completed ring R4 with 8 spans.
2025-09-09 22:15:12,247 - INFO - 
🔁 Processing ring: R4-C1
2025-09-09 22:15:12,248 - INFO - ✅ Completed ring R4-C1 with 2 spans.
2025-09-09 22:15:12,248 - INFO - 
🔁 Processing ring: R5
2025-09-09 22:15:12,252 - INFO - ✅ Completed ring R5 with 10 spans.
2025-09-09 22:15:12,252 - INFO - 
🔁 Processing ring: R5_C1
2025-09-09 22:15:12,254 - INFO - ✅ Completed ring R5_C1 with 3 spans.
2025-09-09 22:15:12,254 - INFO - 
🔁 Processing ring: R6
2025-09-09 22:15:12,258 - INFO - ✅ Completed ring R6 with 8 spans.
2025-09-09 22:15:12,258 - INFO - 
🔁 Processing ring: R6-C1
2025-09-09 22:15:12,261 - INFO - ✅ Completed ring R6-C1 with 7 spans.
2025-09-09 22:15:12,318 - INFO - Created 2,007 records
2025-09-09 22:15:12,335 - INFO - Created 113 records
2025-09-09 22:15:12,336 - INFO - ✅ All rings processed. Span sequence updated and saved.
