2025-09-08 16:17:38,485 - INFO - Created 785 records
2025-09-08 16:17:38,491 - INFO - Created 48 records
2025-09-08 16:17:38,491 - INFO - \u2705 Sequence assigned and saved with original index preserved.
2025-09-08 16:17:38,588 - INFO - Created 0 records
2025-09-08 16:17:38,699 - INFO - \U0001f504 Found 5 rings: ['R1', 'R1-C1', 'R2', 'R2-C1', 'R3']
2025-09-08 16:17:38,699 - INFO - 
\U0001f501 Processing ring: R1
2025-09-08 16:17:38,707 - INFO - \u2705 Completed ring R1 with 10 spans.
2025-09-08 16:17:38,707 - INFO - 
\U0001f501 Processing ring: R1-C1
2025-09-08 16:17:38,714 - INFO - \u2705 Completed ring R1-C1 with 10 spans.
2025-09-08 16:17:38,714 - INFO - 
\U0001f501 Processing ring: R2
2025-09-08 16:17:38,722 - INFO - \u2705 Completed ring R2 with 11 spans.
2025-09-08 16:17:38,722 - INFO - 
\U0001f501 Processing ring: R2-C1
2025-09-08 16:17:38,726 - INFO - \u2705 Completed ring R2-C1 with 5 spans.
2025-09-08 16:17:38,726 - INFO - 
\U0001f501 Processing ring: R3
2025-09-08 16:17:38,734 - INFO - \u2705 Completed ring R3 with 11 spans.
2025-09-08 16:17:38,778 - INFO - Created 785 records
2025-09-08 16:17:38,785 - INFO - Created 48 records
2025-09-08 16:17:38,785 - INFO - \u2705 All rings processed. Span sequence updated and saved.
