2025-11-26 14:36:40,844 - INFO - Created 2,276 records
2025-11-26 14:36:40,854 - INFO - Created 114 records
2025-11-26 14:36:40,854 - INFO - \u2705 Sequence assigned and saved with original index preserved.
2025-11-26 14:36:40,858 - INFO - Created 0 records
2025-11-26 14:36:41,048 - INFO - \U0001f504 Found 13 rings: ['R1', 'R1-C1', 'R2', 'R2-C1', 'R3', 'R3-C1', 'R4', 'R4-C1', 'R5', 'R5-C1', 'R5-C2', 'R6', 'R6-C1']
2025-11-26 14:36:41,048 - INFO - 
\U0001f501 Processing ring: R1
2025-11-26 14:36:41,056 - INFO - \u2705 Completed ring R1 with 9 spans.
2025-11-26 14:36:41,056 - INFO - 
\U0001f501 Processing ring: R1-C1
2025-11-26 14:36:41,063 - INFO - \u2705 Completed ring R1-C1 with 8 spans.
2025-11-26 14:36:41,063 - INFO - 
\U0001f501 Processing ring: R2
2025-11-26 14:36:41,072 - INFO - \u2705 Completed ring R2 with 11 spans.
2025-11-26 14:36:41,072 - INFO - 
\U0001f501 Processing ring: R2-C1
2025-11-26 14:36:41,079 - INFO - \u2705 Completed ring R2-C1 with 8 spans.
2025-11-26 14:36:41,079 - INFO - 
\U0001f501 Processing ring: R3
2025-11-26 14:36:41,087 - INFO - \u2705 Completed ring R3 with 9 spans.
2025-11-26 14:36:41,087 - INFO - 
\U0001f501 Processing ring: R3-C1
2025-11-26 14:36:41,094 - INFO - \u2705 Completed ring R3-C1 with 9 spans.
2025-11-26 14:36:41,094 - INFO - 
\U0001f501 Processing ring: R4
2025-11-26 14:36:41,101 - INFO - \u2705 Completed ring R4 with 9 spans.
2025-11-26 14:36:41,101 - INFO - 
\U0001f501 Processing ring: R4-C1
2025-11-26 14:36:41,104 - INFO - \u2705 Completed ring R4-C1 with 3 spans.
2025-11-26 14:36:41,105 - INFO - 
\U0001f501 Processing ring: R5
2025-11-26 14:36:41,114 - INFO - \u2705 Completed ring R5 with 11 spans.
2025-11-26 14:36:41,114 - INFO - 
\U0001f501 Processing ring: R5-C1
2025-11-26 14:36:41,117 - INFO - \u2705 Completed ring R5-C1 with 4 spans.
2025-11-26 14:36:41,117 - INFO - 
\U0001f501 Processing ring: R5-C2
2025-11-26 14:36:41,124 - INFO - \u2705 Completed ring R5-C2 with 7 spans.
2025-11-26 14:36:41,124 - INFO - 
\U0001f501 Processing ring: R6
2025-11-26 14:36:41,132 - INFO - \u2705 Completed ring R6 with 11 spans.
2025-11-26 14:36:41,132 - INFO - 
\U0001f501 Processing ring: R6-C1
2025-11-26 14:36:41,140 - INFO - \u2705 Completed ring R6-C1 with 9 spans.
2025-11-26 14:36:41,270 - INFO - Created 2,276 records
2025-11-26 14:36:41,284 - INFO - Created 114 records
2025-11-26 14:36:41,285 - INFO - \u2705 All rings processed. Span sequence updated and saved.
