2025-11-23 20:22:16,025 - ERROR - ❌ Error in get_start_end_coords: Unsupported geometry type: <class 'NoneType'>
2025-11-23 20:22:16,026 - ERROR - ❌ Error in get_start_end_coords: Unsupported geometry type: <class 'NoneType'>
2025-11-23 20:22:16,034 - WARNING - ⚠️ Warning: Disconnected segment remains in span 'KUCHHOD TO PHOPHLIYA'.
2025-11-23 20:22:16,034 - WARNING - ⚠️ The Span KUCHHOD TO PHOPHLIYA is disconnected at this point (74.89173790500007, 24.240846688000033)
2025-11-23 20:22:16,840 - INFO - Created 1,817 records
2025-11-23 20:22:16,858 - INFO - Created 65 records
2025-11-23 20:22:16,858 - INFO - ✅ Sequence assigned and saved with original index preserved.
2025-11-23 20:22:16,860 - INFO - Created 1 records
2025-11-23 20:22:16,909 - INFO - 🔄 Found 9 rings: ['R1', 'R1-C1', 'R1-C2', 'R2', 'R2-C1', 'R3', 'R3-C1', 'R4', 'R4-C1']
2025-11-23 20:22:16,909 - INFO - 
🔁 Processing ring: R1
2025-11-23 20:22:16,913 - INFO - ✅ Completed ring R1 with 8 spans.
2025-11-23 20:22:16,913 - INFO - 
🔁 Processing ring: R1-C1
2025-11-23 20:22:16,915 - INFO - ✅ Completed ring R1-C1 with 3 spans.
2025-11-23 20:22:16,915 - INFO - 
🔁 Processing ring: R1-C2
2025-11-23 20:22:16,917 - INFO - ✅ Completed ring R1-C2 with 6 spans.
2025-11-23 20:22:16,917 - INFO - 
🔁 Processing ring: R2
2025-11-23 20:22:16,922 - INFO - ✅ Completed ring R2 with 10 spans.
2025-11-23 20:22:16,922 - INFO - 
🔁 Processing ring: R2-C1
2025-11-23 20:22:16,925 - INFO - ✅ Completed ring R2-C1 with 7 spans.
2025-11-23 20:22:16,925 - INFO - 
🔁 Processing ring: R3
2025-11-23 20:22:16,930 - INFO - ✅ Completed ring R3 with 11 spans.
2025-11-23 20:22:16,930 - INFO - 
🔁 Processing ring: R3-C1
2025-11-23 20:22:16,932 - INFO - ✅ Completed ring R3-C1 with 4 spans.
2025-11-23 20:22:16,932 - INFO - 
🔁 Processing ring: R4
2025-11-23 20:22:16,936 - INFO - ✅ Completed ring R4 with 9 spans.
2025-11-23 20:22:16,936 - INFO - 
🔁 Processing ring: R4-C1
2025-11-23 20:22:16,938 - INFO - ✅ Completed ring R4-C1 with 5 spans.
2025-11-23 20:22:16,994 - INFO - Created 1,817 records
2025-11-23 20:22:17,018 - INFO - Created 65 records
2025-11-23 20:22:17,018 - INFO - ✅ All rings processed. Span sequence updated and saved.
