2025-12-15 22:41:35,189 - INFO - Created 919 records
2025-12-15 22:41:35,194 - INFO - Created 48 records
2025-12-15 22:41:35,194 - INFO - ✅ Sequence assigned and saved with original index preserved.
2025-12-15 22:41:35,198 - INFO - Created 0 records
2025-12-15 22:41:35,228 - INFO - 🔄 Found 5 rings: ['R1', 'R2', 'R3', 'R3-C1', 'R3-C2']
2025-12-15 22:41:35,228 - INFO - 
🔁 Processing ring: R1
2025-12-15 22:41:35,233 - INFO - ✅ Completed ring R1 with 9 spans.
2025-12-15 22:41:35,233 - INFO - 
🔁 Processing ring: R2
2025-12-15 22:41:35,237 - INFO - ✅ Completed ring R2 with 8 spans.
2025-12-15 22:41:35,237 - INFO - 
🔁 Processing ring: R3
2025-12-15 22:41:35,241 - INFO - ✅ Completed ring R3 with 7 spans.
2025-12-15 22:41:35,241 - INFO - 
🔁 Processing ring: R3-C1
2025-12-15 22:41:35,246 - INFO - ✅ Completed ring R3-C1 with 5 spans.
2025-12-15 22:41:35,246 - INFO - 
🔁 Processing ring: R3-C2
2025-12-15 22:41:35,249 - INFO - ✅ Completed ring R3-C2 with 7 spans.
2025-12-15 22:41:35,283 - INFO - Created 919 records
2025-12-15 22:41:35,287 - INFO - Created 48 records
2025-12-15 22:41:35,287 - INFO - ✅ All rings processed. Span sequence updated and saved.
