2025-09-29 12:56:18,864 - WARNING - \u26a0\ufe0f Warning: Disconnected segment remains in span 'BAANS TO PANGADI KALA'.
2025-09-29 12:56:18,865 - WARNING - \u26a0\ufe0f The Span BAANS TO PANGADI KALA is disconnected at this point (81.577037, 24.8632)
2025-09-29 12:56:19,799 - WARNING - \u26a0\ufe0f Warning: Disconnected segment remains in span 'GARH TO AGADAL'.
2025-09-29 12:56:19,800 - WARNING - \u26a0\ufe0f The Span GARH TO AGADAL is disconnected at this point (81.65184806752868, 24.821937829850924)
2025-09-29 12:56:20,102 - WARNING - \u26a0\ufe0f Warning: Disconnected segment remains in span 'KAITHAL TO T-POINT GARH'.
2025-09-29 12:56:20,103 - WARNING - \u26a0\ufe0f The Span KAITHAL TO T-POINT GARH is disconnected at this point (81.6445287687059, 24.818747633287067)
2025-09-29 12:56:21,078 - WARNING - \u26a0\ufe0f Warning: Disconnected segment remains in span 'RAKSHA MAJAN TO BAANS'.
2025-09-29 12:56:21,079 - WARNING - \u26a0\ufe0f The Span RAKSHA MAJAN TO BAANS is disconnected at this point (81.603914, 24.851541)
2025-09-29 12:56:21,964 - WARNING - \u26a0\ufe0f Warning: Disconnected segment remains in span 'T-POINT LAURI KHURD TO RAKSHA MAJAN'.
2025-09-29 12:56:21,964 - WARNING - \u26a0\ufe0f The Span T-POINT LAURI KHURD TO RAKSHA MAJAN is disconnected at this point (81.62622442805547, 24.823395372220613)
2025-09-29 12:56:22,587 - INFO - Created 1,904 records
2025-09-29 12:56:22,598 - INFO - Created 99 records
2025-09-29 12:56:22,599 - INFO - \u2705 Sequence assigned and saved with original index preserved.
2025-09-29 12:56:22,603 - INFO - Created 5 records
2025-09-29 12:56:22,712 - INFO - \U0001f504 Found 11 rings: ['R1', 'R2', 'R2-C1', 'R3', 'R3-C1', 'R4', 'R4-C1', 'R5', 'R5_C1', 'R6', 'R6_C1']
2025-09-29 12:56:22,713 - INFO - 
\U0001f501 Processing ring: R1
2025-09-29 12:56:22,720 - INFO - \u2705 Completed ring R1 with 10 spans.
2025-09-29 12:56:22,720 - INFO - 
\U0001f501 Processing ring: R2
2025-09-29 12:56:22,722 - INFO - \u2705 Completed ring R2 with 1 spans.
2025-09-29 12:56:22,722 - INFO - 
\U0001f501 Processing ring: R2-C1
2025-09-29 12:56:22,729 - INFO - \u2705 Completed ring R2-C1 with 8 spans.
2025-09-29 12:56:22,729 - INFO - 
\U0001f501 Processing ring: R3
2025-09-29 12:56:22,733 - INFO - \u2705 Completed ring R3 with 5 spans.
2025-09-29 12:56:22,733 - INFO - 
\U0001f501 Processing ring: R3-C1
2025-09-29 12:56:22,736 - INFO - \u2705 Completed ring R3-C1 with 1 spans.
2025-09-29 12:56:22,736 - INFO - 
\U0001f501 Processing ring: R4
2025-09-29 12:56:22,743 - INFO - \u2705 Completed ring R4 with 10 spans.
2025-09-29 12:56:22,743 - INFO - 
\U0001f501 Processing ring: R4-C1
2025-09-29 12:56:22,748 - INFO - \u2705 Completed ring R4-C1 with 5 spans.
2025-09-29 12:56:22,748 - INFO - 
\U0001f501 Processing ring: R5
2025-09-29 12:56:22,751 - INFO - \u2705 Completed ring R5 with 3 spans.
2025-09-29 12:56:22,751 - INFO - 
\U0001f501 Processing ring: R5_C1
2025-09-29 12:56:22,758 - INFO - \u2705 Completed ring R5_C1 with 8 spans.
2025-09-29 12:56:22,758 - INFO - 
\U0001f501 Processing ring: R6
2025-09-29 12:56:22,764 - INFO - \u2705 Completed ring R6 with 7 spans.
2025-09-29 12:56:22,764 - INFO - 
\U0001f501 Processing ring: R6_C1
2025-09-29 12:56:22,770 - INFO - \u2705 Completed ring R6_C1 with 8 spans.
2025-09-29 12:56:22,886 - INFO - Created 1,904 records
2025-09-29 12:56:22,899 - INFO - Created 99 records
2025-09-29 12:56:22,900 - INFO - \u2705 All rings processed. Span sequence updated and saved.
