2025-10-27 21:55:17,644 - INFO - Created 2,286 records
2025-10-27 21:55:17,664 - INFO - Created 79 records
2025-10-27 21:55:17,664 - INFO - ✅ Sequence assigned and saved with original index preserved.
2025-10-27 21:55:17,667 - INFO - Created 0 records
2025-10-27 21:55:17,730 - INFO - 🔄 Found 10 rings: ['R1', 'R1-C1', 'R2', 'R2-C1', 'R2-C2', 'R3', 'R3-C1', 'R3-C2', 'R4', 'R5']
2025-10-27 21:55:17,730 - INFO - 
🔁 Processing ring: R1
2025-10-27 21:55:17,734 - INFO - ✅ Completed ring R1 with 8 spans.
2025-10-27 21:55:17,734 - INFO - 
🔁 Processing ring: R1-C1
2025-10-27 21:55:17,736 - INFO - ✅ Completed ring R1-C1 with 4 spans.
2025-10-27 21:55:17,736 - INFO - 
🔁 Processing ring: R2
2025-10-27 21:55:17,739 - INFO - ✅ Completed ring R2 with 6 spans.
2025-10-27 21:55:17,739 - INFO - 
🔁 Processing ring: R2-C1
2025-10-27 21:55:17,743 - INFO - ✅ Completed ring R2-C1 with 9 spans.
2025-10-27 21:55:17,743 - INFO - 
🔁 Processing ring: R2-C2
2025-10-27 21:55:17,745 - INFO - ✅ Completed ring R2-C2 with 3 spans.
2025-10-27 21:55:17,745 - INFO - 
🔁 Processing ring: R3
2025-10-27 21:55:17,749 - INFO - ✅ Completed ring R3 with 9 spans.
2025-10-27 21:55:17,749 - INFO - 
🔁 Processing ring: R3-C1
2025-10-27 21:55:17,752 - INFO - ✅ Completed ring R3-C1 with 5 spans.
2025-10-27 21:55:17,752 - INFO - 
🔁 Processing ring: R3-C2
2025-10-27 21:55:17,756 - INFO - ✅ Completed ring R3-C2 with 9 spans.
2025-10-27 21:55:17,756 - INFO - 
🔁 Processing ring: R4
2025-10-27 21:55:17,759 - INFO - ✅ Completed ring R4 with 7 spans.
2025-10-27 21:55:17,759 - INFO - 
🔁 Processing ring: R5
2025-10-27 21:55:17,763 - INFO - ✅ Completed ring R5 with 9 spans.
2025-10-27 21:55:17,844 - INFO - Created 2,286 records
2025-10-27 21:55:17,864 - INFO - Created 79 records
2025-10-27 21:55:17,865 - INFO - ✅ All rings processed. Span sequence updated and saved.
