2025-10-17 08:33:30,355 - WARNING - ⚠️ Warning: Disconnected segment remains in span 'banjariya to bamhori ghat'.
2025-10-17 08:33:30,355 - WARNING - ⚠️ The Span banjariya to bamhori ghat is disconnected at this point (78.62893578200004, 23.641538944000047)
2025-10-17 08:33:30,532 - WARNING - ⚠️ Warning: Disconnected segment remains in span 'bilehra to singna'.
2025-10-17 08:33:30,532 - WARNING - ⚠️ The Span bilehra to singna is disconnected at this point (78.73468663000006, 23.652676383000028)
2025-10-17 08:33:30,552 - WARNING - ⚠️ Warning: Disconnected segment remains in span 'bilehra to t-point mahuwa kheda'.
2025-10-17 08:33:30,552 - WARNING - ⚠️ The Span bilehra to t-point mahuwa kheda is disconnected at this point (78.73468663000006, 23.652676383000028)
2025-10-17 08:33:30,576 - WARNING - ⚠️ Warning: Disconnected segment remains in span 'chakeri to ghughar'.
2025-10-17 08:33:30,576 - WARNING - ⚠️ The Span chakeri to ghughar is disconnected at this point (78.69248917100003, 23.74262236800007)
2025-10-17 08:33:30,617 - WARNING -  ⚠️ The Geometry is multiline string starting at (78.59510300500006, 23.74650510600003) & ending at (78.57192525000005, 23.766708221000044)
2025-10-17 08:33:30,618 - WARNING -  ⚠️ The Geometry is multiline string starting at (78.59510300500006, 23.74650510600003) & ending at (78.57192525000005, 23.766708221000044)
2025-10-17 08:33:30,623 - WARNING - ⚠️ Warning: Disconnected segment remains in span 'chenpura to killai'.
2025-10-17 08:33:30,623 - WARNING - ⚠️ The Span chenpura to killai is disconnected at this point (78.59515860600004, 23.746475007000072)
2025-10-17 08:33:30,857 - WARNING - ⚠️ Warning: Disconnected segment remains in span 'hinnod to chakeri'.
2025-10-17 08:33:30,857 - WARNING - ⚠️ The Span hinnod to chakeri is disconnected at this point (78.67838619400004, 23.721793696000077)
2025-10-17 08:33:31,024 - WARNING - ⚠️ Warning: Disconnected segment remains in span 'jamuniya gond to semra gopalman'.
2025-10-17 08:33:31,024 - WARNING - ⚠️ The Span jamuniya gond to semra gopalman is disconnected at this point (78.69248917100003, 23.74262236800007)
2025-10-17 08:33:31,043 - WARNING - ⚠️ Warning: Disconnected segment remains in span 'jera to sagoni khurd'.
2025-10-17 08:33:31,044 - WARNING - ⚠️ The Span jera to sagoni khurd is disconnected at this point (78.50565490400004, 23.612905942000054)
2025-10-17 08:33:31,074 - WARNING - ⚠️ Warning: Disconnected segment remains in span 'jera to toda tarafdar'.
2025-10-17 08:33:31,074 - WARNING - ⚠️ The Span jera to toda tarafdar is disconnected at this point (78.50569547400005, 23.612973444000033)
2025-10-17 08:33:32,245 - WARNING - ⚠️ Warning: Disconnected segment remains in span 't-point jaisinagar block to dungariya'.
2025-10-17 08:33:32,245 - WARNING - ⚠️ The Span t-point jaisinagar block to dungariya is disconnected at this point (78.54765440000006, 23.565432800000053)
2025-10-17 08:33:32,301 - WARNING - ⚠️ Warning: Disconnected segment remains in span 't-point jera to sagoni khurd'.
2025-10-17 08:33:32,301 - WARNING - ⚠️ The Span t-point jera to sagoni khurd is disconnected at this point (78.47005014800004, 23.630470794000075)
2025-10-17 08:33:32,448 - WARNING - ⚠️ Warning: Disconnected segment remains in span 'tendu daber  to satta dhana'.
2025-10-17 08:33:32,448 - WARNING - ⚠️ The Span tendu daber  to satta dhana is disconnected at this point (78.63476304600005, 23.707503616000054)
2025-10-17 08:33:32,567 - INFO - Created 2,206 records
2025-10-17 08:33:32,571 - INFO - Created 75 records
2025-10-17 08:33:32,571 - INFO - ✅ Sequence assigned and saved with original index preserved.
2025-10-17 08:33:32,573 - INFO - Created 12 records
2025-10-17 08:33:32,638 - INFO - 🔄 Found 10 rings: ['R1', 'R1-C1', 'R1-C2', 'R2', 'R2-C1', 'R3', 'R3-C1', 'R4', 'R4-C1', 'R4-C2']
2025-10-17 08:33:32,638 - INFO - 
🔁 Processing ring: R1
2025-10-17 08:33:32,641 - INFO - ✅ Completed ring R1 with 3 spans.
2025-10-17 08:33:32,641 - INFO - 
🔁 Processing ring: R1-C1
2025-10-17 08:33:32,645 - INFO - ✅ Completed ring R1-C1 with 6 spans.
2025-10-17 08:33:32,645 - INFO - 
🔁 Processing ring: R1-C2
2025-10-17 08:33:32,645 - INFO - ✅ Completed ring R1-C2 with 0 spans.
2025-10-17 08:33:32,646 - INFO - 
🔁 Processing ring: R2
2025-10-17 08:33:32,648 - INFO - ✅ Completed ring R2 with 1 spans.
2025-10-17 08:33:32,648 - INFO - 
🔁 Processing ring: R2-C1
2025-10-17 08:33:32,652 - INFO - ✅ Completed ring R2-C1 with 8 spans.
2025-10-17 08:33:32,652 - INFO - 
🔁 Processing ring: R3
2025-10-17 08:33:32,653 - INFO - ✅ Completed ring R3 with 0 spans.
2025-10-17 08:33:32,653 - INFO - 
🔁 Processing ring: R3-C1
2025-10-17 08:33:32,655 - INFO - ✅ Completed ring R3-C1 with 1 spans.
2025-10-17 08:33:32,655 - INFO - 
🔁 Processing ring: R4
2025-10-17 08:33:32,658 - INFO - ✅ Completed ring R4 with 4 spans.
2025-10-17 08:33:32,658 - INFO - 
🔁 Processing ring: R4-C1
2025-10-17 08:33:32,660 - INFO - ✅ Completed ring R4-C1 with 2 spans.
2025-10-17 08:33:32,660 - INFO - 
🔁 Processing ring: R4-C2
2025-10-17 08:33:32,661 - INFO - ✅ Completed ring R4-C2 with 1 spans.
2025-10-17 08:33:32,724 - INFO - Created 2,206 records
2025-10-17 08:33:32,729 - INFO - Created 75 records
2025-10-17 08:33:32,729 - INFO - ✅ All rings processed. Span sequence updated and saved.
