2025-10-29 13:00:07,207 - WARNING - ⚠️ Warning: Disconnected segment remains in span 'T-POINT RAJHA TO HAHOTIPURWA'.
2025-10-29 13:00:07,207 - WARNING - ⚠️ The Span T-POINT RAJHA TO HAHOTIPURWA is disconnected at this point (81.84172750400006, 24.92735367000006)
2025-10-29 13:00:07,645 - INFO - Created 2,315 records
2025-10-29 13:00:07,662 - INFO - Created 90 records
2025-10-29 13:00:07,662 - INFO - ✅ Sequence assigned and saved with original index preserved.
2025-10-29 13:00:07,664 - INFO - Created 1 records
2025-10-29 13:00:07,726 - INFO - 🔄 Found 11 rings: ['R1', 'R2', 'R2-C1', 'R2-C2', 'R3', 'R3-C1', 'R3-C2', 'R4', 'R4-C1', 'R5', 'R5-C1']
2025-10-29 13:00:07,726 - INFO - 
🔁 Processing ring: R1
2025-10-29 13:00:07,730 - INFO - ✅ Completed ring R1 with 8 spans.
2025-10-29 13:00:07,730 - INFO - 
🔁 Processing ring: R2
2025-10-29 13:00:07,735 - INFO - ✅ Completed ring R2 with 8 spans.
2025-10-29 13:00:07,735 - INFO - 
🔁 Processing ring: R2-C1
2025-10-29 13:00:07,738 - INFO - ✅ Completed ring R2-C1 with 7 spans.
2025-10-29 13:00:07,738 - INFO - 
🔁 Processing ring: R2-C2
2025-10-29 13:00:07,741 - INFO - ✅ Completed ring R2-C2 with 6 spans.
2025-10-29 13:00:07,741 - INFO - 
🔁 Processing ring: R3
2025-10-29 13:00:07,746 - INFO - ✅ Completed ring R3 with 10 spans.
2025-10-29 13:00:07,746 - INFO - 
🔁 Processing ring: R3-C1
2025-10-29 13:00:07,749 - INFO - ✅ Completed ring R3-C1 with 6 spans.
2025-10-29 13:00:07,749 - INFO - 
🔁 Processing ring: R3-C2
2025-10-29 13:00:07,751 - INFO - ✅ Completed ring R3-C2 with 4 spans.
2025-10-29 13:00:07,751 - INFO - 
🔁 Processing ring: R4
2025-10-29 13:00:07,754 - INFO - ✅ Completed ring R4 with 7 spans.
2025-10-29 13:00:07,754 - INFO - 
🔁 Processing ring: R4-C1
2025-10-29 13:00:07,757 - INFO - ✅ Completed ring R4-C1 with 5 spans.
2025-10-29 13:00:07,757 - INFO - 
🔁 Processing ring: R5
2025-10-29 13:00:07,761 - INFO - ✅ Completed ring R5 with 9 spans.
2025-10-29 13:00:07,761 - INFO - 
🔁 Processing ring: R5-C1
2025-10-29 13:00:07,763 - INFO - ✅ Completed ring R5-C1 with 4 spans.
2025-10-29 13:00:07,829 - INFO - Created 2,315 records
2025-10-29 13:00:07,840 - INFO - Created 90 records
2025-10-29 13:00:07,840 - INFO - ✅ All rings processed. Span sequence updated and saved.
