2025-08-23 19:52:15,630 - INFO - Created 813 records
2025-08-23 19:52:15,634 - INFO - Created 43 records
2025-08-23 19:52:15,634 - INFO - ✅ Sequence assigned and saved with original index preserved.
2025-08-23 19:52:15,637 - INFO - Created 0 records
2025-08-23 19:52:15,663 - INFO - 🔄 Found 5 rings: ['R1', 'R1-C1', 'R2', 'R3', 'R3-C1']
2025-08-23 19:52:15,663 - INFO - 
🔁 Processing ring: R1
2025-08-23 19:52:15,666 - INFO - ✅ Completed ring R1 with 8 spans.
2025-08-23 19:52:15,667 - INFO - 
🔁 Processing ring: R1-C1
2025-08-23 19:52:15,669 - INFO - ✅ Completed ring R1-C1 with 4 spans.
2025-08-23 19:52:15,669 - INFO - 
🔁 Processing ring: R2
2025-08-23 19:52:15,673 - INFO - ✅ Completed ring R2 with 8 spans.
2025-08-23 19:52:15,673 - INFO - 
🔁 Processing ring: R3
2025-08-23 19:52:15,677 - INFO - ✅ Completed ring R3 with 9 spans.
2025-08-23 19:52:15,677 - INFO - 
🔁 Processing ring: R3-C1
2025-08-23 19:52:15,678 - WARNING - ⚠️  Warning: Closest node (81.35959961200007, 23.246047881000038) is far from given start (81.36038081, 23.25005977)
2025-08-23 19:52:15,701 - INFO - Created 813 records
2025-08-23 19:52:15,705 - INFO - Created 43 records
2025-08-23 19:52:15,705 - INFO - ✅ All rings processed. Span sequence updated and saved.
