2025-08-30 14:58:18,831 - WARNING - ⚠️ Warning: Disconnected segment remains in span 'SBALGARH BLOCK TO KEMARI'.
2025-08-30 14:58:18,832 - WARNING - ⚠️ The Span SBALGARH BLOCK TO KEMARI is disconnected at this point (77.36851500000006, 26.258646000000056)
2025-08-30 14:58:19,381 - INFO - Created 1,217 records
2025-08-30 14:58:19,386 - INFO - Created 62 records
2025-08-30 14:58:19,386 - INFO - ✅ Sequence assigned and saved with original index preserved.
2025-08-30 14:58:19,387 - INFO - Created 1 records
2025-08-30 14:58:19,420 - INFO - 🔄 Found 6 rings: ['R1', 'R1_C1', 'R2', 'R2_C1', 'R3', 'R3_C1']
2025-08-30 14:58:19,420 - INFO - 
🔁 Processing ring: R1
2025-08-30 14:58:19,425 - INFO - ✅ Completed ring R1 with 11 spans.
2025-08-30 14:58:19,425 - INFO - 
🔁 Processing ring: R1_C1
2025-08-30 14:58:19,429 - INFO - ✅ Completed ring R1_C1 with 9 spans.
2025-08-30 14:58:19,429 - INFO - 
🔁 Processing ring: R2
2025-08-30 14:58:19,430 - INFO - ✅ Completed ring R2 with 0 spans.
2025-08-30 14:58:19,430 - INFO - 
🔁 Processing ring: R2_C1
2025-08-30 14:58:19,431 - INFO - ✅ Completed ring R2_C1 with 0 spans.
2025-08-30 14:58:19,431 - INFO - 
🔁 Processing ring: R3
2025-08-30 14:58:19,432 - INFO - ✅ Completed ring R3 with 0 spans.
2025-08-30 14:58:19,432 - INFO - 
🔁 Processing ring: R3_C1
2025-08-30 14:58:19,435 - INFO - ✅ Completed ring R3_C1 with 5 spans.
2025-08-30 14:58:19,468 - INFO - Created 1,217 records
2025-08-30 14:58:19,472 - INFO - Created 62 records
2025-08-30 14:58:19,473 - INFO - ✅ All rings processed. Span sequence updated and saved.
