2025-09-06 18:54:55,281 - INFO - Created 663 records
2025-09-06 18:54:55,287 - INFO - Created 46 records
2025-09-06 18:54:55,287 - INFO - ✅ Sequence assigned and saved with original index preserved.
2025-09-06 18:54:55,290 - INFO - Created 0 records
2025-09-06 18:54:55,311 - INFO - 🔄 Found 4 rings: ['R1', 'R2', 'R3', 'R3-C1']
2025-09-06 18:54:55,311 - INFO - 
🔁 Processing ring: R1
2025-09-06 18:54:55,315 - INFO - ✅ Completed ring R1 with 9 spans.
2025-09-06 18:54:55,315 - INFO - 
🔁 Processing ring: R2
2025-09-06 18:54:55,321 - INFO - ✅ Completed ring R2 with 14 spans.
2025-09-06 18:54:55,321 - INFO - 
🔁 Processing ring: R3
2025-09-06 18:54:55,326 - INFO - ✅ Completed ring R3 with 12 spans.
2025-09-06 18:54:55,326 - INFO - 
🔁 Processing ring: R3-C1
2025-09-06 18:54:55,329 - INFO - ✅ Completed ring R3-C1 with 7 spans.
2025-09-06 18:54:55,351 - INFO - Created 663 records
2025-09-06 18:54:55,356 - INFO - Created 46 records
2025-09-06 18:54:55,356 - INFO - ✅ All rings processed. Span sequence updated and saved.
