2025-11-06 01:50:40,945 - WARNING - ⚠️ Warning: Disconnected segment remains in span 'REHLI BLOCK TO SAMNAPUR KALAN'.
2025-11-06 01:50:40,946 - WARNING - ⚠️ The Span REHLI BLOCK TO SAMNAPUR KALAN is disconnected at this point (78.99948200000006, 23.66075900000004)
2025-11-06 01:50:42,103 - INFO - Created 3,417 records
2025-11-06 01:50:42,121 - INFO - Created 104 records
2025-11-06 01:50:42,122 - INFO - ✅ Sequence assigned and saved with original index preserved.
2025-11-06 01:50:42,124 - INFO - Created 1 records
2025-11-06 01:50:42,212 - INFO - 🔄 Found 15 rings: ['R1', 'R1-C1', 'R1-C2', 'R2', 'R2-C1', 'R2-C2', 'R3', 'R3-C1', 'R3-C2', 'R3-C3', 'R4', 'R5', 'R5-C1', 'R6', 'R6-C1']
2025-11-06 01:50:42,212 - INFO - 
🔁 Processing ring: R1
2025-11-06 01:50:42,218 - INFO - ✅ Completed ring R1 with 10 spans.
2025-11-06 01:50:42,218 - INFO - 
🔁 Processing ring: R1-C1
2025-11-06 01:50:42,221 - INFO - ✅ Completed ring R1-C1 with 7 spans.
2025-11-06 01:50:42,221 - INFO - 
🔁 Processing ring: R1-C2
2025-11-06 01:50:42,224 - INFO - ✅ Completed ring R1-C2 with 4 spans.
2025-11-06 01:50:42,224 - INFO - 
🔁 Processing ring: R2
2025-11-06 01:50:42,229 - INFO - ✅ Completed ring R2 with 10 spans.
2025-11-06 01:50:42,229 - INFO - 
🔁 Processing ring: R2-C1
2025-11-06 01:50:42,232 - INFO - ✅ Completed ring R2-C1 with 8 spans.
2025-11-06 01:50:42,233 - INFO - 
🔁 Processing ring: R2-C2
2025-11-06 01:50:42,235 - INFO - ✅ Completed ring R2-C2 with 4 spans.
2025-11-06 01:50:42,235 - INFO - 
🔁 Processing ring: R3
2025-11-06 01:50:42,240 - INFO - ✅ Completed ring R3 with 11 spans.
2025-11-06 01:50:42,240 - INFO - 
🔁 Processing ring: R3-C1
2025-11-06 01:50:42,243 - INFO - ✅ Completed ring R3-C1 with 6 spans.
2025-11-06 01:50:42,243 - INFO - 
🔁 Processing ring: R3-C2
2025-11-06 01:50:42,245 - INFO - ✅ Completed ring R3-C2 with 4 spans.
2025-11-06 01:50:42,245 - INFO - 
🔁 Processing ring: R3-C3
2025-11-06 01:50:42,247 - INFO - ✅ Completed ring R3-C3 with 3 spans.
2025-11-06 01:50:42,247 - INFO - 
🔁 Processing ring: R4
2025-11-06 01:50:42,251 - INFO - ✅ Completed ring R4 with 9 spans.
2025-11-06 01:50:42,251 - INFO - 
🔁 Processing ring: R5
2025-11-06 01:50:42,255 - INFO - ✅ Completed ring R5 with 9 spans.
2025-11-06 01:50:42,256 - INFO - 
🔁 Processing ring: R5-C1
2025-11-06 01:50:42,257 - INFO - ✅ Completed ring R5-C1 with 2 spans.
2025-11-06 01:50:42,257 - INFO - 
🔁 Processing ring: R6
2025-11-06 01:50:42,262 - INFO - ✅ Completed ring R6 with 11 spans.
2025-11-06 01:50:42,262 - INFO - 
🔁 Processing ring: R6-C1
2025-11-06 01:50:42,264 - INFO - ✅ Completed ring R6-C1 with 3 spans.
2025-11-06 01:50:42,369 - INFO - Created 3,417 records
2025-11-06 01:50:42,389 - INFO - Created 104 records
2025-11-06 01:50:42,390 - INFO - ✅ All rings processed. Span sequence updated and saved.
