2025-09-13 22:05:26,305 - INFO - Created 1,284 records
2025-09-13 22:05:26,312 - INFO - Created 93 records
2025-09-13 22:05:26,313 - INFO - ✅ Sequence assigned and saved with original index preserved.
2025-09-13 22:05:26,316 - INFO - Created 0 records
2025-09-13 22:05:26,351 - INFO - 🔄 Found 9 rings: ['R1', 'R2', 'R3', 'R4', 'R4-C1', 'R5', 'R5-C1', 'R6', 'R6-C1']
2025-09-13 22:05:26,352 - INFO - 
🔁 Processing ring: R1
2025-09-13 22:05:26,357 - INFO - ✅ Completed ring R1 with 12 spans.
2025-09-13 22:05:26,357 - INFO - 
🔁 Processing ring: R2
2025-09-13 22:05:26,362 - INFO - ✅ Completed ring R2 with 10 spans.
2025-09-13 22:05:26,362 - INFO - 
🔁 Processing ring: R3
2025-09-13 22:05:26,367 - INFO - ✅ Completed ring R3 with 11 spans.
2025-09-13 22:05:26,367 - INFO - 
🔁 Processing ring: R4
2025-09-13 22:05:26,372 - INFO - ✅ Completed ring R4 with 10 spans.
2025-09-13 22:05:26,372 - INFO - 
🔁 Processing ring: R4-C1
2025-09-13 22:05:26,375 - INFO - ✅ Completed ring R4-C1 with 6 spans.
2025-09-13 22:05:26,375 - INFO - 
🔁 Processing ring: R5
2025-09-13 22:05:26,379 - INFO - ✅ Completed ring R5 with 10 spans.
2025-09-13 22:05:26,379 - INFO - 
🔁 Processing ring: R5-C1
2025-09-13 22:05:26,384 - INFO - ✅ Completed ring R5-C1 with 10 spans.
2025-09-13 22:05:26,384 - INFO - 
🔁 Processing ring: R6
2025-09-13 22:05:26,389 - INFO - ✅ Completed ring R6 with 11 spans.
2025-09-13 22:05:26,389 - INFO - 
🔁 Processing ring: R6-C1
2025-09-13 22:05:26,393 - INFO - ✅ Completed ring R6-C1 with 9 spans.
2025-09-13 22:05:26,432 - INFO - Created 1,284 records
2025-09-13 22:05:26,437 - INFO - Created 93 records
2025-09-13 22:05:26,438 - INFO - ✅ All rings processed. Span sequence updated and saved.
