2025-09-16 23:04:37,789 - INFO - Created 2,104 records
2025-09-16 23:04:37,798 - INFO - Created 71 records
2025-09-16 23:04:37,798 - INFO - ✅ Sequence assigned and saved with original index preserved.
2025-09-16 23:04:37,802 - INFO - Created 0 records
2025-09-16 23:04:37,861 - INFO - 🔄 Found 8 rings: ['R1', 'R1-C1', 'R2', 'R2-C1', 'R2-C2', 'R3', 'R4', 'R4-C1']
2025-09-16 23:04:37,862 - INFO - 
🔁 Processing ring: R1
2025-09-16 23:04:37,867 - INFO - ✅ Completed ring R1 with 11 spans.
2025-09-16 23:04:37,867 - INFO - 
🔁 Processing ring: R1-C1
2025-09-16 23:04:37,870 - INFO - ✅ Completed ring R1-C1 with 6 spans.
2025-09-16 23:04:37,870 - INFO - 
🔁 Processing ring: R2
2025-09-16 23:04:37,876 - INFO - ✅ Completed ring R2 with 12 spans.
2025-09-16 23:04:37,876 - INFO - 
🔁 Processing ring: R2-C1
2025-09-16 23:04:37,879 - INFO - ✅ Completed ring R2-C1 with 7 spans.
2025-09-16 23:04:37,879 - INFO - 
🔁 Processing ring: R2-C2
2025-09-16 23:04:37,880 - INFO - ✅ Completed ring R2-C2 with 0 spans.
2025-09-16 23:04:37,880 - INFO - 
🔁 Processing ring: R3
2025-09-16 23:04:37,885 - INFO - ✅ Completed ring R3 with 11 spans.
2025-09-16 23:04:37,885 - INFO - 
🔁 Processing ring: R4
2025-09-16 23:04:37,889 - INFO - ✅ Completed ring R4 with 9 spans.
2025-09-16 23:04:37,889 - INFO - 
🔁 Processing ring: R4-C1
2025-09-16 23:04:37,891 - INFO - ✅ Completed ring R4-C1 with 3 spans.
2025-09-16 23:04:37,957 - INFO - Created 2,104 records
2025-09-16 23:04:37,964 - INFO - Created 71 records
2025-09-16 23:04:37,965 - INFO - ✅ All rings processed. Span sequence updated and saved.
