2025-08-30 14:55:36,798 - WARNING - ⚠️ Warning: Disconnected segment remains in span 'SBALGARH BLOCK TO KEMARI'.
2025-08-30 14:55:36,799 - WARNING - ⚠️ The Span SBALGARH BLOCK TO KEMARI is disconnected at this point (77.36851500000006, 26.258646000000056)
2025-08-30 14:55:37,347 - INFO - Created 1,217 records
2025-08-30 14:55:37,352 - INFO - Created 62 records
2025-08-30 14:55:37,352 - INFO - ✅ Sequence assigned and saved with original index preserved.
2025-08-30 14:55:37,354 - INFO - Created 1 records
2025-08-30 14:55:37,388 - INFO - 🔄 Found 6 rings: ['R1', 'R1_C1', 'R2', 'R2_C1', 'R3', 'R3_C1']
2025-08-30 14:55:37,388 - INFO - 
🔁 Processing ring: R1
2025-08-30 14:55:37,393 - INFO - ✅ Completed ring R1 with 11 spans.
2025-08-30 14:55:37,393 - INFO - 
🔁 Processing ring: R1_C1
2025-08-30 14:55:37,397 - INFO - ✅ Completed ring R1_C1 with 9 spans.
2025-08-30 14:55:37,397 - INFO - 
🔁 Processing ring: R2
2025-08-30 14:55:37,398 - INFO - ✅ Completed ring R2 with 0 spans.
2025-08-30 14:55:37,398 - INFO - 
🔁 Processing ring: R2_C1
2025-08-30 14:55:37,399 - INFO - ✅ Completed ring R2_C1 with 0 spans.
2025-08-30 14:55:37,399 - INFO - 
🔁 Processing ring: R3
2025-08-30 14:55:37,400 - INFO - ✅ Completed ring R3 with 0 spans.
2025-08-30 14:55:37,400 - INFO - 
🔁 Processing ring: R3_C1
2025-08-30 14:55:37,403 - INFO - ✅ Completed ring R3_C1 with 5 spans.
2025-08-30 14:55:37,438 - INFO - Created 1,217 records
2025-08-30 14:55:37,443 - INFO - Created 62 records
2025-08-30 14:55:37,443 - INFO - ✅ All rings processed. Span sequence updated and saved.
