2025-08-28 12:01:30,902 - WARNING - \u26a0\ufe0f Warning: Disconnected segment remains in span 'Antrai TO BAGDITAJ'.
2025-08-28 12:01:30,903 - WARNING - \u26a0\ufe0f The Span Antrai TO BAGDITAJ is disconnected at this point (75.38666626600008, 22.745016297000063)
2025-08-28 12:01:30,921 - WARNING - \u26a0\ufe0f Warning: Disconnected segment remains in span 'Antrai To BAGDITAJ'.
2025-08-28 12:01:30,922 - WARNING - \u26a0\ufe0f The Span Antrai To BAGDITAJ is disconnected at this point (75.36970400000007, 22.747865000000047)
2025-08-28 12:01:31,046 - WARNING - \u26a0\ufe0f Warning: Disconnected segment remains in span 'BAGDITAJ To Paykunda'.
2025-08-28 12:01:31,046 - WARNING - \u26a0\ufe0f The Span BAGDITAJ To Paykunda is disconnected at this point (75.39027400000003, 22.853986000000077)
2025-08-28 12:01:31,290 - WARNING - \u26a0\ufe0f Warning: Disconnected segment remains in span 'BIJUR TO BADCHHAPRA GP'.
2025-08-28 12:01:31,291 - WARNING - \u26a0\ufe0f The Span BIJUR TO BADCHHAPRA GP is disconnected at this point (75.47737300000006, 22.70967500000006)
2025-08-28 12:01:31,826 - WARNING - \u26a0\ufe0f Warning: Disconnected segment remains in span 'Govindpura TO Jamanda'.
2025-08-28 12:01:31,826 - WARNING - \u26a0\ufe0f The Span Govindpura TO Jamanda is disconnected at this point (75.38994800000006, 22.66451600000005)
2025-08-28 12:01:31,868 - WARNING - \u26a0\ufe0f Warning: Disconnected segment remains in span 'Govindpura To Jamanda'.
2025-08-28 12:01:31,868 - WARNING - \u26a0\ufe0f The Span Govindpura To Jamanda is disconnected at this point (75.38992300000007, 22.664459000000022)
2025-08-28 12:01:32,157 - WARNING - \u26a0\ufe0f Warning: Disconnected segment remains in span 'KOT BHITODA TO LOHARI BUJURG'.
2025-08-28 12:01:32,158 - WARNING - \u26a0\ufe0f The Span KOT BHITODA TO LOHARI BUJURG is disconnected at this point (75.40541200000007, 22.681764000000044)
2025-08-28 12:01:32,254 - WARNING - \u26a0\ufe0f Warning: Disconnected segment remains in span 'Khachroda TO Kandariya'.
2025-08-28 12:01:32,254 - WARNING - \u26a0\ufe0f The Span Khachroda TO Kandariya is disconnected at this point (75.40732500000007, 22.85468000000003)
2025-08-28 12:01:32,270 - WARNING - \u26a0\ufe0f Warning: Disconnected segment remains in span 'Khachroda To Kandariya'.
2025-08-28 12:01:32,270 - WARNING - \u26a0\ufe0f The Span Khachroda To Kandariya is disconnected at this point (75.40808321000003, 22.851801301000023)
2025-08-28 12:01:32,290 - WARNING - \u26a0\ufe0f Warning: Disconnected segment remains in span 'LABRAVDA TO LASUDIYA'.
2025-08-28 12:01:32,290 - WARNING - \u26a0\ufe0f The Span LABRAVDA TO LASUDIYA is disconnected at this point (75.27193300000005, 22.669696000000044)
2025-08-28 12:01:32,363 - WARNING - \u26a0\ufe0f Warning: Disconnected segment remains in span 'LOHARI BUJURG TO HARSORA'.
2025-08-28 12:01:32,363 - WARNING - \u26a0\ufe0f The Span LOHARI BUJURG TO HARSORA is disconnected at this point (75.40258500000004, 22.699622000000033)
2025-08-28 12:01:32,677 - WARNING - \u26a0\ufe0f Warning: Disconnected segment remains in span 'PINJRAYA TO TEESGAON'.
2025-08-28 12:01:32,677 - WARNING - \u26a0\ufe0f The Span PINJRAYA TO TEESGAON is disconnected at this point (75.30568784900004, 22.73741620900006)
2025-08-28 12:01:32,772 - WARNING - \u26a0\ufe0f Warning: Disconnected segment remains in span 'RAMPURA To Govindpura'.
2025-08-28 12:01:32,772 - WARNING - \u26a0\ufe0f The Span RAMPURA To Govindpura is disconnected at this point (75.38960800000007, 22.842213000000072)
2025-08-28 12:01:32,945 - WARNING - \u26a0\ufe0f Warning: Disconnected segment remains in span 'Sadalpur TO T-POINT Govindpura'.
2025-08-28 12:01:32,945 - WARNING - \u26a0\ufe0f The Span Sadalpur TO T-POINT Govindpura is disconnected at this point (75.41581600000006, 22.74026900000007)
2025-08-28 12:01:32,967 - WARNING - \u26a0\ufe0f Warning: Disconnected segment remains in span 'Sadalpur To T-POINT Govindpura'.
2025-08-28 12:01:32,967 - WARNING - \u26a0\ufe0f The Span Sadalpur To T-POINT Govindpura is disconnected at this point (75.38631400000008, 22.714465000000075)
2025-08-28 12:01:33,046 - WARNING - \u26a0\ufe0f Warning: Disconnected segment remains in span 'Sunar Khedi To Umariya'.
2025-08-28 12:01:33,046 - WARNING - \u26a0\ufe0f The Span Sunar Khedi To Umariya is disconnected at this point (75.32302207900005, 22.667256456000075)
2025-08-28 12:01:33,116 - WARNING - \u26a0\ufe0f Warning: Disconnected segment remains in span 'T-POINT RAMPURA To Antrai'.
2025-08-28 12:01:33,116 - WARNING - \u26a0\ufe0f The Span T-POINT RAMPURA To Antrai is disconnected at this point (75.35276000000005, 22.704548000000045)
2025-08-28 12:01:33,131 - WARNING - \u26a0\ufe0f Warning: Disconnected segment remains in span 'T-POINT Sunar Khedi TO Nawasa'.
2025-08-28 12:01:33,131 - WARNING - \u26a0\ufe0f The Span T-POINT Sunar Khedi TO Nawasa is disconnected at this point (75.34484478600007, 22.655207691000044)
2025-08-28 12:01:33,160 - WARNING - \u26a0\ufe0f Warning: Disconnected segment remains in span 'T-Point BIJUR TO NEKPUR GP'.
2025-08-28 12:01:33,160 - WARNING - \u26a0\ufe0f The Span T-Point BIJUR TO NEKPUR GP is disconnected at this point (75.47737300000006, 22.70967500000006)
2025-08-28 12:01:33,437 - INFO - Created 1,576 records
2025-08-28 12:01:33,448 - INFO - Created 86 records
2025-08-28 12:01:33,449 - INFO - \u2705 Sequence assigned and saved with original index preserved.
2025-08-28 12:01:33,457 - INFO - Created 19 records
2025-08-28 12:01:33,569 - INFO - \U0001f504 Found 7 rings: ['R1', 'R1-C1', 'R2', 'R2-C1', 'R3', 'R3-C1', 'R4']
2025-08-28 12:01:33,569 - INFO - 
\U0001f501 Processing ring: R1
2025-08-28 12:01:33,572 - INFO - \u2705 Completed ring R1 with 0 spans.
2025-08-28 12:01:33,572 - INFO - 
\U0001f501 Processing ring: R1-C1
2025-08-28 12:01:33,574 - INFO - \u2705 Completed ring R1-C1 with 1 spans.
2025-08-28 12:01:33,574 - INFO - 
\U0001f501 Processing ring: R2
2025-08-28 12:01:33,577 - INFO - \u2705 Completed ring R2 with 0 spans.
2025-08-28 12:01:33,577 - INFO - 
\U0001f501 Processing ring: R2-C1
2025-08-28 12:01:33,579 - INFO - \u2705 Completed ring R2-C1 with 0 spans.
2025-08-28 12:01:33,579 - INFO - 
\U0001f501 Processing ring: R3
2025-08-28 12:01:33,581 - INFO - \u2705 Completed ring R3 with 1 spans.
2025-08-28 12:01:33,582 - INFO - 
\U0001f501 Processing ring: R3-C1
2025-08-28 12:01:33,584 - INFO - \u2705 Completed ring R3-C1 with 1 spans.
2025-08-28 12:01:33,584 - INFO - 
\U0001f501 Processing ring: R4
2025-08-28 12:01:33,586 - INFO - \u2705 Completed ring R4 with 0 spans.
2025-08-28 12:01:33,671 - INFO - Created 1,576 records
2025-08-28 12:01:33,682 - INFO - Created 86 records
2025-08-28 12:01:33,683 - INFO - \u2705 All rings processed. Span sequence updated and saved.
