2025-08-30 14:59:13,986 - WARNING - ⚠️ Warning: Disconnected segment remains in span 'SBALGARH BLOCK TO KEMARI'.
2025-08-30 14:59:13,986 - WARNING - ⚠️ The Span SBALGARH BLOCK TO KEMARI is disconnected at this point (77.36851500000006, 26.258646000000056)
2025-08-30 14:59:14,538 - INFO - Created 1,217 records
2025-08-30 14:59:14,542 - INFO - Created 62 records
2025-08-30 14:59:14,543 - INFO - ✅ Sequence assigned and saved with original index preserved.
2025-08-30 14:59:14,544 - INFO - Created 1 records
2025-08-30 14:59:14,577 - INFO - 🔄 Found 6 rings: ['R1', 'R1_C1', 'R2', 'R2_C1', 'R3', 'R3_C1']
2025-08-30 14:59:14,578 - INFO - 
🔁 Processing ring: R1
2025-08-30 14:59:14,582 - INFO - ✅ Completed ring R1 with 11 spans.
2025-08-30 14:59:14,582 - INFO - 
🔁 Processing ring: R1_C1
2025-08-30 14:59:14,586 - INFO - ✅ Completed ring R1_C1 with 9 spans.
2025-08-30 14:59:14,586 - INFO - 
🔁 Processing ring: R2
2025-08-30 14:59:14,587 - INFO - ✅ Completed ring R2 with 0 spans.
2025-08-30 14:59:14,587 - INFO - 
🔁 Processing ring: R2_C1
2025-08-30 14:59:14,588 - INFO - ✅ Completed ring R2_C1 with 0 spans.
2025-08-30 14:59:14,588 - INFO - 
🔁 Processing ring: R3
2025-08-30 14:59:14,589 - INFO - ✅ Completed ring R3 with 0 spans.
2025-08-30 14:59:14,589 - INFO - 
🔁 Processing ring: R3_C1
2025-08-30 14:59:14,592 - INFO - ✅ Completed ring R3_C1 with 5 spans.
2025-08-30 14:59:14,627 - INFO - Created 1,217 records
2025-08-30 14:59:14,632 - INFO - Created 62 records
2025-08-30 14:59:14,632 - INFO - ✅ All rings processed. Span sequence updated and saved.
