2025-11-24 21:45:57,344 - INFO - Created 1,764 records
2025-11-24 21:45:57,352 - INFO - Created 70 records
2025-11-24 21:45:57,352 - INFO - ✅ Sequence assigned and saved with original index preserved.
2025-11-24 21:45:57,356 - INFO - Created 0 records
2025-11-24 21:45:57,406 - INFO - 🔄 Found 9 rings: ['R1', 'R2', 'R2-C1', 'R3', 'R3-C1', 'R3-C2', 'R4', 'R4-C1', 'R5']
2025-11-24 21:45:57,406 - INFO - 
🔁 Processing ring: R1
2025-11-24 21:45:57,411 - INFO - ✅ Completed ring R1 with 10 spans.
2025-11-24 21:45:57,411 - INFO - 
🔁 Processing ring: R2
2025-11-24 21:45:57,416 - INFO - ✅ Completed ring R2 with 10 spans.
2025-11-24 21:45:57,416 - INFO - 
🔁 Processing ring: R2-C1
2025-11-24 21:45:57,420 - INFO - ✅ Completed ring R2-C1 with 8 spans.
2025-11-24 21:45:57,420 - INFO - 
🔁 Processing ring: R3
2025-11-24 21:45:57,424 - INFO - ✅ Completed ring R3 with 8 spans.
2025-11-24 21:45:57,424 - INFO - 
🔁 Processing ring: R3-C1
2025-11-24 21:45:57,427 - INFO - ✅ Completed ring R3-C1 with 5 spans.
2025-11-24 21:45:57,427 - INFO - 
🔁 Processing ring: R3-C2
2025-11-24 21:45:57,430 - INFO - ✅ Completed ring R3-C2 with 4 spans.
2025-11-24 21:45:57,430 - INFO - 
🔁 Processing ring: R4
2025-11-24 21:45:57,434 - INFO - ✅ Completed ring R4 with 8 spans.
2025-11-24 21:45:57,434 - INFO - 
🔁 Processing ring: R4-C1
2025-11-24 21:45:57,437 - INFO - ✅ Completed ring R4-C1 with 5 spans.
2025-11-24 21:45:57,437 - INFO - 
🔁 Processing ring: R5
2025-11-24 21:45:57,441 - INFO - ✅ Completed ring R5 with 7 spans.
2025-11-24 21:45:57,491 - INFO - Created 1,764 records
2025-11-24 21:45:57,499 - INFO - Created 70 records
2025-11-24 21:45:57,499 - INFO - ✅ All rings processed. Span sequence updated and saved.
