2025-09-30 12:45:51,908 - WARNING - \u26a0\ufe0f Warning: Disconnected segment remains in span 'CHANDODIYA TO T-POINT HANUMANTYA PADAMPURA'.
2025-09-30 12:45:51,910 - WARNING - \u26a0\ufe0f The Span CHANDODIYA TO T-POINT HANUMANTYA PADAMPURA is disconnected at this point (75.13774522800003, 22.774975760000075)
2025-09-30 12:45:55,942 - INFO - Created 3,382 records
2025-09-30 12:45:55,951 - INFO - Created 105 records
2025-09-30 12:45:55,952 - INFO - \u2705 Sequence assigned and saved with original index preserved.
2025-09-30 12:45:55,955 - INFO - Created 1 records
2025-09-30 12:45:56,140 - INFO - \U0001f504 Found 12 rings: ['R1', 'R2', 'R2-C1', 'R3', 'R4', 'R4-C1', 'R5', 'R5-C1', 'R5-C2', 'R6', 'R7', 'R7-C1']
2025-09-30 12:45:56,140 - INFO - 
\U0001f501 Processing ring: R1
2025-09-30 12:45:56,147 - INFO - \u2705 Completed ring R1 with 8 spans.
2025-09-30 12:45:56,147 - INFO - 
\U0001f501 Processing ring: R2
2025-09-30 12:45:56,157 - INFO - \u2705 Completed ring R2 with 11 spans.
2025-09-30 12:45:56,157 - INFO - 
\U0001f501 Processing ring: R2-C1
2025-09-30 12:45:56,163 - INFO - \u2705 Completed ring R2-C1 with 6 spans.
2025-09-30 12:45:56,164 - INFO - 
\U0001f501 Processing ring: R3
2025-09-30 12:45:56,175 - INFO - \u2705 Completed ring R3 with 9 spans.
2025-09-30 12:45:56,175 - INFO - 
\U0001f501 Processing ring: R4
2025-09-30 12:45:56,186 - INFO - \u2705 Completed ring R4 with 10 spans.
2025-09-30 12:45:56,186 - INFO - 
\U0001f501 Processing ring: R4-C1
2025-09-30 12:45:56,198 - INFO - \u2705 Completed ring R4-C1 with 10 spans.
2025-09-30 12:45:56,199 - INFO - 
\U0001f501 Processing ring: R5
2025-09-30 12:45:56,211 - INFO - \u2705 Completed ring R5 with 11 spans.
2025-09-30 12:45:56,212 - INFO - 
\U0001f501 Processing ring: R5-C1
2025-09-30 12:45:56,220 - INFO - \u2705 Completed ring R5-C1 with 8 spans.
2025-09-30 12:45:56,220 - INFO - 
\U0001f501 Processing ring: R5-C2
2025-09-30 12:45:56,223 - INFO - \u2705 Completed ring R5-C2 with 2 spans.
2025-09-30 12:45:56,223 - INFO - 
\U0001f501 Processing ring: R6
2025-09-30 12:45:56,231 - INFO - \u2705 Completed ring R6 with 10 spans.
2025-09-30 12:45:56,232 - INFO - 
\U0001f501 Processing ring: R7
2025-09-30 12:45:56,239 - INFO - \u2705 Completed ring R7 with 9 spans.
2025-09-30 12:45:56,239 - INFO - 
\U0001f501 Processing ring: R7-C1
2025-09-30 12:45:56,244 - INFO - \u2705 Completed ring R7-C1 with 5 spans.
2025-09-30 12:45:56,430 - INFO - Created 3,382 records
2025-09-30 12:45:56,445 - INFO - Created 105 records
2025-09-30 12:45:56,446 - INFO - \u2705 All rings processed. Span sequence updated and saved.
