2025-11-23 20:05:38,363 - WARNING - ⚠️ Warning: Disconnected segment remains in span 'JAMUNIAKALAN TO NEEMUCH BLOCK'.
2025-11-23 20:05:38,364 - WARNING - ⚠️ The Span JAMUNIAKALAN TO NEEMUCH BLOCK is disconnected at this point (74.86450369800008, 24.467305602000067)
2025-11-23 20:05:38,652 - WARNING -  ⚠️ The Geometry is multiline string starting at (74.90927943168914, 24.243243210434933) & ending at (74.92306111700003, 24.245884189000037)
2025-11-23 20:05:38,652 - ERROR - ❌ Error in get_start_end_coords: Unsupported geometry type: <class 'NoneType'>
2025-11-23 20:05:38,653 - WARNING -  ⚠️ The Geometry is multiline string starting at (74.90927943168914, 24.243243210434933) & ending at (74.92306111700003, 24.245884189000037)
2025-11-23 20:05:38,653 - ERROR - ❌ Error in get_start_end_coords: Unsupported geometry type: <class 'NoneType'>
2025-11-23 20:05:38,658 - WARNING - ⚠️ Warning: Disconnected segment remains in span 'KUCHHOD TO PHOPHLIYA'.
2025-11-23 20:05:38,658 - WARNING - ⚠️ The Span KUCHHOD TO PHOPHLIYA is disconnected at this point (74.92620702900007, 24.246912216000055)
2025-11-23 20:05:38,782 - WARNING - ⚠️ Warning: Disconnected segment remains in span 'NEEMUCH BLOCK TO BHATKHEDA'.
2025-11-23 20:05:38,782 - WARNING - ⚠️ The Span NEEMUCH BLOCK TO BHATKHEDA is disconnected at this point (74.89035328600005, 24.45344153600007)
2025-11-23 20:05:39,454 - INFO - Created 1,816 records
2025-11-23 20:05:39,463 - INFO - Created 65 records
2025-11-23 20:05:39,464 - INFO - ✅ Sequence assigned and saved with original index preserved.
2025-11-23 20:05:39,465 - INFO - Created 3 records
2025-11-23 20:05:39,515 - INFO - 🔄 Found 9 rings: ['R1', 'R1-C1', 'R1-C2', 'R2', 'R2-C1', 'R3', 'R3-C1', 'R4', 'R4-C1']
2025-11-23 20:05:39,515 - INFO - 
🔁 Processing ring: R1
2025-11-23 20:05:39,519 - INFO - ✅ Completed ring R1 with 8 spans.
2025-11-23 20:05:39,519 - INFO - 
🔁 Processing ring: R1-C1
2025-11-23 20:05:39,521 - INFO - ✅ Completed ring R1-C1 with 3 spans.
2025-11-23 20:05:39,521 - INFO - 
🔁 Processing ring: R1-C2
2025-11-23 20:05:39,524 - INFO - ✅ Completed ring R1-C2 with 6 spans.
2025-11-23 20:05:39,524 - INFO - 
🔁 Processing ring: R2
2025-11-23 20:05:39,528 - INFO - ✅ Completed ring R2 with 10 spans.
2025-11-23 20:05:39,528 - INFO - 
🔁 Processing ring: R2-C1
2025-11-23 20:05:39,531 - INFO - ✅ Completed ring R2-C1 with 7 spans.
2025-11-23 20:05:39,531 - INFO - 
🔁 Processing ring: R3
2025-11-23 20:05:39,536 - INFO - ✅ Completed ring R3 with 11 spans.
2025-11-23 20:05:39,536 - INFO - 
🔁 Processing ring: R3-C1
2025-11-23 20:05:39,538 - INFO - ✅ Completed ring R3-C1 with 4 spans.
2025-11-23 20:05:39,538 - INFO - 
🔁 Processing ring: R4
2025-11-23 20:05:39,540 - INFO - ✅ Completed ring R4 with 1 spans.
2025-11-23 20:05:39,540 - INFO - 
🔁 Processing ring: R4-C1
2025-11-23 20:05:39,542 - INFO - ✅ Completed ring R4-C1 with 5 spans.
2025-11-23 20:05:39,594 - INFO - Created 1,816 records
2025-11-23 20:05:39,606 - INFO - Created 65 records
2025-11-23 20:05:39,606 - INFO - ✅ All rings processed. Span sequence updated and saved.
