2025-09-01 23:31:28,637 - ERROR - ❌ Error in get_start_end_coords: Unsupported geometry type: <class 'NoneType'>
2025-09-01 23:31:28,639 - ERROR - ❌ Error in get_start_end_coords: Unsupported geometry type: <class 'NoneType'>
2025-09-01 23:31:28,657 - WARNING - ⚠️ Warning: Disconnected segment remains in span 'PAWAI TO ATER'.
2025-09-01 23:31:28,657 - WARNING - ⚠️ The Span PAWAI TO ATER is disconnected at this point (78.64511196700005, 26.748037930000066)
2025-09-01 23:31:29,373 - WARNING - ⚠️ Warning: Disconnected segment remains in span 'T-POINT KOSAD TO BIJORA'.
2025-09-01 23:31:29,374 - WARNING - ⚠️ The Span T-POINT KOSAD TO BIJORA is disconnected at this point (78.78706951000004, 26.73502299000006)
2025-09-01 23:31:29,707 - INFO - Created 1,860 records
2025-09-01 23:31:29,713 - INFO - Created 96 records
2025-09-01 23:31:29,713 - INFO - ✅ Sequence assigned and saved with original index preserved.
2025-09-01 23:31:29,715 - INFO - Created 2 records
2025-09-01 23:31:29,760 - INFO - 🔄 Found 7 rings: ['R1', 'R1-C1', 'R2', 'R3', 'R3-C1', 'R4', 'R4-C1']
2025-09-01 23:31:29,760 - INFO - 
🔁 Processing ring: R1
2025-09-01 23:31:29,767 - INFO - ✅ Completed ring R1 with 15 spans.
2025-09-01 23:31:29,767 - INFO - 
🔁 Processing ring: R1-C1
2025-09-01 23:31:29,771 - INFO - ✅ Completed ring R1-C1 with 9 spans.
2025-09-01 23:31:29,771 - INFO - 
🔁 Processing ring: R2
2025-09-01 23:31:29,776 - INFO - ✅ Completed ring R2 with 11 spans.
2025-09-01 23:31:29,776 - INFO - 
🔁 Processing ring: R3
2025-09-01 23:31:29,784 - INFO - ✅ Completed ring R3 with 18 spans.
2025-09-01 23:31:29,784 - INFO - 
🔁 Processing ring: R3-C1
2025-09-01 23:31:29,788 - INFO - ✅ Completed ring R3-C1 with 9 spans.
2025-09-01 23:31:29,788 - INFO - 
🔁 Processing ring: R4
2025-09-01 23:31:29,794 - INFO - ✅ Completed ring R4 with 11 spans.
2025-09-01 23:31:29,794 - INFO - 
🔁 Processing ring: R4-C1
2025-09-01 23:31:29,796 - INFO - ✅ Completed ring R4-C1 with 4 spans.
2025-09-01 23:31:29,846 - INFO - Created 1,860 records
2025-09-01 23:31:29,852 - INFO - Created 96 records
2025-09-01 23:31:29,852 - INFO - ✅ All rings processed. Span sequence updated and saved.
