2025-11-06 01:51:58,637 - WARNING - ⚠️ Warning: Disconnected segment remains in span 'REHLI BLOCK TO SAMNAPUR KALAN'.
2025-11-06 01:51:58,638 - WARNING - ⚠️ The Span REHLI BLOCK TO SAMNAPUR KALAN is disconnected at this point (78.99948200000006, 23.66075900000004)
2025-11-06 01:51:59,790 - INFO - Created 3,417 records
2025-11-06 01:51:59,808 - INFO - Created 104 records
2025-11-06 01:51:59,808 - INFO - ✅ Sequence assigned and saved with original index preserved.
2025-11-06 01:51:59,810 - INFO - Created 1 records
2025-11-06 01:51:59,905 - INFO - 🔄 Found 15 rings: ['R1', 'R1-C1', 'R1-C2', 'R2', 'R2-C1', 'R2-C2', 'R3', 'R3-C1', 'R3-C2', 'R3-C3', 'R4', 'R5', 'R5-C1', 'R6', 'R6-C1']
2025-11-06 01:51:59,905 - INFO - 
🔁 Processing ring: R1
2025-11-06 01:51:59,910 - INFO - ✅ Completed ring R1 with 10 spans.
2025-11-06 01:51:59,910 - INFO - 
🔁 Processing ring: R1-C1
2025-11-06 01:51:59,914 - INFO - ✅ Completed ring R1-C1 with 7 spans.
2025-11-06 01:51:59,914 - INFO - 
🔁 Processing ring: R1-C2
2025-11-06 01:51:59,917 - INFO - ✅ Completed ring R1-C2 with 4 spans.
2025-11-06 01:51:59,917 - INFO - 
🔁 Processing ring: R2
2025-11-06 01:51:59,922 - INFO - ✅ Completed ring R2 with 10 spans.
2025-11-06 01:51:59,922 - INFO - 
🔁 Processing ring: R2-C1
2025-11-06 01:51:59,925 - INFO - ✅ Completed ring R2-C1 with 8 spans.
2025-11-06 01:51:59,926 - INFO - 
🔁 Processing ring: R2-C2
2025-11-06 01:51:59,928 - INFO - ✅ Completed ring R2-C2 with 4 spans.
2025-11-06 01:51:59,928 - INFO - 
🔁 Processing ring: R3
2025-11-06 01:51:59,933 - INFO - ✅ Completed ring R3 with 11 spans.
2025-11-06 01:51:59,933 - INFO - 
🔁 Processing ring: R3-C1
2025-11-06 01:51:59,936 - INFO - ✅ Completed ring R3-C1 with 6 spans.
2025-11-06 01:51:59,936 - INFO - 
🔁 Processing ring: R3-C2
2025-11-06 01:51:59,938 - INFO - ✅ Completed ring R3-C2 with 4 spans.
2025-11-06 01:51:59,938 - INFO - 
🔁 Processing ring: R3-C3
2025-11-06 01:51:59,940 - INFO - ✅ Completed ring R3-C3 with 3 spans.
2025-11-06 01:51:59,940 - INFO - 
🔁 Processing ring: R4
2025-11-06 01:51:59,944 - INFO - ✅ Completed ring R4 with 9 spans.
2025-11-06 01:51:59,944 - INFO - 
🔁 Processing ring: R5
2025-11-06 01:51:59,949 - INFO - ✅ Completed ring R5 with 9 spans.
2025-11-06 01:51:59,949 - INFO - 
🔁 Processing ring: R5-C1
2025-11-06 01:51:59,950 - INFO - ✅ Completed ring R5-C1 with 2 spans.
2025-11-06 01:51:59,950 - INFO - 
🔁 Processing ring: R6
2025-11-06 01:51:59,956 - INFO - ✅ Completed ring R6 with 11 spans.
2025-11-06 01:51:59,956 - INFO - 
🔁 Processing ring: R6-C1
2025-11-06 01:51:59,957 - INFO - ✅ Completed ring R6-C1 with 3 spans.
2025-11-06 01:52:00,061 - INFO - Created 3,417 records
2025-11-06 01:52:00,081 - INFO - Created 104 records
2025-11-06 01:52:00,081 - INFO - ✅ All rings processed. Span sequence updated and saved.
